192.168.1.15 - - [05/May/2026:16:53:29 +0000] "GET /dashboard HTTP/1.1" 200 12669 "-" "Mozilla/5.0 (X11; Linux x86_64) AppleWebKit/537.36"
192.168.1.15 - - [05/May/2026:16:53:53 +0000] "GET /dashboard HTTP/1.1" 200 22794 "-" "Mozilla/5.0 (Macintosh; Intel Mac OS X 10_15_7) AppleWebKit/605.1.15"
10.0.0.45 - - [05/May/2026:16:54:01 +0000] "GET /static/css/main.css HTTP/1.1" 304 21758 "-" "Mozilla/5.0 (Windows NT 10.0; Win64; x64) AppleWebKit/537.36"
192.168.1.22 - - [05/May/2026:16:54:11 +0000] "GET /dashboard HTTP/1.1" 200 26953 "-" "Mozilla/5.0 (X11; Linux x86_64) AppleWebKit/537.36"
192.168.1.15 - - [05/May/2026:16:54:14 +0000] "GET /dashboard HTTP/1.1" 200 7199 "-" "Mozilla/5.0 (Windows NT 10.0; Win64; x64) AppleWebKit/537.36"
172.16.0.100 - - [05/May/2026:16:54:55 +0000] "GET /api/v1/users HTTP/1.1" 200 24697 "-" "Mozilla/5.0 (Macintosh; Intel Mac OS X 10_15_7) AppleWebKit/605.1.15"
May 05 16:55:19 server sshd[2854]: Accepted publickey for alice from 192.168.1.10 port 51537 ssh2
192.168.1.10 - - [05/May/2026:16:55:38 +0000] "GET /api/v1/users HTTP/1.1" 200 38640 "-" "Mozilla/5.0 (Windows NT 10.0; Win64; x64) AppleWebKit/537.36"
172.16.0.101 - - [05/May/2026:16:55:48 +0000] "GET /products HTTP/1.1" 200 998 "-" "Mozilla/5.0 (Windows NT 10.0; Win64; x64) AppleWebKit/537.36"
212.193.30.11 - - [05/May/2026:16:56:29 +0000] "GET /phpmyadmin/ HTTP/1.1" 404 1592 "-" "Mozilla/5.0 (X11; Linux x86_64) AppleWebKit/537.36"
10.0.0.45 - - [05/May/2026:16:56:39 +0000] "GET /login HTTP/1.1" 200 16107 "-" "Mozilla/5.0 (Macintosh; Intel Mac OS X 10_15_7) AppleWebKit/605.1.15"
212.193.30.11 - - [05/May/2026:16:56:50 +0000] "GET /page?file=../../../../etc/shadow HTTP/1.1" 401 280 "-" "Wget/1.21.2"
192.168.1.10 - - [05/May/2026:16:57:33 +0000] "GET /about.html HTTP/1.1" 200 940 "-" "Mozilla/5.0 (Macintosh; Intel Mac OS X 10_15_7) AppleWebKit/605.1.15"
10.0.0.45 - - [05/May/2026:16:57:49 +0000] "GET /login HTTP/1.1" 200 46118 "-" "Mozilla/5.0 (X11; Linux x86_64) AppleWebKit/537.36"
2026-05-05 16:57:51 firewall: blocked port scan from 185.143.223.91 (ports: 22,23,80,443,3306,3389)
May 05 16:57:54 server sshd[3452]: Accepted publickey for charlie from 192.168.1.10 port 62160 ssh2
172.16.0.100 - - [05/May/2026:16:58:08 +0000] "GET /api/v1/status HTTP/1.1" 200 11168 "-" "Mozilla/5.0 (Windows NT 10.0; Win64; x64) AppleWebKit/537.36"
172.16.0.100 - - [05/May/2026:16:58:50 +0000] "GET /products HTTP/1.1" 200 9558 "-" "Mozilla/5.0 (Macintosh; Intel Mac OS X 10_15_7) AppleWebKit/605.1.15"
10.0.0.45 - - [05/May/2026:16:58:59 +0000] "GET /api/v1/status HTTP/1.1" 304 33690 "-" "Mozilla/5.0 (Macintosh; Intel Mac OS X 10_15_7) AppleWebKit/605.1.15"
May 05 16:59:21 server sshd[5719]: Accepted publickey for charlie from 10.0.0.45 port 31650 ssh2
May 05 16:59:32 server sshd[9869]: Accepted publickey for charlie from 172.16.0.101 port 61430 ssh2
2026-05-05 16:59:32 firewall: blocked port scan from 185.143.223.91 (ports: 22,23,80,443,3306,3389)
10.0.0.45 - - [05/May/2026:17:00:00 +0000] "GET /contact HTTP/1.1" 200 36908 "-" "Mozilla/5.0 (X11; Linux x86_64) AppleWebKit/537.36"
45.33.32.156 - - [05/May/2026:17:00:21 +0000] "GET /wp-login.php HTTP/1.1" 403 419 "-" "python-requests/2.31.0"
May 05 17:00:40 server sshd[4873]: Accepted publickey for alice from 172.16.0.101 port 28593 ssh2
May 05 17:00:41 server sshd[2134]: Accepted publickey for charlie from 192.168.1.10 port 33654 ssh2
172.16.0.101 - - [05/May/2026:17:01:37 +0000] "GET /static/js/app.js HTTP/1.1" 200 28226 "-" "Mozilla/5.0 (Macintosh; Intel Mac OS X 10_15_7) AppleWebKit/605.1.15"
May 05 17:01:43 server sshd[7276]: Failed password for ec2-user from 103.143.207.52 port 45285 ssh2
May 05 17:02:04 server sshd[3190]: Accepted publickey for alice from 192.168.1.15 port 32479 ssh2
172.16.0.101 - - [05/May/2026:17:02:46 +0000] "GET /api/v1/users HTTP/1.1" 200 9002 "-" "Mozilla/5.0 (Macintosh; Intel Mac OS X 10_15_7) AppleWebKit/605.1.15"
May 05 17:02:53 server sshd[1116]: Failed password for ftp from 194.26.29.10 port 61085 ssh2
May 05 17:02:54 server sshd[5717]: Accepted publickey for charlie from 172.16.0.101 port 33706 ssh2
10.0.0.45 - - [05/May/2026:17:03:01 +0000] "GET /api/v1/users HTTP/1.1" 200 44091 "-" "Mozilla/5.0 (Macintosh; Intel Mac OS X 10_15_7) AppleWebKit/605.1.15"
10.0.0.45 - - [05/May/2026:17:03:15 +0000] "GET /api/v1/users HTTP/1.1" 304 30855 "-" "Mozilla/5.0 (Macintosh; Intel Mac OS X 10_15_7) AppleWebKit/605.1.15"
May 05 17:03:39 server sshd[9512]: Invalid user admin from 45.33.32.156
10.0.0.45 - - [05/May/2026:17:04:35 +0000] "GET /about.html HTTP/1.1" 304 2642 "-" "Mozilla/5.0 (Macintosh; Intel Mac OS X 10_15_7) AppleWebKit/605.1.15"
192.168.1.22 - - [05/May/2026:17:04:50 +0000] "GET /api/v1/status HTTP/1.1" 200 49444 "-" "Mozilla/5.0 (Macintosh; Intel Mac OS X 10_15_7) AppleWebKit/605.1.15"
May 05 17:05:03 server sshd[8680]: Accepted publickey for alice from 192.168.1.15 port 31504 ssh2
218.92.0.211 - - [05/May/2026:17:05:39 +0000] "GET /page?file=../../../../etc/shadow HTTP/1.1" 404 1594 "-" "Mozilla/5.0 (Macintosh; Intel Mac OS X 10_15_7) AppleWebKit/605.1.15"
192.168.1.15 - - [05/May/2026:17:06:29 +0000] "GET /api/v1/users HTTP/1.1" 200 37494 "-" "Mozilla/5.0 (X11; Linux x86_64) AppleWebKit/537.36"
May 05 17:07:13 server sshd[6356]: Accepted publickey for deploy from 192.168.1.15 port 63073 ssh2
192.168.1.22 - - [05/May/2026:17:07:53 +0000] "GET /about.html HTTP/1.1" 304 37650 "-" "Mozilla/5.0 (X11; Linux x86_64) AppleWebKit/537.36"
172.16.0.100 - - [05/May/2026:17:08:40 +0000] "GET /contact HTTP/1.1" 200 21805 "-" "Mozilla/5.0 (X11; Linux x86_64) AppleWebKit/537.36"
192.168.1.10 - - [05/May/2026:17:09:19 +0000] "GET /profile HTTP/1.1" 200 48807 "-" "Mozilla/5.0 (X11; Linux x86_64) AppleWebKit/537.36"
May 05 17:09:44 server sshd[6246]: Accepted publickey for bob from 172.16.0.100 port 56434 ssh2
May 05 17:09:56 server sshd[5049]: Accepted publickey for charlie from 192.168.1.15 port 21281 ssh2
192.168.1.22 - - [05/May/2026:17:10:04 +0000] "GET /dashboard HTTP/1.1" 200 35037 "-" "Mozilla/5.0 (Macintosh; Intel Mac OS X 10_15_7) AppleWebKit/605.1.15"
May 05 17:10:16 server sshd[2908]: Accepted publickey for deploy from 172.16.0.100 port 31826 ssh2
172.16.0.100 - - [05/May/2026:17:10:57 +0000] "GET /about.html HTTP/1.1" 304 11924 "-" "Mozilla/5.0 (Macintosh; Intel Mac OS X 10_15_7) AppleWebKit/605.1.15"
192.168.1.22 - - [05/May/2026:17:11:13 +0000] "GET /login HTTP/1.1" 304 16427 "-" "Mozilla/5.0 (Windows NT 10.0; Win64; x64) AppleWebKit/537.36"
192.168.1.10 - - [05/May/2026:17:12:01 +0000] "GET /api/v1/status HTTP/1.1" 200 48289 "-" "Mozilla/5.0 (X11; Linux x86_64) AppleWebKit/537.36"
May 05 17:12:55 server sshd[5346]: Failed password for root from 45.33.32.156 port 56320 ssh2
172.16.0.100 - - [05/May/2026:17:13:11 +0000] "GET / HTTP/1.1" 200 13737 "-" "Mozilla/5.0 (Windows NT 10.0; Win64; x64) AppleWebKit/537.36"
May 05 17:13:13 server sshd[9426]: Accepted publickey for charlie from 172.16.0.101 port 43420 ssh2
May 05 17:13:17 server sshd[6254]: Accepted publickey for alice from 192.168.1.15 port 27174 ssh2
May 05 17:13:38 server sshd[6723]: Accepted publickey for deploy from 172.16.0.101 port 64800 ssh2
May 05 17:14:04 server sshd[1374]: Accepted publickey for alice from 192.168.1.15 port 29778 ssh2
192.168.1.22 - - [05/May/2026:17:14:19 +0000] "GET /api/v1/users HTTP/1.1" 304 13138 "-" "Mozilla/5.0 (Windows NT 10.0; Win64; x64) AppleWebKit/537.36"
192.168.1.10 - - [05/May/2026:17:14:39 +0000] "GET /static/js/app.js HTTP/1.1" 200 14289 "-" "Mozilla/5.0 (X11; Linux x86_64) AppleWebKit/537.36"
May 05 17:14:41 server sshd[1393]: Accepted publickey for charlie from 172.16.0.101 port 26060 ssh2
192.168.1.10 - - [05/May/2026:17:15:05 +0000] "GET / HTTP/1.1" 200 48456 "-" "Mozilla/5.0 (Windows NT 10.0; Win64; x64) AppleWebKit/537.36"
May 05 17:15:07 server sshd[7719]: Accepted publickey for deploy from 192.168.1.10 port 50576 ssh2
May 05 17:15:24 server sshd[2981]: Accepted publickey for alice from 192.168.1.15 port 60469 ssh2
192.168.1.10 - - [05/May/2026:17:15:48 +0000] "GET /api/v1/users HTTP/1.1" 200 8097 "-" "Mozilla/5.0 (Windows NT 10.0; Win64; x64) AppleWebKit/537.36"
May 05 17:16:28 server sshd[8170]: Failed password for centos from 103.143.207.52 port 36297 ssh2
172.16.0.100 - - [05/May/2026:17:17:24 +0000] "GET /about.html HTTP/1.1" 200 43139 "-" "Mozilla/5.0 (X11; Linux x86_64) AppleWebKit/537.36"
172.16.0.101 - - [05/May/2026:17:17:59 +0000] "GET /products HTTP/1.1" 304 13112 "-" "Mozilla/5.0 (Macintosh; Intel Mac OS X 10_15_7) AppleWebKit/605.1.15"
172.16.0.100 - - [05/May/2026:17:18:05 +0000] "GET /profile HTTP/1.1" 304 9715 "-" "Mozilla/5.0 (Macintosh; Intel Mac OS X 10_15_7) AppleWebKit/605.1.15"
May 05 17:18:49 server sshd[3885]: Accepted publickey for charlie from 192.168.1.15 port 26583 ssh2
May 05 17:18:55 server sshd[5697]: pam_unix(sshd:auth): authentication failure; logname= uid=0 euid=0 tty=ssh ruser= rhost=194.26.29.10 user=oracle
May 05 17:19:07 server sshd[6351]: Failed password for ec2-user from 45.95.147.6 port 55365 ssh2
212.193.30.11 - - [05/May/2026:17:19:08 +0000] "GET /../../etc/passwd HTTP/1.1" 401 1577 "-" "sqlmap/1.7.2"
172.16.0.100 - - [05/May/2026:17:19:08 +0000] "GET / HTTP/1.1" 200 15498 "-" "Mozilla/5.0 (Macintosh; Intel Mac OS X 10_15_7) AppleWebKit/605.1.15"
172.16.0.101 - - [05/May/2026:17:19:51 +0000] "GET /contact HTTP/1.1" 304 39572 "-" "Mozilla/5.0 (Macintosh; Intel Mac OS X 10_15_7) AppleWebKit/605.1.15"
10.0.0.45 - - [05/May/2026:17:20:23 +0000] "GET /static/js/app.js HTTP/1.1" 200 4452 "-" "Mozilla/5.0 (Windows NT 10.0; Win64; x64) AppleWebKit/537.36"
192.168.1.15 - - [05/May/2026:17:20:24 +0000] "GET / HTTP/1.1" 200 5411 "-" "Mozilla/5.0 (X11; Linux x86_64) AppleWebKit/537.36"
May 05 17:20:49 server sshd[7921]: Accepted publickey for alice from 192.168.1.15 port 28068 ssh2
192.168.1.10 - - [05/May/2026:17:21:28 +0000] "GET /dashboard HTTP/1.1" 200 27523 "-" "Mozilla/5.0 (Windows NT 10.0; Win64; x64) AppleWebKit/537.36"
172.16.0.100 - - [05/May/2026:17:22:08 +0000] "GET /index.html HTTP/1.1" 200 21434 "-" "Mozilla/5.0 (Macintosh; Intel Mac OS X 10_15_7) AppleWebKit/605.1.15"
172.16.0.101 - - [05/May/2026:17:22:55 +0000] "GET / HTTP/1.1" 200 46453 "-" "Mozilla/5.0 (X11; Linux x86_64) AppleWebKit/537.36"
192.168.1.10 - - [05/May/2026:17:23:02 +0000] "GET /api/v1/status HTTP/1.1" 200 33031 "-" "Mozilla/5.0 (X11; Linux x86_64) AppleWebKit/537.36"
192.168.1.22 - - [05/May/2026:17:23:28 +0000] "GET /static/css/main.css HTTP/1.1" 200 16628 "-" "Mozilla/5.0 (Macintosh; Intel Mac OS X 10_15_7) AppleWebKit/605.1.15"
10.0.0.45 - - [05/May/2026:17:23:58 +0000] "GET /products HTTP/1.1" 304 4752 "-" "Mozilla/5.0 (Macintosh; Intel Mac OS X 10_15_7) AppleWebKit/605.1.15"
May 05 17:24:01 server sshd[2644]: Accepted publickey for bob from 172.16.0.101 port 49447 ssh2
192.168.1.10 - - [05/May/2026:17:24:25 +0000] "GET /static/css/main.css HTTP/1.1" 304 3293 "-" "Mozilla/5.0 (X11; Linux x86_64) AppleWebKit/537.36"
May 05 17:24:35 server sshd[1634]: Failed password for admin from 103.143.207.52 port 33580 ssh2
92.118.39.81 - - [05/May/2026:17:24:53 +0000] "GET /cgi-bin/.%2e/.%2e/.%2e/.%2e/bin/sh HTTP/1.1" 500 105 "-" "Mozilla/5.0 (Macintosh; Intel Mac OS X 10_15_7) AppleWebKit/605.1.15"
May 05 17:25:33 server sshd[2759]: pam_unix(sshd:auth): authentication failure; logname= uid=0 euid=0 tty=ssh ruser= rhost=45.95.147.6 user=ubuntu
May 05 17:26:29 server sshd[2665]: Invalid user ubuntu from 61.177.172.140
May 05 17:26:37 server sshd[1996]: pam_unix(sshd:auth): authentication failure; logname= uid=0 euid=0 tty=ssh ruser= rhost=45.95.147.6 user=mysql
192.168.1.15 - - [05/May/2026:17:27:03 +0000] "GET / HTTP/1.1" 200 24166 "-" "Mozilla/5.0 (X11; Linux x86_64) AppleWebKit/537.36"
May 05 17:27:17 server sshd[2871]: Accepted publickey for bob from 192.168.1.15 port 32881 ssh2
192.168.1.15 - - [05/May/2026:17:28:01 +0000] "GET /login HTTP/1.1" 200 29782 "-" "Mozilla/5.0 (Macintosh; Intel Mac OS X 10_15_7) AppleWebKit/605.1.15"
192.168.1.10 - - [05/May/2026:17:29:38 +0000] "GET /login HTTP/1.1" 200 22373 "-" "Mozilla/5.0 (Windows NT 10.0; Win64; x64) AppleWebKit/537.36"
192.168.1.15 - - [05/May/2026:17:29:42 +0000] "GET /about.html HTTP/1.1" 200 17160 "-" "Mozilla/5.0 (Macintosh; Intel Mac OS X 10_15_7) AppleWebKit/605.1.15"
45.33.32.156 - - [05/May/2026:17:29:53 +0000] "GET /wp-login.php HTTP/1.1" 403 644 "-" "sqlmap/1.7.2"
192.168.1.15 - - [05/May/2026:17:29:56 +0000] "GET /dashboard HTTP/1.1" 200 34881 "-" "Mozilla/5.0 (Windows NT 10.0; Win64; x64) AppleWebKit/537.36"
192.168.1.22 - - [05/May/2026:17:30:06 +0000] "GET / HTTP/1.1" 200 8133 "-" "Mozilla/5.0 (Windows NT 10.0; Win64; x64) AppleWebKit/537.36"
172.16.0.101 - - [05/May/2026:17:30:28 +0000] "GET /products HTTP/1.1" 200 1787 "-" "Mozilla/5.0 (X11; Linux x86_64) AppleWebKit/537.36"
192.168.1.15 - - [05/May/2026:17:30:41 +0000] "GET /login HTTP/1.1" 200 47351 "-" "Mozilla/5.0 (X11; Linux x86_64) AppleWebKit/537.36"
172.16.0.101 - - [05/May/2026:17:30:48 +0000] "GET /products HTTP/1.1" 304 698 "-" "Mozilla/5.0 (Macintosh; Intel Mac OS X 10_15_7) AppleWebKit/605.1.15"
172.16.0.100 - - [05/May/2026:17:31:38 +0000] "GET /dashboard HTTP/1.1" 200 26386 "-" "Mozilla/5.0 (X11; Linux x86_64) AppleWebKit/537.36"
192.168.1.10 - - [05/May/2026:17:31:42 +0000] "GET /about.html HTTP/1.1" 200 17245 "-" "Mozilla/5.0 (X11; Linux x86_64) AppleWebKit/537.36"
May 05 17:32:06 server sshd[8862]: Invalid user ubuntu from 45.33.32.156
May 05 17:32:36 server sshd[8158]: Accepted publickey for charlie from 192.168.1.15 port 31994 ssh2
192.168.1.10 - - [05/May/2026:17:32:40 +0000] "GET /dashboard HTTP/1.1" 200 45402 "-" "Mozilla/5.0 (Windows NT 10.0; Win64; x64) AppleWebKit/537.36"
172.16.0.100 - - [05/May/2026:17:32:52 +0000] "GET /products HTTP/1.1" 200 27427 "-" "Mozilla/5.0 (Macintosh; Intel Mac OS X 10_15_7) AppleWebKit/605.1.15"
172.16.0.100 - - [05/May/2026:17:33:47 +0000] "GET /dashboard HTTP/1.1" 200 38698 "-" "Mozilla/5.0 (X11; Linux x86_64) AppleWebKit/537.36"
May 05 17:33:58 server sshd[2097]: Connection closed by 45.33.32.156 [preauth]
172.16.0.101 - - [05/May/2026:17:34:03 +0000] "GET / HTTP/1.1" 200 6731 "-" "Mozilla/5.0 (X11; Linux x86_64) AppleWebKit/537.36"
172.16.0.101 - - [05/May/2026:17:34:10 +0000] "GET /contact HTTP/1.1" 200 3841 "-" "Mozilla/5.0 (X11; Linux x86_64) AppleWebKit/537.36"
May 05 17:34:29 server sshd[2458]: Accepted publickey for alice from 172.16.0.100 port 46918 ssh2
May 05 17:35:15 server sshd[3401]: Accepted publickey for deploy from 172.16.0.101 port 27337 ssh2
May 05 17:36:28 server sshd[9326]: Accepted publickey for charlie from 172.16.0.101 port 22001 ssh2
192.168.1.22 - - [05/May/2026:17:37:34 +0000] "GET /about.html HTTP/1.1" 200 8380 "-" "Mozilla/5.0 (Macintosh; Intel Mac OS X 10_15_7) AppleWebKit/605.1.15"
10.0.0.45 - - [05/May/2026:17:38:26 +0000] "GET /about.html HTTP/1.1" 200 25420 "-" "Mozilla/5.0 (X11; Linux x86_64) AppleWebKit/537.36"
192.168.1.15 - - [05/May/2026:17:38:33 +0000] "GET /static/js/app.js HTTP/1.1" 304 24997 "-" "Mozilla/5.0 (Macintosh; Intel Mac OS X 10_15_7) AppleWebKit/605.1.15"
May 05 17:38:59 server sshd[9848]: Failed password for test from 45.33.32.156 port 23068 ssh2
May 05 17:39:19 server sshd[3585]: Accepted publickey for alice from 192.168.1.10 port 53482 ssh2
172.16.0.100 - - [05/May/2026:17:40:03 +0000] "GET /api/v1/users HTTP/1.1" 200 17450 "-" "Mozilla/5.0 (Windows NT 10.0; Win64; x64) AppleWebKit/537.36"
10.0.0.45 - - [05/May/2026:17:40:29 +0000] "GET /profile HTTP/1.1" 200 44054 "-" "Mozilla/5.0 (X11; Linux x86_64) AppleWebKit/537.36"
May 05 17:40:43 server sshd[9268]: Accepted publickey for deploy from 192.168.1.22 port 29859 ssh2
192.168.1.10 - - [05/May/2026:17:40:50 +0000] "GET / HTTP/1.1" 200 36665 "-" "Mozilla/5.0 (X11; Linux x86_64) AppleWebKit/537.36"
May 05 17:41:11 server sshd[6460]: Accepted publickey for bob from 172.16.0.101 port 44732 ssh2
139.59.45.187 - - [05/May/2026:17:41:22 +0000] "GET /page?file=../../../../etc/shadow HTTP/1.1" 404 699 "-" "Mozilla/5.0 (Windows NT 10.0; Win64; x64) AppleWebKit/537.36"
172.16.0.100 - - [05/May/2026:17:42:01 +0000] "GET /index.html HTTP/1.1" 200 1261 "-" "Mozilla/5.0 (Windows NT 10.0; Win64; x64) AppleWebKit/537.36"
10.0.0.45 - - [05/May/2026:17:42:35 +0000] "GET /api/v1/status HTTP/1.1" 304 16435 "-" "Mozilla/5.0 (X11; Linux x86_64) AppleWebKit/537.36"
10.0.0.45 - - [05/May/2026:17:42:53 +0000] "GET /api/v1/users HTTP/1.1" 200 40595 "-" "Mozilla/5.0 (Macintosh; Intel Mac OS X 10_15_7) AppleWebKit/605.1.15"
192.168.1.15 - - [05/May/2026:17:43:17 +0000] "GET /dashboard HTTP/1.1" 200 17927 "-" "Mozilla/5.0 (X11; Linux x86_64) AppleWebKit/537.36"
172.16.0.100 - - [05/May/2026:17:43:25 +0000] "GET / HTTP/1.1" 200 9508 "-" "Mozilla/5.0 (Macintosh; Intel Mac OS X 10_15_7) AppleWebKit/605.1.15"
172.16.0.100 - - [05/May/2026:17:43:25 +0000] "GET /dashboard HTTP/1.1" 200 28347 "-" "Mozilla/5.0 (Windows NT 10.0; Win64; x64) AppleWebKit/537.36"
192.168.1.10 - - [05/May/2026:17:43:39 +0000] "GET /contact HTTP/1.1" 200 38936 "-" "Mozilla/5.0 (X11; Linux x86_64) AppleWebKit/537.36"
May 05 17:44:06 server sshd[6598]: Accepted publickey for alice from 10.0.0.45 port 32227 ssh2
172.16.0.100 - - [05/May/2026:17:44:22 +0000] "GET /about.html HTTP/1.1" 200 47340 "-" "Mozilla/5.0 (Macintosh; Intel Mac OS X 10_15_7) AppleWebKit/605.1.15"
May 05 17:45:01 server sshd[5949]: Accepted publickey for charlie from 192.168.1.22 port 52479 ssh2
192.168.1.22 - - [05/May/2026:17:45:02 +0000] "GET /index.html HTTP/1.1" 200 22287 "-" "Mozilla/5.0 (X11; Linux x86_64) AppleWebKit/537.36"
May 05 17:46:16 server sshd[1517]: Failed password for ftp from 45.95.147.6 port 32664 ssh2
May 05 17:46:44 server sshd[7587]: Accepted publickey for deploy from 192.168.1.10 port 24140 ssh2
May 05 17:47:26 server sshd[4026]: Accepted publickey for charlie from 192.168.1.10 port 45855 ssh2
172.16.0.100 - - [05/May/2026:17:47:38 +0000] "GET /login HTTP/1.1" 304 48307 "-" "Mozilla/5.0 (Windows NT 10.0; Win64; x64) AppleWebKit/537.36"
172.16.0.101 - - [05/May/2026:17:47:48 +0000] "GET /login HTTP/1.1" 200 46387 "-" "Mozilla/5.0 (Macintosh; Intel Mac OS X 10_15_7) AppleWebKit/605.1.15"
172.16.0.100 - - [05/May/2026:17:47:55 +0000] "GET /products HTTP/1.1" 200 29522 "-" "Mozilla/5.0 (Macintosh; Intel Mac OS X 10_15_7) AppleWebKit/605.1.15"
May 05 17:48:03 server sshd[3958]: Connection closed by 139.59.45.187 [preauth]
172.16.0.100 - - [05/May/2026:17:48:16 +0000] "GET /dashboard HTTP/1.1" 200 46301 "-" "Mozilla/5.0 (X11; Linux x86_64) AppleWebKit/537.36"
172.16.0.100 - - [05/May/2026:17:48:25 +0000] "GET /login HTTP/1.1" 200 37673 "-" "Mozilla/5.0 (Macintosh; Intel Mac OS X 10_15_7) AppleWebKit/605.1.15"
192.168.1.10 - - [05/May/2026:17:48:44 +0000] "GET /dashboard HTTP/1.1" 200 21049 "-" "Mozilla/5.0 (X11; Linux x86_64) AppleWebKit/537.36"
May 05 17:49:54 server sshd[7250]: Accepted publickey for bob from 10.0.0.45 port 22915 ssh2
May 05 17:50:07 server sshd[9811]: Failed password for postgres from 45.33.32.156 port 56388 ssh2
192.168.1.22 - - [05/May/2026:17:50:37 +0000] "GET /static/css/main.css HTTP/1.1" 200 1003 "-" "Mozilla/5.0 (Windows NT 10.0; Win64; x64) AppleWebKit/537.36"
10.0.0.45 - - [05/May/2026:17:50:51 +0000] "GET /static/css/main.css HTTP/1.1" 200 7054 "-" "Mozilla/5.0 (X11; Linux x86_64) AppleWebKit/537.36"
172.16.0.100 - - [05/May/2026:17:51:38 +0000] "GET /about.html HTTP/1.1" 200 35257 "-" "Mozilla/5.0 (X11; Linux x86_64) AppleWebKit/537.36"
10.0.0.45 - - [05/May/2026:17:52:03 +0000] "GET / HTTP/1.1" 200 21127 "-" "Mozilla/5.0 (Macintosh; Intel Mac OS X 10_15_7) AppleWebKit/605.1.15"
61.177.172.140 - - [05/May/2026:17:52:11 +0000] "GET /wp-content/uploads/ HTTP/1.1" 500 983 "-" "Nikto/2.1.6"
10.0.0.45 - - [05/May/2026:17:52:55 +0000] "GET / HTTP/1.1" 304 30031 "-" "Mozilla/5.0 (Macintosh; Intel Mac OS X 10_15_7) AppleWebKit/605.1.15"
May 05 17:53:11 server sshd[2776]: Accepted publickey for alice from 192.168.1.22 port 45984 ssh2
May 05 17:53:14 server sshd[7965]: Accepted publickey for alice from 172.16.0.100 port 28575 ssh2
192.168.1.22 - - [05/May/2026:17:53:15 +0000] "GET /static/css/main.css HTTP/1.1" 200 9072 "-" "Mozilla/5.0 (X11; Linux x86_64) AppleWebKit/537.36"
May 05 17:54:38 server sshd[7971]: Accepted publickey for alice from 192.168.1.15 port 30503 ssh2
192.168.1.22 - - [05/May/2026:17:54:44 +0000] "GET /api/v1/status HTTP/1.1" 304 4912 "-" "Mozilla/5.0 (Macintosh; Intel Mac OS X 10_15_7) AppleWebKit/605.1.15"
192.168.1.15 - - [05/May/2026:17:54:54 +0000] "GET /about.html HTTP/1.1" 200 28561 "-" "Mozilla/5.0 (Macintosh; Intel Mac OS X 10_15_7) AppleWebKit/605.1.15"
May 05 17:55:06 server sshd[7103]: Failed password for admin from 185.143.223.91 port 52988 ssh2
May 05 17:56:06 server sshd[9102]: Accepted publickey for deploy from 172.16.0.100 port 56623 ssh2
192.168.1.10 - - [05/May/2026:17:56:08 +0000] "GET /dashboard HTTP/1.1" 200 29603 "-" "Mozilla/5.0 (Windows NT 10.0; Win64; x64) AppleWebKit/537.36"
172.16.0.101 - - [05/May/2026:17:56:34 +0000] "GET / HTTP/1.1" 200 35683 "-" "Mozilla/5.0 (Windows NT 10.0; Win64; x64) AppleWebKit/537.36"
May 05 17:57:04 server sshd[4340]: Failed password for root from 194.26.29.10 port 54652 ssh2
10.0.0.45 - - [05/May/2026:17:57:16 +0000] "GET /static/css/main.css HTTP/1.1" 200 46141 "-" "Mozilla/5.0 (X11; Linux x86_64) AppleWebKit/537.36"
May 05 17:57:28 server sshd[7963]: pam_unix(sshd:auth): authentication failure; logname= uid=0 euid=0 tty=ssh ruser= rhost=92.118.39.81 user=oracle
192.168.1.15 - - [05/May/2026:17:58:32 +0000] "GET /login HTTP/1.1" 200 33494 "-" "Mozilla/5.0 (Macintosh; Intel Mac OS X 10_15_7) AppleWebKit/605.1.15"
172.16.0.101 - - [05/May/2026:17:58:41 +0000] "GET /api/v1/users HTTP/1.1" 200 13398 "-" "Mozilla/5.0 (Windows NT 10.0; Win64; x64) AppleWebKit/537.36"
192.168.1.10 - - [05/May/2026:17:58:55 +0000] "GET /api/v1/status HTTP/1.1" 200 24649 "-" "Mozilla/5.0 (Macintosh; Intel Mac OS X 10_15_7) AppleWebKit/605.1.15"
192.168.1.22 - - [05/May/2026:17:58:56 +0000] "GET /profile HTTP/1.1" 200 17176 "-" "Mozilla/5.0 (Macintosh; Intel Mac OS X 10_15_7) AppleWebKit/605.1.15"
May 05 17:59:08 server sshd[5677]: Accepted publickey for deploy from 192.168.1.15 port 55210 ssh2
103.143.207.52 - - [05/May/2026:18:00:01 +0000] "GET /page?file=../../../../etc/shadow HTTP/1.1" 404 1778 "-" "Mozilla/5.0 (Macintosh; Intel Mac OS X 10_15_7) AppleWebKit/605.1.15"
172.16.0.101 - - [05/May/2026:18:00:22 +0000] "GET /index.html HTTP/1.1" 304 25864 "-" "Mozilla/5.0 (Windows NT 10.0; Win64; x64) AppleWebKit/537.36"
May 05 18:00:43 server sshd[8385]: Accepted publickey for alice from 172.16.0.101 port 48730 ssh2
192.168.1.15 - - [05/May/2026:18:00:57 +0000] "GET /products HTTP/1.1" 200 32565 "-" "Mozilla/5.0 (Windows NT 10.0; Win64; x64) AppleWebKit/537.36"
May 05 18:01:16 server sshd[7334]: Connection closed by 45.33.32.156 [preauth]
May 05 18:02:20 server sshd[4759]: Accepted publickey for charlie from 172.16.0.100 port 41693 ssh2
May 05 18:02:54 server sshd[2701]: Failed password for mysql from 45.33.32.156 port 53731 ssh2
10.0.0.45 - - [05/May/2026:18:03:45 +0000] "GET /products HTTP/1.1" 304 4888 "-" "Mozilla/5.0 (Macintosh; Intel Mac OS X 10_15_7) AppleWebKit/605.1.15"
May 05 18:04:03 server sshd[2080]: Accepted publickey for charlie from 192.168.1.15 port 51136 ssh2
May 05 18:04:11 server sshd[5290]: Failed password for test from 45.95.147.6 port 48016 ssh2
May 05 18:04:38 server sshd[1255]: Accepted publickey for alice from 10.0.0.45 port 62060 ssh2
192.168.1.10 - - [05/May/2026:18:05:15 +0000] "GET /static/js/app.js HTTP/1.1" 304 34086 "-" "Mozilla/5.0 (X11; Linux x86_64) AppleWebKit/537.36"
172.16.0.101 - - [05/May/2026:18:05:16 +0000] "GET /dashboard HTTP/1.1" 304 38463 "-" "Mozilla/5.0 (Macintosh; Intel Mac OS X 10_15_7) AppleWebKit/605.1.15"
May 05 18:05:37 server sshd[6014]: Accepted publickey for alice from 192.168.1.15 port 40611 ssh2
103.143.207.52 - - [05/May/2026:18:06:11 +0000] "POST /backup.sql HTTP/1.1" 500 433 "-" "Nmap Scripting Engine"
May 05 18:06:14 server sshd[7247]: Failed password for ec2-user from 139.59.45.187 port 36556 ssh2
192.168.1.10 - - [05/May/2026:18:06:15 +0000] "GET /index.html HTTP/1.1" 304 33265 "-" "Mozilla/5.0 (Windows NT 10.0; Win64; x64) AppleWebKit/537.36"
10.0.0.45 - - [05/May/2026:18:06:37 +0000] "GET /static/js/app.js HTTP/1.1" 200 17132 "-" "Mozilla/5.0 (Macintosh; Intel Mac OS X 10_15_7) AppleWebKit/605.1.15"
May 05 18:07:07 server sshd[8878]: Failed password for ftp from 139.59.45.187 port 45312 ssh2
45.33.32.156 - - [05/May/2026:18:07:11 +0000] "GET /.env HTTP/1.1" 500 1044 "-" "sqlmap/1.7.2"
192.168.1.15 - - [05/May/2026:18:07:45 +0000] "GET /index.html HTTP/1.1" 200 8165 "-" "Mozilla/5.0 (Windows NT 10.0; Win64; x64) AppleWebKit/537.36"
172.16.0.100 - - [05/May/2026:18:07:58 +0000] "GET /about.html HTTP/1.1" 304 34230 "-" "Mozilla/5.0 (Windows NT 10.0; Win64; x64) AppleWebKit/537.36"
192.168.1.22 - - [05/May/2026:18:08:00 +0000] "GET /static/css/main.css HTTP/1.1" 200 19424 "-" "Mozilla/5.0 (Windows NT 10.0; Win64; x64) AppleWebKit/537.36"
May 05 18:09:48 server sshd[3265]: Invalid user centos from 61.177.172.140
192.168.1.22 - - [05/May/2026:18:09:57 +0000] "GET /profile HTTP/1.1" 200 39142 "-" "Mozilla/5.0 (X11; Linux x86_64) AppleWebKit/537.36"
139.59.45.187 - - [05/May/2026:18:10:20 +0000] "POST /search?q=<script>alert(1)</script> HTTP/1.1" 403 171 "-" "Mozilla/5.0 (Windows NT 10.0; Win64; x64) AppleWebKit/537.36"
192.168.1.10 - - [05/May/2026:18:10:46 +0000] "GET /static/css/main.css HTTP/1.1" 200 729 "-" "Mozilla/5.0 (Macintosh; Intel Mac OS X 10_15_7) AppleWebKit/605.1.15"
172.16.0.101 - - [05/May/2026:18:11:02 +0000] "GET /products HTTP/1.1" 200 5338 "-" "Mozilla/5.0 (Windows NT 10.0; Win64; x64) AppleWebKit/537.36"
172.16.0.100 - - [05/May/2026:18:11:21 +0000] "GET /index.html HTTP/1.1" 200 1780 "-" "Mozilla/5.0 (X11; Linux x86_64) AppleWebKit/537.36"
192.168.1.22 - - [05/May/2026:18:11:57 +0000] "GET /index.html HTTP/1.1" 200 46642 "-" "Mozilla/5.0 (Windows NT 10.0; Win64; x64) AppleWebKit/537.36"
172.16.0.100 - - [05/May/2026:18:12:00 +0000] "GET /static/css/main.css HTTP/1.1" 304 39263 "-" "Mozilla/5.0 (Macintosh; Intel Mac OS X 10_15_7) AppleWebKit/605.1.15"
192.168.1.15 - - [05/May/2026:18:12:27 +0000] "GET /about.html HTTP/1.1" 200 35515 "-" "Mozilla/5.0 (X11; Linux x86_64) AppleWebKit/537.36"
192.168.1.10 - - [05/May/2026:18:12:49 +0000] "GET / HTTP/1.1" 200 37311 "-" "Mozilla/5.0 (Windows NT 10.0; Win64; x64) AppleWebKit/537.36"
May 05 18:13:10 server sshd[9846]: Accepted publickey for bob from 10.0.0.45 port 48406 ssh2
192.168.1.10 - - [05/May/2026:18:13:11 +0000] "GET /static/css/main.css HTTP/1.1" 200 45930 "-" "Mozilla/5.0 (X11; Linux x86_64) AppleWebKit/537.36"
172.16.0.101 - - [05/May/2026:18:13:35 +0000] "GET /static/js/app.js HTTP/1.1" 304 45203 "-" "Mozilla/5.0 (X11; Linux x86_64) AppleWebKit/537.36"
172.16.0.100 - - [05/May/2026:18:13:41 +0000] "GET / HTTP/1.1" 200 39255 "-" "Mozilla/5.0 (Macintosh; Intel Mac OS X 10_15_7) AppleWebKit/605.1.15"
May 05 18:14:08 server sshd[6873]: Failed password for mysql from 61.177.172.140 port 49789 ssh2
172.16.0.100 - - [05/May/2026:18:14:54 +0000] "GET /about.html HTTP/1.1" 200 1462 "-" "Mozilla/5.0 (Macintosh; Intel Mac OS X 10_15_7) AppleWebKit/605.1.15"
172.16.0.100 - - [05/May/2026:18:15:35 +0000] "GET /about.html HTTP/1.1" 200 30711 "-" "Mozilla/5.0 (Macintosh; Intel Mac OS X 10_15_7) AppleWebKit/605.1.15"
May 05 18:16:29 server sshd[5862]: Failed password for ubuntu from 194.26.29.10 port 45237 ssh2
2026-05-05 18:16:32 fail2ban: Ban 218.92.0.211 after 5 failed attempts on sshd
May 05 18:16:38 server sshd[3370]: Failed password for ftp from 103.143.207.52 port 38371 ssh2
May 05 18:17:38 server sshd[5362]: Accepted publickey for deploy from 10.0.0.45 port 31601 ssh2
10.0.0.45 - - [05/May/2026:18:18:09 +0000] "GET /dashboard HTTP/1.1" 200 29943 "-" "Mozilla/5.0 (Windows NT 10.0; Win64; x64) AppleWebKit/537.36"
May 05 18:18:51 server sshd[5364]: Accepted publickey for charlie from 192.168.1.22 port 28643 ssh2
172.16.0.101 - - [05/May/2026:18:19:52 +0000] "GET /static/js/app.js HTTP/1.1" 200 21403 "-" "Mozilla/5.0 (Macintosh; Intel Mac OS X 10_15_7) AppleWebKit/605.1.15"
192.168.1.15 - - [05/May/2026:18:20:00 +0000] "GET /api/v1/status HTTP/1.1" 200 503 "-" "Mozilla/5.0 (X11; Linux x86_64) AppleWebKit/537.36"
May 05 18:20:36 server sshd[7542]: pam_unix(sshd:auth): authentication failure; logname= uid=0 euid=0 tty=ssh ruser= rhost=185.143.223.91 user=ftp
218.92.0.211 - - [05/May/2026:18:21:52 +0000] "GET /.git/config HTTP/1.1" 404 1983 "-" "Nmap Scripting Engine"
192.168.1.22 - - [05/May/2026:18:21:59 +0000] "GET / HTTP/1.1" 200 11751 "-" "Mozilla/5.0 (Windows NT 10.0; Win64; x64) AppleWebKit/537.36"
May 05 18:22:00 server sshd[3636]: Invalid user oracle from 103.143.207.52
May 05 18:22:04 server sshd[1102]: Accepted publickey for charlie from 172.16.0.100 port 51553 ssh2
May 05 18:22:44 server sshd[7876]: Invalid user oracle from 185.143.223.91
172.16.0.100 - - [05/May/2026:18:23:03 +0000] "GET / HTTP/1.1" 200 8113 "-" "Mozilla/5.0 (X11; Linux x86_64) AppleWebKit/537.36"
May 05 18:24:00 server sshd[2411]: Accepted publickey for alice from 10.0.0.45 port 40642 ssh2
192.168.1.15 - - [05/May/2026:18:24:03 +0000] "GET / HTTP/1.1" 200 5145 "-" "Mozilla/5.0 (Macintosh; Intel Mac OS X 10_15_7) AppleWebKit/605.1.15"
May 05 18:24:11 server sshd[4725]: Accepted publickey for charlie from 172.16.0.101 port 48874 ssh2
172.16.0.100 - - [05/May/2026:18:25:09 +0000] "GET /dashboard HTTP/1.1" 304 38057 "-" "Mozilla/5.0 (Windows NT 10.0; Win64; x64) AppleWebKit/537.36"
2026-05-05 18:25:43 firewall: blocked port scan from 92.118.39.81 (ports: 22,23,80,443,3306,3389)
192.168.1.22 - - [05/May/2026:18:25:56 +0000] "GET /api/v1/status HTTP/1.1" 200 15376 "-" "Mozilla/5.0 (X11; Linux x86_64) AppleWebKit/537.36"
May 05 18:26:02 server sshd[7607]: Failed password for centos from 45.95.147.6 port 34534 ssh2
May 05 18:26:22 server sshd[2893]: Failed password for centos from 218.92.0.211 port 47093 ssh2
May 05 18:26:51 server sshd[2158]: Invalid user centos from 212.193.30.11
May 05 18:26:53 server sshd[8768]: Accepted publickey for bob from 172.16.0.100 port 33250 ssh2
192.168.1.22 - - [05/May/2026:18:27:04 +0000] "GET /api/v1/users HTTP/1.1" 200 29194 "-" "Mozilla/5.0 (Macintosh; Intel Mac OS X 10_15_7) AppleWebKit/605.1.15"
192.168.1.15 - - [05/May/2026:18:27:33 +0000] "GET /about.html HTTP/1.1" 200 35230 "-" "Mozilla/5.0 (Windows NT 10.0; Win64; x64) AppleWebKit/537.36"
May 05 18:28:28 server sshd[9879]: Invalid user test from 92.118.39.81
May 05 18:28:32 server sshd[4733]: Failed password for user from 194.26.29.10 port 45075 ssh2
May 05 18:28:55 server sshd[8033]: Invalid user mysql from 45.33.32.156
May 05 18:28:58 server sshd[7650]: Accepted publickey for charlie from 172.16.0.101 port 29037 ssh2
May 05 18:29:21 server sshd[1821]: Invalid user test from 218.92.0.211
172.16.0.101 - - [05/May/2026:18:30:02 +0000] "GET / HTTP/1.1" 304 7166 "-" "Mozilla/5.0 (Windows NT 10.0; Win64; x64) AppleWebKit/537.36"
192.168.1.10 - - [05/May/2026:18:30:06 +0000] "GET /login HTTP/1.1" 200 6709 "-" "Mozilla/5.0 (X11; Linux x86_64) AppleWebKit/537.36"
192.168.1.22 - - [05/May/2026:18:30:23 +0000] "GET /api/v1/status HTTP/1.1" 200 10950 "-" "Mozilla/5.0 (Windows NT 10.0; Win64; x64) AppleWebKit/537.36"
139.59.45.187 - - [05/May/2026:18:30:36 +0000] "GET /wp-login.php HTTP/1.1" 401 1947 "-" "Wget/1.21.2"
May 05 18:31:09 server sshd[7374]: Failed password for ftp from 218.92.0.211 port 23537 ssh2
May 05 18:32:10 server sshd[4830]: Accepted publickey for charlie from 10.0.0.45 port 40652 ssh2
192.168.1.22 - - [05/May/2026:18:32:52 +0000] "GET /index.html HTTP/1.1" 200 542 "-" "Mozilla/5.0 (Windows NT 10.0; Win64; x64) AppleWebKit/537.36"
May 05 18:33:10 server sshd[6234]: Accepted publickey for alice from 172.16.0.101 port 27274 ssh2
May 05 18:33:11 server sshd[1975]: Accepted publickey for charlie from 192.168.1.22 port 20693 ssh2
May 05 18:34:13 server sshd[5253]: Accepted publickey for charlie from 192.168.1.15 port 48845 ssh2
192.168.1.22 - - [05/May/2026:18:34:40 +0000] "GET /products HTTP/1.1" 200 32764 "-" "Mozilla/5.0 (Windows NT 10.0; Win64; x64) AppleWebKit/537.36"
May 05 18:34:48 server sshd[1811]: Accepted publickey for deploy from 192.168.1.15 port 43190 ssh2
172.16.0.100 - - [05/May/2026:18:35:18 +0000] "GET /products HTTP/1.1" 200 13821 "-" "Mozilla/5.0 (X11; Linux x86_64) AppleWebKit/537.36"
May 05 18:35:41 server sshd[1159]: Failed password for root from 185.143.223.91 port 45734 ssh2
192.168.1.10 - - [05/May/2026:18:35:57 +0000] "GET /about.html HTTP/1.1" 200 14558 "-" "Mozilla/5.0 (Macintosh; Intel Mac OS X 10_15_7) AppleWebKit/605.1.15"
192.168.1.22 - - [05/May/2026:18:36:32 +0000] "GET /login HTTP/1.1" 200 41581 "-" "Mozilla/5.0 (X11; Linux x86_64) AppleWebKit/537.36"
May 05 18:37:14 server sshd[9936]: Accepted publickey for bob from 192.168.1.22 port 43538 ssh2
May 05 18:38:01 server sshd[2207]: Accepted publickey for alice from 10.0.0.45 port 55830 ssh2
May 05 18:38:24 server sshd[1213]: Failed password for guest from 218.92.0.211 port 62213 ssh2
192.168.1.22 - - [05/May/2026:18:38:48 +0000] "GET /api/v1/status HTTP/1.1" 200 3495 "-" "Mozilla/5.0 (Macintosh; Intel Mac OS X 10_15_7) AppleWebKit/605.1.15"
May 05 18:39:01 server sshd[3575]: Invalid user centos from 61.177.172.140
May 05 18:39:17 server sshd[4175]: Accepted publickey for bob from 192.168.1.15 port 57373 ssh2
192.168.1.22 - - [05/May/2026:18:39:45 +0000] "GET /api/v1/users HTTP/1.1" 200 31890 "-" "Mozilla/5.0 (X11; Linux x86_64) AppleWebKit/537.36"
May 05 18:39:54 server sshd[4686]: Connection closed by 45.95.147.6 [preauth]
192.168.1.22 - - [05/May/2026:18:40:13 +0000] "GET /static/css/main.css HTTP/1.1" 200 19234 "-" "Mozilla/5.0 (Windows NT 10.0; Win64; x64) AppleWebKit/537.36"
May 05 18:40:20 server sshd[2194]: Failed password for root from 45.95.147.6 port 52324 ssh2
192.168.1.15 - - [05/May/2026:18:40:29 +0000] "GET /profile HTTP/1.1" 200 43851 "-" "Mozilla/5.0 (X11; Linux x86_64) AppleWebKit/537.36"
192.168.1.22 - - [05/May/2026:18:41:14 +0000] "GET /index.html HTTP/1.1" 200 1498 "-" "Mozilla/5.0 (X11; Linux x86_64) AppleWebKit/537.36"
May 05 18:41:50 server sshd[1760]: Failed password for ftp from 61.177.172.140 port 43341 ssh2
172.16.0.100 - - [05/May/2026:18:42:00 +0000] "GET /static/css/main.css HTTP/1.1" 304 17098 "-" "Mozilla/5.0 (Windows NT 10.0; Win64; x64) AppleWebKit/537.36"
185.143.223.91 - - [05/May/2026:18:42:00 +0000] "POST /page?file=../../../../etc/shadow HTTP/1.1" 500 1009 "-" "curl/7.81.0"
May 05 18:43:18 server sshd[6473]: Accepted publickey for deploy from 192.168.1.22 port 56868 ssh2
May 05 18:44:10 server sshd[7866]: Accepted publickey for bob from 192.168.1.15 port 63977 ssh2
192.168.1.15 - - [05/May/2026:18:44:20 +0000] "GET /dashboard HTTP/1.1" 304 28254 "-" "Mozilla/5.0 (Macintosh; Intel Mac OS X 10_15_7) AppleWebKit/605.1.15"
192.168.1.10 - - [05/May/2026:18:44:22 +0000] "GET /static/js/app.js HTTP/1.1" 200 46041 "-" "Mozilla/5.0 (X11; Linux x86_64) AppleWebKit/537.36"
May 05 18:44:51 server sshd[8496]: Accepted publickey for bob from 192.168.1.10 port 44251 ssh2
192.168.1.10 - - [05/May/2026:18:45:00 +0000] "GET /api/v1/status HTTP/1.1" 200 15288 "-" "Mozilla/5.0 (X11; Linux x86_64) AppleWebKit/537.36"
192.168.1.15 - - [05/May/2026:18:45:48 +0000] "GET /api/v1/users HTTP/1.1" 200 6986 "-" "Mozilla/5.0 (X11; Linux x86_64) AppleWebKit/537.36"
May 05 18:46:04 server sshd[1070]: Accepted publickey for deploy from 172.16.0.100 port 64983 ssh2
10.0.0.45 - - [05/May/2026:18:46:23 +0000] "GET /index.html HTTP/1.1" 304 29108 "-" "Mozilla/5.0 (Windows NT 10.0; Win64; x64) AppleWebKit/537.36"
192.168.1.10 - - [05/May/2026:18:47:10 +0000] "GET /login HTTP/1.1" 200 46953 "-" "Mozilla/5.0 (Windows NT 10.0; Win64; x64) AppleWebKit/537.36"
May 05 18:47:21 server sshd[8598]: Accepted publickey for charlie from 192.168.1.10 port 50831 ssh2
May 05 18:47:48 server sshd[9765]: Accepted publickey for deploy from 192.168.1.22 port 59575 ssh2
10.0.0.45 - - [05/May/2026:18:48:04 +0000] "GET /about.html HTTP/1.1" 304 38634 "-" "Mozilla/5.0 (Macintosh; Intel Mac OS X 10_15_7) AppleWebKit/605.1.15"
May 05 18:48:57 server sshd[1875]: Invalid user test from 45.95.147.6
May 05 18:49:32 server sshd[1019]: pam_unix(sshd:auth): authentication failure; logname= uid=0 euid=0 tty=ssh ruser= rhost=218.92.0.211 user=oracle
172.16.0.100 - - [05/May/2026:18:50:11 +0000] "GET /about.html HTTP/1.1" 200 9365 "-" "Mozilla/5.0 (X11; Linux x86_64) AppleWebKit/537.36"
May 05 18:51:03 server sshd[4463]: Failed password for test from 218.92.0.211 port 28629 ssh2
May 05 18:51:59 server sshd[7905]: Accepted publickey for alice from 172.16.0.100 port 43586 ssh2
May 05 18:52:13 server sshd[4588]: Accepted publickey for bob from 192.168.1.22 port 28598 ssh2
May 05 18:52:44 server sshd[1591]: Failed password for oracle from 45.33.32.156 port 61552 ssh2
May 05 18:53:23 server sshd[9246]: Accepted publickey for bob from 192.168.1.10 port 26130 ssh2
May 05 18:53:45 server sshd[2691]: Accepted publickey for bob from 192.168.1.22 port 35971 ssh2
172.16.0.100 - - [05/May/2026:18:54:01 +0000] "GET /profile HTTP/1.1" 200 31280 "-" "Mozilla/5.0 (Macintosh; Intel Mac OS X 10_15_7) AppleWebKit/605.1.15"
10.0.0.45 - - [05/May/2026:18:54:21 +0000] "GET /contact HTTP/1.1" 200 45207 "-" "Mozilla/5.0 (Windows NT 10.0; Win64; x64) AppleWebKit/537.36"
172.16.0.100 - - [05/May/2026:18:54:22 +0000] "GET /static/js/app.js HTTP/1.1" 200 30620 "-" "Mozilla/5.0 (Macintosh; Intel Mac OS X 10_15_7) AppleWebKit/605.1.15"
192.168.1.10 - - [05/May/2026:18:54:25 +0000] "GET /contact HTTP/1.1" 200 5155 "-" "Mozilla/5.0 (X11; Linux x86_64) AppleWebKit/537.36"
10.0.0.45 - - [05/May/2026:18:55:04 +0000] "GET /dashboard HTTP/1.1" 200 13805 "-" "Mozilla/5.0 (Windows NT 10.0; Win64; x64) AppleWebKit/537.36"
2026-05-05 18:55:16 firewall: rate limit exceeded for 103.143.207.52 - blocked
172.16.0.100 - - [05/May/2026:18:55:26 +0000] "GET /static/css/main.css HTTP/1.1" 304 24654 "-" "Mozilla/5.0 (Macintosh; Intel Mac OS X 10_15_7) AppleWebKit/605.1.15"
192.168.1.15 - - [05/May/2026:18:55:55 +0000] "GET /login HTTP/1.1" 200 8320 "-" "Mozilla/5.0 (Windows NT 10.0; Win64; x64) AppleWebKit/537.36"
May 05 18:56:12 server sshd[7829]: Accepted publickey for bob from 172.16.0.100 port 42530 ssh2
192.168.1.10 - - [05/May/2026:18:56:29 +0000] "GET /api/v1/users HTTP/1.1" 200 10525 "-" "Mozilla/5.0 (Windows NT 10.0; Win64; x64) AppleWebKit/537.36"
10.0.0.45 - - [05/May/2026:18:56:36 +0000] "GET / HTTP/1.1" 200 38590 "-" "Mozilla/5.0 (Macintosh; Intel Mac OS X 10_15_7) AppleWebKit/605.1.15"
192.168.1.22 - - [05/May/2026:18:56:49 +0000] "GET / HTTP/1.1" 200 28777 "-" "Mozilla/5.0 (Macintosh; Intel Mac OS X 10_15_7) AppleWebKit/605.1.15"
10.0.0.45 - - [05/May/2026:18:57:19 +0000] "GET /contact HTTP/1.1" 200 11571 "-" "Mozilla/5.0 (Macintosh; Intel Mac OS X 10_15_7) AppleWebKit/605.1.15"
192.168.1.10 - - [05/May/2026:18:58:27 +0000] "GET /about.html HTTP/1.1" 200 14684 "-" "Mozilla/5.0 (Macintosh; Intel Mac OS X 10_15_7) AppleWebKit/605.1.15"
45.95.147.6 - - [05/May/2026:18:58:42 +0000] "GET /search?q=<script>alert(1)</script> HTTP/1.1" 401 1479 "-" "Mozilla/5.0 (X11; Linux x86_64) AppleWebKit/537.36"
May 05 18:59:34 server sshd[7677]: Accepted publickey for alice from 172.16.0.100 port 29667 ssh2
185.143.223.91 - - [05/May/2026:19:00:46 +0000] "GET /page?file=../../../../etc/shadow HTTP/1.1" 401 551 "-" "curl/7.81.0"
May 05 19:00:51 server sshd[4058]: Failed password for ubuntu from 92.118.39.81 port 43962 ssh2
192.168.1.15 - - [05/May/2026:19:01:23 +0000] "GET /contact HTTP/1.1" 200 45688 "-" "Mozilla/5.0 (Windows NT 10.0; Win64; x64) AppleWebKit/537.36"
May 05 19:02:05 server sshd[7646]: Accepted publickey for deploy from 192.168.1.22 port 21834 ssh2
10.0.0.45 - - [05/May/2026:19:03:23 +0000] "GET /static/js/app.js HTTP/1.1" 200 26257 "-" "Mozilla/5.0 (Macintosh; Intel Mac OS X 10_15_7) AppleWebKit/605.1.15"
May 05 19:03:37 server sshd[6496]: Accepted publickey for charlie from 172.16.0.101 port 33065 ssh2
61.177.172.140 - - [05/May/2026:19:03:46 +0000] "GET /wp-content/uploads/ HTTP/1.1" 500 777 "-" "Nikto/2.1.6"
139.59.45.187 - - [05/May/2026:19:04:09 +0000] "POST /page?file=../../../../etc/shadow HTTP/1.1" 500 718 "-" "Nikto/2.1.6"
May 05 19:04:21 server sshd[6440]: Failed password for guest from 45.33.32.156 port 60522 ssh2
May 05 19:04:51 server sshd[2295]: Failed password for oracle from 92.118.39.81 port 31605 ssh2
172.16.0.100 - - [05/May/2026:19:04:58 +0000] "GET /api/v1/status HTTP/1.1" 200 26655 "-" "Mozilla/5.0 (X11; Linux x86_64) AppleWebKit/537.36"
192.168.1.10 - - [05/May/2026:19:05:54 +0000] "GET /products HTTP/1.1" 200 16202 "-" "Mozilla/5.0 (Macintosh; Intel Mac OS X 10_15_7) AppleWebKit/605.1.15"
May 05 19:06:17 server sshd[5338]: Failed password for root from 92.118.39.81 port 62641 ssh2
May 05 19:07:15 server sshd[5931]: Accepted publickey for alice from 192.168.1.15 port 40757 ssh2
May 05 19:07:56 server sshd[7760]: pam_unix(sshd:auth): authentication failure; logname= uid=0 euid=0 tty=ssh ruser= rhost=45.33.32.156 user=ubuntu
192.168.1.10 - - [05/May/2026:19:08:41 +0000] "GET /login HTTP/1.1" 200 11445 "-" "Mozilla/5.0 (Windows NT 10.0; Win64; x64) AppleWebKit/537.36"
192.168.1.15 - - [05/May/2026:19:08:42 +0000] "GET /profile HTTP/1.1" 200 2465 "-" "Mozilla/5.0 (X11; Linux x86_64) AppleWebKit/537.36"
172.16.0.100 - - [05/May/2026:19:09:05 +0000] "GET /login HTTP/1.1" 200 21362 "-" "Mozilla/5.0 (Windows NT 10.0; Win64; x64) AppleWebKit/537.36"
May 05 19:10:16 server sshd[2842]: pam_unix(sshd:auth): authentication failure; logname= uid=0 euid=0 tty=ssh ruser= rhost=218.92.0.211 user=root
172.16.0.101 - - [05/May/2026:19:10:23 +0000] "GET /about.html HTTP/1.1" 200 33627 "-" "Mozilla/5.0 (Macintosh; Intel Mac OS X 10_15_7) AppleWebKit/605.1.15"
May 05 19:11:12 server sshd[9667]: Accepted publickey for alice from 192.168.1.15 port 46930 ssh2
192.168.1.10 - - [05/May/2026:19:11:12 +0000] "GET / HTTP/1.1" 200 41741 "-" "Mozilla/5.0 (X11; Linux x86_64) AppleWebKit/537.36"
172.16.0.100 - - [05/May/2026:19:11:29 +0000] "GET /profile HTTP/1.1" 200 27155 "-" "Mozilla/5.0 (Windows NT 10.0; Win64; x64) AppleWebKit/537.36"
May 05 19:11:50 server sshd[8286]: pam_unix(sshd:auth): authentication failure; logname= uid=0 euid=0 tty=ssh ruser= rhost=194.26.29.10 user=postgres
May 05 19:12:52 server sshd[1402]: Invalid user admin from 103.143.207.52
194.26.29.10 - - [05/May/2026:19:12:58 +0000] "GET /admin/ HTTP/1.1" 403 733 "-" "Mozilla/5.0 (X11; Linux x86_64) AppleWebKit/537.36"
192.168.1.22 - - [05/May/2026:19:12:59 +0000] "GET /profile HTTP/1.1" 200 2883 "-" "Mozilla/5.0 (Windows NT 10.0; Win64; x64) AppleWebKit/537.36"
192.168.1.22 - - [05/May/2026:19:13:12 +0000] "GET /about.html HTTP/1.1" 304 26109 "-" "Mozilla/5.0 (Windows NT 10.0; Win64; x64) AppleWebKit/537.36"
May 05 19:13:36 server sshd[7520]: Accepted publickey for bob from 192.168.1.10 port 54674 ssh2
192.168.1.15 - - [05/May/2026:19:13:42 +0000] "GET / HTTP/1.1" 304 20234 "-" "Mozilla/5.0 (Windows NT 10.0; Win64; x64) AppleWebKit/537.36"
192.168.1.10 - - [05/May/2026:19:13:51 +0000] "GET /about.html HTTP/1.1" 200 13506 "-" "Mozilla/5.0 (Windows NT 10.0; Win64; x64) AppleWebKit/537.36"
May 05 19:14:38 server sshd[5032]: Accepted publickey for deploy from 172.16.0.100 port 42542 ssh2
May 05 19:15:10 server sshd[4114]: pam_unix(sshd:auth): authentication failure; logname= uid=0 euid=0 tty=ssh ruser= rhost=218.92.0.211 user=postgres
172.16.0.100 - - [05/May/2026:19:15:46 +0000] "GET /profile HTTP/1.1" 200 15876 "-" "Mozilla/5.0 (Windows NT 10.0; Win64; x64) AppleWebKit/537.36"
212.193.30.11 - - [05/May/2026:19:16:00 +0000] "GET /../../etc/passwd HTTP/1.1" 404 364 "-" "curl/7.81.0"
May 05 19:16:27 server sshd[7506]: Invalid user ubuntu from 45.33.32.156
2026-05-05 19:17:58 firewall: brute force attempt detected from 45.33.32.156, blocking for 1h
May 05 19:18:02 server sshd[2634]: Invalid user git from 194.26.29.10
172.16.0.100 - - [05/May/2026:19:18:22 +0000] "GET /login HTTP/1.1" 304 41926 "-" "Mozilla/5.0 (Windows NT 10.0; Win64; x64) AppleWebKit/537.36"
May 05 19:18:38 server sshd[4275]: Accepted publickey for bob from 192.168.1.10 port 44977 ssh2
61.177.172.140 - - [05/May/2026:19:18:45 +0000] "GET /wp-content/uploads/ HTTP/1.1" 401 1696 "-" "sqlmap/1.7.2"
172.16.0.101 - - [05/May/2026:19:19:09 +0000] "GET /profile HTTP/1.1" 200 49939 "-" "Mozilla/5.0 (X11; Linux x86_64) AppleWebKit/537.36"
192.168.1.22 - - [05/May/2026:19:19:20 +0000] "GET /contact HTTP/1.1" 200 45775 "-" "Mozilla/5.0 (Windows NT 10.0; Win64; x64) AppleWebKit/537.36"
192.168.1.22 - - [05/May/2026:19:20:16 +0000] "GET /profile HTTP/1.1" 304 10611 "-" "Mozilla/5.0 (X11; Linux x86_64) AppleWebKit/537.36"
May 05 19:20:25 server sshd[4458]: Failed password for user from 139.59.45.187 port 44352 ssh2
172.16.0.101 - - [05/May/2026:19:20:52 +0000] "GET /about.html HTTP/1.1" 200 48619 "-" "Mozilla/5.0 (Macintosh; Intel Mac OS X 10_15_7) AppleWebKit/605.1.15"
May 05 19:21:57 server sshd[5008]: Accepted publickey for deploy from 172.16.0.101 port 24369 ssh2
May 05 19:22:34 server sshd[2712]: Invalid user test from 218.92.0.211
192.168.1.22 - - [05/May/2026:19:23:00 +0000] "GET /login HTTP/1.1" 200 8497 "-" "Mozilla/5.0 (X11; Linux x86_64) AppleWebKit/537.36"
May 05 19:23:35 server sshd[7313]: Failed password for postgres from 185.143.223.91 port 31437 ssh2
May 05 19:24:04 server sshd[6923]: Failed password for root from 218.92.0.211 port 40868 ssh2
May 05 19:24:16 server sshd[7034]: Accepted publickey for alice from 192.168.1.15 port 25667 ssh2
192.168.1.22 - - [05/May/2026:19:24:27 +0000] "GET /dashboard HTTP/1.1" 200 22123 "-" "Mozilla/5.0 (Macintosh; Intel Mac OS X 10_15_7) AppleWebKit/605.1.15"
61.177.172.140 - - [05/May/2026:19:24:42 +0000] "GET /backup.sql HTTP/1.1" 500 1445 "-" "Wget/1.21.2"
172.16.0.101 - - [05/May/2026:19:25:01 +0000] "GET /api/v1/users HTTP/1.1" 200 39325 "-" "Mozilla/5.0 (Windows NT 10.0; Win64; x64) AppleWebKit/537.36"
May 05 19:25:03 server sshd[5155]: Accepted publickey for alice from 192.168.1.10 port 31057 ssh2
May 05 19:25:37 server sshd[4028]: Invalid user centos from 45.95.147.6
192.168.1.10 - - [05/May/2026:19:26:10 +0000] "GET /profile HTTP/1.1" 200 6797 "-" "Mozilla/5.0 (Windows NT 10.0; Win64; x64) AppleWebKit/537.36"
2026-05-05 19:26:25 firewall: brute force attempt detected from 218.92.0.211, blocking for 1h
172.16.0.100 - - [05/May/2026:19:26:27 +0000] "GET /login HTTP/1.1" 304 42919 "-" "Mozilla/5.0 (Macintosh; Intel Mac OS X 10_15_7) AppleWebKit/605.1.15"
192.168.1.15 - - [05/May/2026:19:26:46 +0000] "GET /contact HTTP/1.1" 304 16467 "-" "Mozilla/5.0 (X11; Linux x86_64) AppleWebKit/537.36"
10.0.0.45 - - [05/May/2026:19:27:10 +0000] "GET /dashboard HTTP/1.1" 200 9141 "-" "Mozilla/5.0 (Macintosh; Intel Mac OS X 10_15_7) AppleWebKit/605.1.15"
May 05 19:28:01 server sshd[3976]: Accepted publickey for charlie from 172.16.0.101 port 35281 ssh2
May 05 19:28:12 server sshd[6058]: Failed password for user from 61.177.172.140 port 32345 ssh2
May 05 19:28:22 server sshd[6058]: Connection closed by 212.193.30.11 [preauth]
May 05 19:28:43 server sshd[9924]: Accepted publickey for deploy from 10.0.0.45 port 47548 ssh2
May 05 19:29:09 server sshd[1385]: Failed password for user from 185.143.223.91 port 42878 ssh2
10.0.0.45 - - [05/May/2026:19:30:19 +0000] "GET /products HTTP/1.1" 304 29848 "-" "Mozilla/5.0 (X11; Linux x86_64) AppleWebKit/537.36"
192.168.1.10 - - [05/May/2026:19:30:28 +0000] "GET /contact HTTP/1.1" 200 23277 "-" "Mozilla/5.0 (Macintosh; Intel Mac OS X 10_15_7) AppleWebKit/605.1.15"
May 05 19:30:45 server sshd[7482]: Failed password for ubuntu from 103.143.207.52 port 40065 ssh2
192.168.1.22 - - [05/May/2026:19:30:51 +0000] "GET /static/js/app.js HTTP/1.1" 200 31953 "-" "Mozilla/5.0 (Windows NT 10.0; Win64; x64) AppleWebKit/537.36"
192.168.1.10 - - [05/May/2026:19:31:16 +0000] "GET /contact HTTP/1.1" 200 21126 "-" "Mozilla/5.0 (X11; Linux x86_64) AppleWebKit/537.36"
May 05 19:32:30 server sshd[5462]: Connection closed by 61.177.172.140 [preauth]
May 05 19:32:36 server sshd[2295]: Accepted publickey for deploy from 192.168.1.15 port 27203 ssh2
10.0.0.45 - - [05/May/2026:19:33:08 +0000] "GET /contact HTTP/1.1" 200 46029 "-" "Mozilla/5.0 (Macintosh; Intel Mac OS X 10_15_7) AppleWebKit/605.1.15"
172.16.0.101 - - [05/May/2026:19:33:10 +0000] "GET /products HTTP/1.1" 200 5635 "-" "Mozilla/5.0 (Macintosh; Intel Mac OS X 10_15_7) AppleWebKit/605.1.15"
192.168.1.10 - - [05/May/2026:19:33:37 +0000] "GET /api/v1/status HTTP/1.1" 200 11084 "-" "Mozilla/5.0 (X11; Linux x86_64) AppleWebKit/537.36"
92.118.39.81 - - [05/May/2026:19:34:48 +0000] "GET /backup.sql HTTP/1.1" 401 1552 "-" "python-requests/2.31.0"
May 05 19:34:58 server sshd[7446]: Accepted publickey for charlie from 172.16.0.100 port 42851 ssh2
May 05 19:34:59 server sshd[6413]: pam_unix(sshd:auth): authentication failure; logname= uid=0 euid=0 tty=ssh ruser= rhost=212.193.30.11 user=test
May 05 19:35:28 server sshd[7716]: Connection closed by 92.118.39.81 [preauth]
May 05 19:35:39 server sshd[5007]: Connection closed by 139.59.45.187 [preauth]
May 05 19:35:48 server sshd[5518]: Accepted publickey for charlie from 172.16.0.101 port 57900 ssh2
May 05 19:36:01 server sshd[3393]: Accepted publickey for bob from 172.16.0.101 port 34714 ssh2
172.16.0.100 - - [05/May/2026:19:36:03 +0000] "GET /dashboard HTTP/1.1" 200 47918 "-" "Mozilla/5.0 (Windows NT 10.0; Win64; x64) AppleWebKit/537.36"
172.16.0.100 - - [05/May/2026:19:36:36 +0000] "GET /login HTTP/1.1" 304 18169 "-" "Mozilla/5.0 (Windows NT 10.0; Win64; x64) AppleWebKit/537.36"
May 05 19:37:10 server sshd[3114]: Failed password for ubuntu from 139.59.45.187 port 24011 ssh2
