45.33.32.156 - - [05/May/2026:08:47:30 +0000] "POST /admin/ HTTP/1.1" 401 1339 "-" "Nikto/2.1.6"
10.0.0.45 - - [05/May/2026:08:48:41 +0000] "GET /dashboard HTTP/1.1" 200 34482 "-" "Mozilla/5.0 (Windows NT 10.0; Win64; x64) AppleWebKit/537.36"
192.168.1.22 - - [05/May/2026:08:49:10 +0000] "GET /login HTTP/1.1" 304 43654 "-" "Mozilla/5.0 (Macintosh; Intel Mac OS X 10_15_7) AppleWebKit/605.1.15"
May 05 08:49:36 server sshd[4432]: Accepted publickey for charlie from 192.168.1.22 port 46081 ssh2
May 05 08:49:37 server sshd[2790]: Accepted publickey for alice from 10.0.0.45 port 61692 ssh2
May 05 08:49:44 server sshd[2587]: Accepted publickey for alice from 192.168.1.15 port 24577 ssh2
192.168.1.15 - - [05/May/2026:08:50:11 +0000] "GET /login HTTP/1.1" 200 30034 "-" "Mozilla/5.0 (X11; Linux x86_64) AppleWebKit/537.36"
172.16.0.100 - - [05/May/2026:08:50:28 +0000] "GET /profile HTTP/1.1" 200 5730 "-" "Mozilla/5.0 (Macintosh; Intel Mac OS X 10_15_7) AppleWebKit/605.1.15"
May 05 08:50:33 server sshd[3890]: Accepted publickey for bob from 192.168.1.22 port 44553 ssh2
192.168.1.15 - - [05/May/2026:08:50:52 +0000] "GET /about.html HTTP/1.1" 200 17496 "-" "Mozilla/5.0 (Macintosh; Intel Mac OS X 10_15_7) AppleWebKit/605.1.15"
May 05 08:51:24 server sshd[4846]: Failed password for guest from 45.33.32.156 port 51319 ssh2
192.168.1.10 - - [05/May/2026:08:52:13 +0000] "GET /login HTTP/1.1" 200 32345 "-" "Mozilla/5.0 (Macintosh; Intel Mac OS X 10_15_7) AppleWebKit/605.1.15"
10.0.0.45 - - [05/May/2026:08:52:23 +0000] "GET /api/v1/status HTTP/1.1" 200 7065 "-" "Mozilla/5.0 (Windows NT 10.0; Win64; x64) AppleWebKit/537.36"
192.168.1.10 - - [05/May/2026:08:52:43 +0000] "GET / HTTP/1.1" 304 3243 "-" "Mozilla/5.0 (Windows NT 10.0; Win64; x64) AppleWebKit/537.36"
10.0.0.45 - - [05/May/2026:08:52:48 +0000] "GET /profile HTTP/1.1" 200 21158 "-" "Mozilla/5.0 (Windows NT 10.0; Win64; x64) AppleWebKit/537.36"
May 05 08:53:07 server sshd[7036]: Accepted publickey for bob from 192.168.1.22 port 49616 ssh2
10.0.0.45 - - [05/May/2026:08:53:39 +0000] "GET /profile HTTP/1.1" 200 705 "-" "Mozilla/5.0 (X11; Linux x86_64) AppleWebKit/537.36"
172.16.0.101 - - [05/May/2026:08:53:52 +0000] "GET / HTTP/1.1" 200 44928 "-" "Mozilla/5.0 (Macintosh; Intel Mac OS X 10_15_7) AppleWebKit/605.1.15"
May 05 08:53:55 server sshd[1420]: Accepted publickey for bob from 172.16.0.101 port 59446 ssh2
172.16.0.101 - - [05/May/2026:08:54:38 +0000] "GET /index.html HTTP/1.1" 200 28543 "-" "Mozilla/5.0 (Macintosh; Intel Mac OS X 10_15_7) AppleWebKit/605.1.15"
May 05 08:54:42 server sshd[4196]: Accepted publickey for charlie from 192.168.1.10 port 29382 ssh2
192.168.1.10 - - [05/May/2026:08:55:08 +0000] "GET /profile HTTP/1.1" 304 31092 "-" "Mozilla/5.0 (Windows NT 10.0; Win64; x64) AppleWebKit/537.36"
172.16.0.100 - - [05/May/2026:08:56:07 +0000] "GET /contact HTTP/1.1" 200 49865 "-" "Mozilla/5.0 (X11; Linux x86_64) AppleWebKit/537.36"
May 05 08:56:42 server sshd[6452]: Invalid user admin from 218.92.0.211
May 05 08:56:44 server sshd[6349]: Invalid user oracle from 45.33.32.156
192.168.1.22 - - [05/May/2026:08:56:57 +0000] "GET /products HTTP/1.1" 200 44448 "-" "Mozilla/5.0 (Windows NT 10.0; Win64; x64) AppleWebKit/537.36"
172.16.0.101 - - [05/May/2026:08:57:47 +0000] "GET /login HTTP/1.1" 200 15793 "-" "Mozilla/5.0 (Windows NT 10.0; Win64; x64) AppleWebKit/537.36"
172.16.0.100 - - [05/May/2026:08:57:59 +0000] "GET /api/v1/status HTTP/1.1" 200 47518 "-" "Mozilla/5.0 (X11; Linux x86_64) AppleWebKit/537.36"
May 05 08:58:03 server sshd[6237]: Accepted publickey for deploy from 192.168.1.15 port 43922 ssh2
192.168.1.10 - - [05/May/2026:08:58:07 +0000] "GET /api/v1/users HTTP/1.1" 304 12831 "-" "Mozilla/5.0 (X11; Linux x86_64) AppleWebKit/537.36"
May 05 08:58:07 server sshd[1027]: Accepted publickey for deploy from 192.168.1.15 port 40368 ssh2
212.193.30.11 - - [05/May/2026:08:59:20 +0000] "POST /.aws/credentials HTTP/1.1" 500 401 "-" "python-requests/2.31.0"
172.16.0.100 - - [05/May/2026:08:59:33 +0000] "GET /static/css/main.css HTTP/1.1" 200 35777 "-" "Mozilla/5.0 (Macintosh; Intel Mac OS X 10_15_7) AppleWebKit/605.1.15"
May 05 09:00:38 server sshd[5480]: Accepted publickey for alice from 172.16.0.100 port 57615 ssh2
172.16.0.101 - - [05/May/2026:09:01:25 +0000] "GET /api/v1/status HTTP/1.1" 200 26128 "-" "Mozilla/5.0 (Windows NT 10.0; Win64; x64) AppleWebKit/537.36"
10.0.0.45 - - [05/May/2026:09:01:40 +0000] "GET /static/css/main.css HTTP/1.1" 200 22332 "-" "Mozilla/5.0 (Windows NT 10.0; Win64; x64) AppleWebKit/537.36"
May 05 09:01:52 server sshd[1861]: Accepted publickey for bob from 172.16.0.101 port 31732 ssh2
10.0.0.45 - - [05/May/2026:09:01:54 +0000] "GET /profile HTTP/1.1" 200 1913 "-" "Mozilla/5.0 (X11; Linux x86_64) AppleWebKit/537.36"
May 05 09:02:18 server sshd[2594]: Accepted publickey for deploy from 192.168.1.15 port 28578 ssh2
May 05 09:02:20 server sshd[5981]: Accepted publickey for alice from 172.16.0.100 port 49984 ssh2
192.168.1.15 - - [05/May/2026:09:02:41 +0000] "GET /static/js/app.js HTTP/1.1" 200 9991 "-" "Mozilla/5.0 (Windows NT 10.0; Win64; x64) AppleWebKit/537.36"
192.168.1.15 - - [05/May/2026:09:03:50 +0000] "GET /static/css/main.css HTTP/1.1" 200 4191 "-" "Mozilla/5.0 (Windows NT 10.0; Win64; x64) AppleWebKit/537.36"
172.16.0.101 - - [05/May/2026:09:03:51 +0000] "GET /api/v1/status HTTP/1.1" 304 7181 "-" "Mozilla/5.0 (X11; Linux x86_64) AppleWebKit/537.36"
10.0.0.45 - - [05/May/2026:09:04:09 +0000] "GET /index.html HTTP/1.1" 200 26494 "-" "Mozilla/5.0 (Macintosh; Intel Mac OS X 10_15_7) AppleWebKit/605.1.15"
192.168.1.15 - - [05/May/2026:09:04:19 +0000] "GET /static/css/main.css HTTP/1.1" 200 30887 "-" "Mozilla/5.0 (X11; Linux x86_64) AppleWebKit/537.36"
192.168.1.10 - - [05/May/2026:09:04:30 +0000] "GET /login HTTP/1.1" 200 39388 "-" "Mozilla/5.0 (Macintosh; Intel Mac OS X 10_15_7) AppleWebKit/605.1.15"
10.0.0.45 - - [05/May/2026:09:05:17 +0000] "GET /index.html HTTP/1.1" 200 5915 "-" "Mozilla/5.0 (Windows NT 10.0; Win64; x64) AppleWebKit/537.36"
May 05 09:05:17 server sshd[7290]: Accepted publickey for bob from 192.168.1.10 port 51731 ssh2
172.16.0.100 - - [05/May/2026:09:05:31 +0000] "GET /dashboard HTTP/1.1" 304 38027 "-" "Mozilla/5.0 (Macintosh; Intel Mac OS X 10_15_7) AppleWebKit/605.1.15"
192.168.1.22 - - [05/May/2026:09:05:41 +0000] "GET /index.html HTTP/1.1" 200 4661 "-" "Mozilla/5.0 (X11; Linux x86_64) AppleWebKit/537.36"
192.168.1.10 - - [05/May/2026:09:06:25 +0000] "GET /login HTTP/1.1" 304 32518 "-" "Mozilla/5.0 (Windows NT 10.0; Win64; x64) AppleWebKit/537.36"
May 05 09:06:33 server sshd[4399]: Accepted publickey for alice from 172.16.0.100 port 63160 ssh2
172.16.0.101 - - [05/May/2026:09:07:11 +0000] "GET /login HTTP/1.1" 200 21097 "-" "Mozilla/5.0 (Windows NT 10.0; Win64; x64) AppleWebKit/537.36"
172.16.0.101 - - [05/May/2026:09:08:08 +0000] "GET /login HTTP/1.1" 200 49853 "-" "Mozilla/5.0 (Windows NT 10.0; Win64; x64) AppleWebKit/537.36"
May 05 09:09:07 server sshd[7931]: Accepted publickey for bob from 192.168.1.22 port 63133 ssh2
May 05 09:10:15 server sshd[9750]: Accepted publickey for charlie from 172.16.0.100 port 49158 ssh2
May 05 09:11:13 server sshd[1601]: Accepted publickey for bob from 172.16.0.101 port 32325 ssh2
192.168.1.22 - - [05/May/2026:09:11:36 +0000] "GET /api/v1/status HTTP/1.1" 304 35772 "-" "Mozilla/5.0 (X11; Linux x86_64) AppleWebKit/537.36"
10.0.0.45 - - [05/May/2026:09:12:08 +0000] "GET /products HTTP/1.1" 200 25520 "-" "Mozilla/5.0 (X11; Linux x86_64) AppleWebKit/537.36"
May 05 09:12:19 server sshd[6882]: Accepted publickey for bob from 192.168.1.15 port 38179 ssh2
May 05 09:13:04 server sshd[7097]: Accepted publickey for bob from 192.168.1.22 port 56938 ssh2
192.168.1.22 - - [05/May/2026:09:13:25 +0000] "GET /api/v1/users HTTP/1.1" 200 35621 "-" "Mozilla/5.0 (Windows NT 10.0; Win64; x64) AppleWebKit/537.36"
May 05 09:14:26 server sshd[7208]: Accepted publickey for deploy from 192.168.1.22 port 21698 ssh2
192.168.1.22 - - [05/May/2026:09:14:38 +0000] "GET /index.html HTTP/1.1" 304 27158 "-" "Mozilla/5.0 (Windows NT 10.0; Win64; x64) AppleWebKit/537.36"
192.168.1.15 - - [05/May/2026:09:15:24 +0000] "GET /index.html HTTP/1.1" 200 12016 "-" "Mozilla/5.0 (X11; Linux x86_64) AppleWebKit/537.36"
92.118.39.81 - - [05/May/2026:09:15:40 +0000] "GET /admin/ HTTP/1.1" 404 660 "-" "Mozilla/5.0 (Windows NT 10.0; Win64; x64) AppleWebKit/537.36"
May 05 09:15:46 server sshd[2565]: Accepted publickey for deploy from 172.16.0.100 port 54665 ssh2
10.0.0.45 - - [05/May/2026:09:16:20 +0000] "GET /api/v1/users HTTP/1.1" 304 36654 "-" "Mozilla/5.0 (X11; Linux x86_64) AppleWebKit/537.36"
192.168.1.22 - - [05/May/2026:09:16:44 +0000] "GET /dashboard HTTP/1.1" 200 3643 "-" "Mozilla/5.0 (Windows NT 10.0; Win64; x64) AppleWebKit/537.36"
10.0.0.45 - - [05/May/2026:09:16:56 +0000] "GET /products HTTP/1.1" 200 45500 "-" "Mozilla/5.0 (X11; Linux x86_64) AppleWebKit/537.36"
May 05 09:17:42 server sshd[7064]: Invalid user root from 92.118.39.81
172.16.0.101 - - [05/May/2026:09:17:45 +0000] "GET /api/v1/users HTTP/1.1" 200 12499 "-" "Mozilla/5.0 (Macintosh; Intel Mac OS X 10_15_7) AppleWebKit/605.1.15"
May 05 09:18:19 server sshd[6123]: Accepted publickey for deploy from 192.168.1.10 port 25907 ssh2
May 05 09:18:40 server sshd[1940]: pam_unix(sshd:auth): authentication failure; logname= uid=0 euid=0 tty=ssh ruser= rhost=185.143.223.91 user=oracle
192.168.1.22 - - [05/May/2026:09:18:51 +0000] "GET /static/css/main.css HTTP/1.1" 304 47585 "-" "Mozilla/5.0 (Windows NT 10.0; Win64; x64) AppleWebKit/537.36"
May 05 09:19:47 server sshd[7946]: Accepted publickey for alice from 10.0.0.45 port 64370 ssh2
May 05 09:20:30 server sshd[7643]: Accepted publickey for alice from 172.16.0.101 port 20910 ssh2
172.16.0.101 - - [05/May/2026:09:20:39 +0000] "GET /static/css/main.css HTTP/1.1" 304 49630 "-" "Mozilla/5.0 (Macintosh; Intel Mac OS X 10_15_7) AppleWebKit/605.1.15"
May 05 09:21:43 server sshd[2230]: Accepted publickey for bob from 172.16.0.100 port 44055 ssh2
172.16.0.100 - - [05/May/2026:09:21:47 +0000] "GET / HTTP/1.1" 304 29902 "-" "Mozilla/5.0 (Windows NT 10.0; Win64; x64) AppleWebKit/537.36"
May 05 09:22:21 server sshd[5752]: Accepted publickey for alice from 192.168.1.15 port 39606 ssh2
192.168.1.10 - - [05/May/2026:09:22:32 +0000] "GET /static/css/main.css HTTP/1.1" 200 24963 "-" "Mozilla/5.0 (Windows NT 10.0; Win64; x64) AppleWebKit/537.36"
172.16.0.100 - - [05/May/2026:09:23:03 +0000] "GET /products HTTP/1.1" 200 7523 "-" "Mozilla/5.0 (Windows NT 10.0; Win64; x64) AppleWebKit/537.36"
May 05 09:23:18 server sshd[4562]: Accepted publickey for deploy from 192.168.1.10 port 39976 ssh2
192.168.1.15 - - [05/May/2026:09:23:22 +0000] "GET / HTTP/1.1" 200 28733 "-" "Mozilla/5.0 (Macintosh; Intel Mac OS X 10_15_7) AppleWebKit/605.1.15"
172.16.0.101 - - [05/May/2026:09:23:59 +0000] "GET / HTTP/1.1" 200 40984 "-" "Mozilla/5.0 (Macintosh; Intel Mac OS X 10_15_7) AppleWebKit/605.1.15"
192.168.1.15 - - [05/May/2026:09:24:05 +0000] "GET /static/js/app.js HTTP/1.1" 200 10699 "-" "Mozilla/5.0 (X11; Linux x86_64) AppleWebKit/537.36"
10.0.0.45 - - [05/May/2026:09:24:16 +0000] "GET /api/v1/status HTTP/1.1" 200 12439 "-" "Mozilla/5.0 (X11; Linux x86_64) AppleWebKit/537.36"
May 05 09:25:06 server sshd[3291]: Accepted publickey for bob from 172.16.0.101 port 43182 ssh2
May 05 09:25:18 server sshd[3626]: Invalid user root from 45.95.147.6
May 05 09:25:47 server sshd[2813]: Accepted publickey for bob from 192.168.1.22 port 32423 ssh2
192.168.1.22 - - [05/May/2026:09:26:30 +0000] "GET /static/js/app.js HTTP/1.1" 304 32977 "-" "Mozilla/5.0 (X11; Linux x86_64) AppleWebKit/537.36"
61.177.172.140 - - [05/May/2026:09:26:45 +0000] "GET /api/v1/users?id=1; DROP TABLE users-- HTTP/1.1" 500 369 "-" "Mozilla/5.0 (Macintosh; Intel Mac OS X 10_15_7) AppleWebKit/605.1.15"
172.16.0.100 - - [05/May/2026:09:27:08 +0000] "GET /profile HTTP/1.1" 200 3910 "-" "Mozilla/5.0 (X11; Linux x86_64) AppleWebKit/537.36"
192.168.1.15 - - [05/May/2026:09:28:05 +0000] "GET /api/v1/users HTTP/1.1" 304 12746 "-" "Mozilla/5.0 (Windows NT 10.0; Win64; x64) AppleWebKit/537.36"
May 05 09:28:17 server sshd[8031]: Accepted publickey for bob from 192.168.1.22 port 33003 ssh2
172.16.0.101 - - [05/May/2026:09:28:27 +0000] "GET /static/js/app.js HTTP/1.1" 200 18995 "-" "Mozilla/5.0 (Macintosh; Intel Mac OS X 10_15_7) AppleWebKit/605.1.15"
172.16.0.101 - - [05/May/2026:09:29:26 +0000] "GET /contact HTTP/1.1" 200 22531 "-" "Mozilla/5.0 (Macintosh; Intel Mac OS X 10_15_7) AppleWebKit/605.1.15"
192.168.1.15 - - [05/May/2026:09:29:40 +0000] "GET /static/css/main.css HTTP/1.1" 200 18447 "-" "Mozilla/5.0 (Windows NT 10.0; Win64; x64) AppleWebKit/537.36"
May 05 09:29:45 server sshd[4091]: Accepted publickey for bob from 192.168.1.10 port 58744 ssh2
May 05 09:29:59 server sshd[1834]: Failed password for admin from 212.193.30.11 port 44926 ssh2
172.16.0.101 - - [05/May/2026:09:30:03 +0000] "GET /index.html HTTP/1.1" 200 24327 "-" "Mozilla/5.0 (Macintosh; Intel Mac OS X 10_15_7) AppleWebKit/605.1.15"
192.168.1.22 - - [05/May/2026:09:30:03 +0000] "GET /static/js/app.js HTTP/1.1" 200 40249 "-" "Mozilla/5.0 (Windows NT 10.0; Win64; x64) AppleWebKit/537.36"
192.168.1.15 - - [05/May/2026:09:30:22 +0000] "GET / HTTP/1.1" 200 3179 "-" "Mozilla/5.0 (Windows NT 10.0; Win64; x64) AppleWebKit/537.36"
10.0.0.45 - - [05/May/2026:09:30:27 +0000] "GET /products HTTP/1.1" 200 6849 "-" "Mozilla/5.0 (X11; Linux x86_64) AppleWebKit/537.36"
192.168.1.15 - - [05/May/2026:09:31:43 +0000] "GET /api/v1/users HTTP/1.1" 200 49188 "-" "Mozilla/5.0 (X11; Linux x86_64) AppleWebKit/537.36"
192.168.1.15 - - [05/May/2026:09:32:15 +0000] "GET /index.html HTTP/1.1" 200 9051 "-" "Mozilla/5.0 (X11; Linux x86_64) AppleWebKit/537.36"
May 05 09:32:28 server sshd[5939]: Accepted publickey for charlie from 192.168.1.10 port 51077 ssh2
192.168.1.10 - - [05/May/2026:09:32:47 +0000] "GET /profile HTTP/1.1" 200 13143 "-" "Mozilla/5.0 (X11; Linux x86_64) AppleWebKit/537.36"
192.168.1.10 - - [05/May/2026:09:33:34 +0000] "GET /static/css/main.css HTTP/1.1" 304 47135 "-" "Mozilla/5.0 (Macintosh; Intel Mac OS X 10_15_7) AppleWebKit/605.1.15"
May 05 09:33:57 server sshd[8347]: Accepted publickey for charlie from 172.16.0.100 port 61278 ssh2
10.0.0.45 - - [05/May/2026:09:34:58 +0000] "GET /login HTTP/1.1" 200 11440 "-" "Mozilla/5.0 (X11; Linux x86_64) AppleWebKit/537.36"
192.168.1.22 - - [05/May/2026:09:35:44 +0000] "GET /dashboard HTTP/1.1" 200 45969 "-" "Mozilla/5.0 (Windows NT 10.0; Win64; x64) AppleWebKit/537.36"
10.0.0.45 - - [05/May/2026:09:35:47 +0000] "GET /login HTTP/1.1" 200 11347 "-" "Mozilla/5.0 (Macintosh; Intel Mac OS X 10_15_7) AppleWebKit/605.1.15"
May 05 09:35:48 server sshd[5448]: Accepted publickey for deploy from 172.16.0.100 port 33561 ssh2
192.168.1.15 - - [05/May/2026:09:36:00 +0000] "GET / HTTP/1.1" 304 30347 "-" "Mozilla/5.0 (X11; Linux x86_64) AppleWebKit/537.36"
192.168.1.22 - - [05/May/2026:09:36:45 +0000] "GET /contact HTTP/1.1" 200 46916 "-" "Mozilla/5.0 (Macintosh; Intel Mac OS X 10_15_7) AppleWebKit/605.1.15"
172.16.0.100 - - [05/May/2026:09:37:10 +0000] "GET / HTTP/1.1" 200 18703 "-" "Mozilla/5.0 (Windows NT 10.0; Win64; x64) AppleWebKit/537.36"
172.16.0.101 - - [05/May/2026:09:38:00 +0000] "GET /api/v1/status HTTP/1.1" 200 5955 "-" "Mozilla/5.0 (X11; Linux x86_64) AppleWebKit/537.36"
May 05 09:38:55 server sshd[9758]: Accepted publickey for bob from 172.16.0.101 port 27614 ssh2
172.16.0.101 - - [05/May/2026:09:38:56 +0000] "GET /dashboard HTTP/1.1" 200 21775 "-" "Mozilla/5.0 (Windows NT 10.0; Win64; x64) AppleWebKit/537.36"
May 05 09:39:52 server sshd[5194]: Accepted publickey for bob from 172.16.0.101 port 21024 ssh2
May 05 09:40:46 server sshd[4377]: Accepted publickey for charlie from 10.0.0.45 port 48979 ssh2
172.16.0.100 - - [05/May/2026:09:41:20 +0000] "GET /static/css/main.css HTTP/1.1" 200 29732 "-" "Mozilla/5.0 (Windows NT 10.0; Win64; x64) AppleWebKit/537.36"
192.168.1.22 - - [05/May/2026:09:41:46 +0000] "GET /static/js/app.js HTTP/1.1" 200 33003 "-" "Mozilla/5.0 (Windows NT 10.0; Win64; x64) AppleWebKit/537.36"
May 05 09:42:01 server sshd[2137]: Accepted publickey for bob from 192.168.1.15 port 29405 ssh2
May 05 09:42:04 server sshd[2642]: Accepted publickey for deploy from 10.0.0.45 port 54522 ssh2
192.168.1.10 - - [05/May/2026:09:42:08 +0000] "GET /static/css/main.css HTTP/1.1" 200 1857 "-" "Mozilla/5.0 (Windows NT 10.0; Win64; x64) AppleWebKit/537.36"
192.168.1.15 - - [05/May/2026:09:42:11 +0000] "GET /static/js/app.js HTTP/1.1" 200 42938 "-" "Mozilla/5.0 (Macintosh; Intel Mac OS X 10_15_7) AppleWebKit/605.1.15"
192.168.1.10 - - [05/May/2026:09:43:48 +0000] "GET /index.html HTTP/1.1" 200 9847 "-" "Mozilla/5.0 (X11; Linux x86_64) AppleWebKit/537.36"
192.168.1.10 - - [05/May/2026:09:44:50 +0000] "GET /api/v1/status HTTP/1.1" 200 13759 "-" "Mozilla/5.0 (Windows NT 10.0; Win64; x64) AppleWebKit/537.36"
172.16.0.100 - - [05/May/2026:09:45:09 +0000] "GET /profile HTTP/1.1" 304 8565 "-" "Mozilla/5.0 (Windows NT 10.0; Win64; x64) AppleWebKit/537.36"
May 05 09:45:09 server sshd[7314]: Failed password for git from 212.193.30.11 port 29658 ssh2
May 05 09:45:48 server sshd[6435]: Accepted publickey for charlie from 10.0.0.45 port 51385 ssh2
May 05 09:45:52 server sshd[7804]: Invalid user ec2-user from 185.143.223.91
192.168.1.22 - - [05/May/2026:09:46:07 +0000] "GET /dashboard HTTP/1.1" 200 8256 "-" "Mozilla/5.0 (Macintosh; Intel Mac OS X 10_15_7) AppleWebKit/605.1.15"
172.16.0.101 - - [05/May/2026:09:46:41 +0000] "GET /api/v1/users HTTP/1.1" 200 32731 "-" "Mozilla/5.0 (Windows NT 10.0; Win64; x64) AppleWebKit/537.36"
May 05 09:46:59 server sshd[3917]: Accepted publickey for bob from 192.168.1.10 port 48090 ssh2
May 05 09:47:22 server sshd[5348]: Accepted publickey for charlie from 192.168.1.22 port 25004 ssh2
10.0.0.45 - - [05/May/2026:09:47:38 +0000] "GET /profile HTTP/1.1" 200 41444 "-" "Mozilla/5.0 (Macintosh; Intel Mac OS X 10_15_7) AppleWebKit/605.1.15"
194.26.29.10 - - [05/May/2026:09:47:50 +0000] "GET /admin/ HTTP/1.1" 401 402 "-" "sqlmap/1.7.2"
192.168.1.15 - - [05/May/2026:09:48:05 +0000] "GET /static/css/main.css HTTP/1.1" 200 21426 "-" "Mozilla/5.0 (Macintosh; Intel Mac OS X 10_15_7) AppleWebKit/605.1.15"
10.0.0.45 - - [05/May/2026:09:48:27 +0000] "GET /profile HTTP/1.1" 200 9558 "-" "Mozilla/5.0 (X11; Linux x86_64) AppleWebKit/537.36"
May 05 09:48:52 server sshd[3370]: Connection closed by 92.118.39.81 [preauth]
10.0.0.45 - - [05/May/2026:09:48:58 +0000] "GET /login HTTP/1.1" 304 32783 "-" "Mozilla/5.0 (X11; Linux x86_64) AppleWebKit/537.36"
May 05 09:49:24 server sshd[4593]: pam_unix(sshd:auth): authentication failure; logname= uid=0 euid=0 tty=ssh ruser= rhost=103.143.207.52 user=guest
May 05 09:49:44 server sshd[6937]: Invalid user root from 212.193.30.11
May 05 09:50:08 server sshd[3283]: Accepted publickey for charlie from 192.168.1.10 port 39313 ssh2
61.177.172.140 - - [05/May/2026:09:50:29 +0000] "GET /backup.sql HTTP/1.1" 404 1795 "-" "curl/7.81.0"
2026-05-05 09:50:46 firewall: blocked port scan from 45.95.147.6 (ports: 22,23,80,443,3306,3389)
2026-05-05 09:50:47 fail2ban: Ban 194.26.29.10 after 5 failed attempts on sshd
May 05 09:51:42 server sshd[1494]: Accepted publickey for bob from 10.0.0.45 port 29626 ssh2
May 05 09:52:09 server sshd[3452]: Failed password for git from 139.59.45.187 port 31955 ssh2
172.16.0.101 - - [05/May/2026:09:52:21 +0000] "GET /products HTTP/1.1" 200 10716 "-" "Mozilla/5.0 (Windows NT 10.0; Win64; x64) AppleWebKit/537.36"
172.16.0.101 - - [05/May/2026:09:52:30 +0000] "GET /products HTTP/1.1" 200 27469 "-" "Mozilla/5.0 (X11; Linux x86_64) AppleWebKit/537.36"
172.16.0.100 - - [05/May/2026:09:53:38 +0000] "GET /static/css/main.css HTTP/1.1" 200 45058 "-" "Mozilla/5.0 (Macintosh; Intel Mac OS X 10_15_7) AppleWebKit/605.1.15"
May 05 09:54:05 server sshd[1917]: Accepted publickey for deploy from 192.168.1.15 port 34346 ssh2
May 05 09:54:25 server sshd[8674]: Accepted publickey for alice from 172.16.0.101 port 51287 ssh2
May 05 09:54:58 server sshd[3569]: Accepted publickey for deploy from 192.168.1.22 port 37814 ssh2
May 05 09:55:06 server sshd[4924]: Invalid user root from 45.95.147.6
192.168.1.10 - - [05/May/2026:09:55:18 +0000] "GET /dashboard HTTP/1.1" 200 20758 "-" "Mozilla/5.0 (Windows NT 10.0; Win64; x64) AppleWebKit/537.36"
10.0.0.45 - - [05/May/2026:09:55:41 +0000] "GET /api/v1/status HTTP/1.1" 200 13261 "-" "Mozilla/5.0 (Macintosh; Intel Mac OS X 10_15_7) AppleWebKit/605.1.15"
192.168.1.15 - - [05/May/2026:09:56:40 +0000] "GET /dashboard HTTP/1.1" 304 3440 "-" "Mozilla/5.0 (X11; Linux x86_64) AppleWebKit/537.36"
192.168.1.10 - - [05/May/2026:09:56:50 +0000] "GET /products HTTP/1.1" 200 23873 "-" "Mozilla/5.0 (Macintosh; Intel Mac OS X 10_15_7) AppleWebKit/605.1.15"
May 05 09:57:05 server sshd[3638]: Accepted publickey for bob from 192.168.1.15 port 52874 ssh2
172.16.0.100 - - [05/May/2026:09:57:26 +0000] "GET /about.html HTTP/1.1" 200 38981 "-" "Mozilla/5.0 (Macintosh; Intel Mac OS X 10_15_7) AppleWebKit/605.1.15"
192.168.1.10 - - [05/May/2026:09:57:30 +0000] "GET /about.html HTTP/1.1" 200 5661 "-" "Mozilla/5.0 (X11; Linux x86_64) AppleWebKit/537.36"
May 05 09:57:32 server sshd[2595]: Accepted publickey for bob from 10.0.0.45 port 41713 ssh2
192.168.1.22 - - [05/May/2026:09:58:28 +0000] "GET /dashboard HTTP/1.1" 200 3122 "-" "Mozilla/5.0 (X11; Linux x86_64) AppleWebKit/537.36"
10.0.0.45 - - [05/May/2026:09:58:36 +0000] "GET / HTTP/1.1" 200 20786 "-" "Mozilla/5.0 (X11; Linux x86_64) AppleWebKit/537.36"
192.168.1.15 - - [05/May/2026:09:58:49 +0000] "GET /dashboard HTTP/1.1" 304 5415 "-" "Mozilla/5.0 (Windows NT 10.0; Win64; x64) AppleWebKit/537.36"
May 05 09:59:31 server sshd[2116]: Failed password for oracle from 92.118.39.81 port 38357 ssh2
May 05 10:00:22 server sshd[8753]: Failed password for test from 218.92.0.211 port 36778 ssh2
10.0.0.45 - - [05/May/2026:10:00:23 +0000] "GET /dashboard HTTP/1.1" 200 29390 "-" "Mozilla/5.0 (Macintosh; Intel Mac OS X 10_15_7) AppleWebKit/605.1.15"
May 05 10:00:48 server sshd[8999]: Accepted publickey for alice from 172.16.0.101 port 22594 ssh2
May 05 10:01:23 server sshd[1699]: Invalid user test from 218.92.0.211
May 05 10:01:39 server sshd[1130]: Accepted publickey for bob from 192.168.1.10 port 30129 ssh2
May 05 10:01:54 server sshd[2195]: Invalid user git from 139.59.45.187
172.16.0.101 - - [05/May/2026:10:02:24 +0000] "GET /static/js/app.js HTTP/1.1" 200 42605 "-" "Mozilla/5.0 (X11; Linux x86_64) AppleWebKit/537.36"
192.168.1.10 - - [05/May/2026:10:02:57 +0000] "GET /api/v1/users HTTP/1.1" 200 26514 "-" "Mozilla/5.0 (Macintosh; Intel Mac OS X 10_15_7) AppleWebKit/605.1.15"
192.168.1.22 - - [05/May/2026:10:03:25 +0000] "GET /dashboard HTTP/1.1" 200 14435 "-" "Mozilla/5.0 (X11; Linux x86_64) AppleWebKit/537.36"
192.168.1.22 - - [05/May/2026:10:03:47 +0000] "GET /login HTTP/1.1" 200 31299 "-" "Mozilla/5.0 (Windows NT 10.0; Win64; x64) AppleWebKit/537.36"
May 05 10:04:20 server sshd[6922]: Accepted publickey for alice from 172.16.0.100 port 48187 ssh2
May 05 10:04:30 server sshd[5421]: Accepted publickey for deploy from 192.168.1.15 port 36519 ssh2
May 05 10:05:05 server sshd[8396]: Failed password for test from 185.143.223.91 port 47506 ssh2
192.168.1.22 - - [05/May/2026:10:05:33 +0000] "GET / HTTP/1.1" 200 28584 "-" "Mozilla/5.0 (Macintosh; Intel Mac OS X 10_15_7) AppleWebKit/605.1.15"
172.16.0.100 - - [05/May/2026:10:06:04 +0000] "GET /api/v1/status HTTP/1.1" 200 1429 "-" "Mozilla/5.0 (Windows NT 10.0; Win64; x64) AppleWebKit/537.36"
10.0.0.45 - - [05/May/2026:10:06:10 +0000] "GET /login HTTP/1.1" 200 46158 "-" "Mozilla/5.0 (Macintosh; Intel Mac OS X 10_15_7) AppleWebKit/605.1.15"
172.16.0.100 - - [05/May/2026:10:06:22 +0000] "GET / HTTP/1.1" 304 39633 "-" "Mozilla/5.0 (Windows NT 10.0; Win64; x64) AppleWebKit/537.36"
May 05 10:07:22 server sshd[7066]: Accepted publickey for alice from 192.168.1.15 port 43841 ssh2
10.0.0.45 - - [05/May/2026:10:07:47 +0000] "GET /about.html HTTP/1.1" 304 25243 "-" "Mozilla/5.0 (Windows NT 10.0; Win64; x64) AppleWebKit/537.36"
172.16.0.101 - - [05/May/2026:10:07:53 +0000] "GET /dashboard HTTP/1.1" 200 2891 "-" "Mozilla/5.0 (Windows NT 10.0; Win64; x64) AppleWebKit/537.36"
185.143.223.91 - - [05/May/2026:10:07:59 +0000] "GET /index.php?page=php://filter/convert.base64-encode/resource=index HTTP/1.1" 401 1166 "-" "Mozilla/5.0 (Windows NT 10.0; Win64; x64) AppleWebKit/537.36"
May 05 10:08:19 server sshd[9177]: Accepted publickey for alice from 172.16.0.100 port 62527 ssh2
10.0.0.45 - - [05/May/2026:10:09:07 +0000] "GET /about.html HTTP/1.1" 304 39486 "-" "Mozilla/5.0 (Windows NT 10.0; Win64; x64) AppleWebKit/537.36"
May 05 10:09:26 server sshd[9571]: Accepted publickey for deploy from 192.168.1.22 port 42008 ssh2
May 05 10:09:34 server sshd[5640]: Accepted publickey for deploy from 192.168.1.22 port 60656 ssh2
May 05 10:09:59 server sshd[2468]: Accepted publickey for alice from 192.168.1.10 port 62573 ssh2
192.168.1.10 - - [05/May/2026:10:10:39 +0000] "GET /dashboard HTTP/1.1" 304 7034 "-" "Mozilla/5.0 (X11; Linux x86_64) AppleWebKit/537.36"
May 05 10:11:26 server sshd[1124]: Accepted publickey for deploy from 172.16.0.101 port 44552 ssh2
192.168.1.10 - - [05/May/2026:10:11:32 +0000] "GET /static/css/main.css HTTP/1.1" 200 15106 "-" "Mozilla/5.0 (Macintosh; Intel Mac OS X 10_15_7) AppleWebKit/605.1.15"
May 05 10:11:35 server sshd[6744]: Accepted publickey for alice from 192.168.1.15 port 50405 ssh2
192.168.1.22 - - [05/May/2026:10:11:50 +0000] "GET /profile HTTP/1.1" 200 20645 "-" "Mozilla/5.0 (Macintosh; Intel Mac OS X 10_15_7) AppleWebKit/605.1.15"
10.0.0.45 - - [05/May/2026:10:12:00 +0000] "GET / HTTP/1.1" 200 25037 "-" "Mozilla/5.0 (X11; Linux x86_64) AppleWebKit/537.36"
192.168.1.22 - - [05/May/2026:10:12:52 +0000] "GET /dashboard HTTP/1.1" 200 16348 "-" "Mozilla/5.0 (X11; Linux x86_64) AppleWebKit/537.36"
May 05 10:13:12 server sshd[3111]: Accepted publickey for deploy from 10.0.0.45 port 61698 ssh2
103.143.207.52 - - [05/May/2026:10:13:14 +0000] "POST /phpmyadmin/ HTTP/1.1" 500 1826 "-" "python-requests/2.31.0"
192.168.1.10 - - [05/May/2026:10:13:20 +0000] "GET / HTTP/1.1" 304 10530 "-" "Mozilla/5.0 (Windows NT 10.0; Win64; x64) AppleWebKit/537.36"
192.168.1.15 - - [05/May/2026:10:13:24 +0000] "GET /api/v1/status HTTP/1.1" 304 10883 "-" "Mozilla/5.0 (Macintosh; Intel Mac OS X 10_15_7) AppleWebKit/605.1.15"
May 05 10:14:36 server sshd[6867]: Accepted publickey for deploy from 172.16.0.101 port 32226 ssh2
192.168.1.15 - - [05/May/2026:10:15:03 +0000] "GET /profile HTTP/1.1" 304 7277 "-" "Mozilla/5.0 (Windows NT 10.0; Win64; x64) AppleWebKit/537.36"
192.168.1.22 - - [05/May/2026:10:15:41 +0000] "GET /contact HTTP/1.1" 200 17570 "-" "Mozilla/5.0 (X11; Linux x86_64) AppleWebKit/537.36"
192.168.1.15 - - [05/May/2026:10:16:31 +0000] "GET /static/js/app.js HTTP/1.1" 200 27615 "-" "Mozilla/5.0 (Windows NT 10.0; Win64; x64) AppleWebKit/537.36"
192.168.1.10 - - [05/May/2026:10:16:31 +0000] "GET /static/css/main.css HTTP/1.1" 200 21051 "-" "Mozilla/5.0 (X11; Linux x86_64) AppleWebKit/537.36"
192.168.1.15 - - [05/May/2026:10:16:58 +0000] "GET / HTTP/1.1" 200 43731 "-" "Mozilla/5.0 (X11; Linux x86_64) AppleWebKit/537.36"
192.168.1.10 - - [05/May/2026:10:16:59 +0000] "GET /products HTTP/1.1" 200 6580 "-" "Mozilla/5.0 (Windows NT 10.0; Win64; x64) AppleWebKit/537.36"
192.168.1.22 - - [05/May/2026:10:17:07 +0000] "GET /dashboard HTTP/1.1" 304 36314 "-" "Mozilla/5.0 (Windows NT 10.0; Win64; x64) AppleWebKit/537.36"
May 05 10:18:32 server sshd[4554]: Accepted publickey for alice from 192.168.1.15 port 21933 ssh2
192.168.1.10 - - [05/May/2026:10:18:33 +0000] "GET / HTTP/1.1" 304 2009 "-" "Mozilla/5.0 (X11; Linux x86_64) AppleWebKit/537.36"
172.16.0.101 - - [05/May/2026:10:19:08 +0000] "GET /about.html HTTP/1.1" 200 18435 "-" "Mozilla/5.0 (Macintosh; Intel Mac OS X 10_15_7) AppleWebKit/605.1.15"
May 05 10:19:12 server sshd[8652]: Accepted publickey for charlie from 192.168.1.22 port 52492 ssh2
May 05 10:19:27 server sshd[3833]: Accepted publickey for charlie from 10.0.0.45 port 32968 ssh2
139.59.45.187 - - [05/May/2026:10:20:25 +0000] "GET /admin?id=1' OR '1'='1 HTTP/1.1" 404 1726 "-" "curl/7.81.0"
10.0.0.45 - - [05/May/2026:10:20:27 +0000] "GET /products HTTP/1.1" 200 41323 "-" "Mozilla/5.0 (Windows NT 10.0; Win64; x64) AppleWebKit/537.36"
192.168.1.15 - - [05/May/2026:10:20:38 +0000] "GET /api/v1/status HTTP/1.1" 200 29952 "-" "Mozilla/5.0 (Windows NT 10.0; Win64; x64) AppleWebKit/537.36"
10.0.0.45 - - [05/May/2026:10:21:32 +0000] "GET /profile HTTP/1.1" 304 23585 "-" "Mozilla/5.0 (Macintosh; Intel Mac OS X 10_15_7) AppleWebKit/605.1.15"
192.168.1.22 - - [05/May/2026:10:22:07 +0000] "GET /about.html HTTP/1.1" 200 16577 "-" "Mozilla/5.0 (Windows NT 10.0; Win64; x64) AppleWebKit/537.36"
May 05 10:23:42 server sshd[1157]: Accepted publickey for alice from 192.168.1.15 port 40879 ssh2
May 05 10:23:44 server sshd[6268]: Failed password for guest from 218.92.0.211 port 35246 ssh2
192.168.1.15 - - [05/May/2026:10:24:24 +0000] "GET /index.html HTTP/1.1" 304 18722 "-" "Mozilla/5.0 (X11; Linux x86_64) AppleWebKit/537.36"
10.0.0.45 - - [05/May/2026:10:25:36 +0000] "GET /static/css/main.css HTTP/1.1" 200 21479 "-" "Mozilla/5.0 (Windows NT 10.0; Win64; x64) AppleWebKit/537.36"
10.0.0.45 - - [05/May/2026:10:26:03 +0000] "GET /products HTTP/1.1" 200 8315 "-" "Mozilla/5.0 (Windows NT 10.0; Win64; x64) AppleWebKit/537.36"
192.168.1.22 - - [05/May/2026:10:26:28 +0000] "GET /contact HTTP/1.1" 304 1893 "-" "Mozilla/5.0 (Macintosh; Intel Mac OS X 10_15_7) AppleWebKit/605.1.15"
May 05 10:27:41 server sshd[5659]: Accepted publickey for deploy from 172.16.0.100 port 28589 ssh2
172.16.0.100 - - [05/May/2026:10:28:02 +0000] "GET /profile HTTP/1.1" 200 5051 "-" "Mozilla/5.0 (Macintosh; Intel Mac OS X 10_15_7) AppleWebKit/605.1.15"
May 05 10:28:06 server sshd[6196]: Accepted publickey for charlie from 10.0.0.45 port 42663 ssh2
218.92.0.211 - - [05/May/2026:10:28:25 +0000] "GET /wp-login.php HTTP/1.1" 500 711 "-" "Nikto/2.1.6"
May 05 10:28:54 server sshd[1479]: Accepted publickey for alice from 192.168.1.10 port 34681 ssh2
May 05 10:29:52 server sshd[8138]: Failed password for mysql from 45.95.147.6 port 34833 ssh2
May 05 10:30:05 server sshd[1860]: Accepted publickey for alice from 192.168.1.22 port 37018 ssh2
192.168.1.10 - - [05/May/2026:10:30:56 +0000] "GET /products HTTP/1.1" 200 17783 "-" "Mozilla/5.0 (Macintosh; Intel Mac OS X 10_15_7) AppleWebKit/605.1.15"
185.143.223.91 - - [05/May/2026:10:31:14 +0000] "GET /../../etc/passwd HTTP/1.1" 404 1450 "-" "curl/7.81.0"
172.16.0.101 - - [05/May/2026:10:31:15 +0000] "GET /products HTTP/1.1" 200 48397 "-" "Mozilla/5.0 (Macintosh; Intel Mac OS X 10_15_7) AppleWebKit/605.1.15"
192.168.1.15 - - [05/May/2026:10:31:17 +0000] "GET /index.html HTTP/1.1" 200 21427 "-" "Mozilla/5.0 (Windows NT 10.0; Win64; x64) AppleWebKit/537.36"
10.0.0.45 - - [05/May/2026:10:31:48 +0000] "GET /profile HTTP/1.1" 200 34694 "-" "Mozilla/5.0 (X11; Linux x86_64) AppleWebKit/537.36"
May 05 10:32:31 server sshd[7308]: Failed password for ubuntu from 212.193.30.11 port 32315 ssh2
May 05 10:33:06 server sshd[6108]: Accepted publickey for charlie from 172.16.0.100 port 49754 ssh2
May 05 10:33:27 server sshd[3413]: Accepted publickey for alice from 192.168.1.22 port 50209 ssh2
172.16.0.100 - - [05/May/2026:10:33:28 +0000] "GET /static/css/main.css HTTP/1.1" 200 4998 "-" "Mozilla/5.0 (Macintosh; Intel Mac OS X 10_15_7) AppleWebKit/605.1.15"
172.16.0.100 - - [05/May/2026:10:33:41 +0000] "GET /about.html HTTP/1.1" 200 24331 "-" "Mozilla/5.0 (Macintosh; Intel Mac OS X 10_15_7) AppleWebKit/605.1.15"
May 05 10:34:47 server sshd[5370]: Failed password for oracle from 218.92.0.211 port 21873 ssh2
172.16.0.100 - - [05/May/2026:10:35:13 +0000] "GET /api/v1/status HTTP/1.1" 200 29423 "-" "Mozilla/5.0 (Macintosh; Intel Mac OS X 10_15_7) AppleWebKit/605.1.15"
192.168.1.15 - - [05/May/2026:10:35:18 +0000] "GET /login HTTP/1.1" 304 32849 "-" "Mozilla/5.0 (X11; Linux x86_64) AppleWebKit/537.36"
May 05 10:35:23 server sshd[4177]: Connection closed by 61.177.172.140 [preauth]
192.168.1.22 - - [05/May/2026:10:35:42 +0000] "GET /login HTTP/1.1" 200 23727 "-" "Mozilla/5.0 (Macintosh; Intel Mac OS X 10_15_7) AppleWebKit/605.1.15"
172.16.0.101 - - [05/May/2026:10:36:06 +0000] "GET /index.html HTTP/1.1" 200 8048 "-" "Mozilla/5.0 (Windows NT 10.0; Win64; x64) AppleWebKit/537.36"
May 05 10:36:14 server sshd[7437]: Accepted publickey for deploy from 172.16.0.101 port 26639 ssh2
172.16.0.101 - - [05/May/2026:10:36:14 +0000] "GET /contact HTTP/1.1" 200 13841 "-" "Mozilla/5.0 (Macintosh; Intel Mac OS X 10_15_7) AppleWebKit/605.1.15"
May 05 10:36:57 server sshd[2655]: Failed password for ec2-user from 185.143.223.91 port 38052 ssh2
May 05 10:37:21 server sshd[8011]: Accepted publickey for deploy from 192.168.1.15 port 41892 ssh2
172.16.0.101 - - [05/May/2026:10:37:30 +0000] "GET /api/v1/status HTTP/1.1" 200 11421 "-" "Mozilla/5.0 (Windows NT 10.0; Win64; x64) AppleWebKit/537.36"
172.16.0.101 - - [05/May/2026:10:37:45 +0000] "GET /about.html HTTP/1.1" 304 46406 "-" "Mozilla/5.0 (X11; Linux x86_64) AppleWebKit/537.36"
192.168.1.10 - - [05/May/2026:10:38:11 +0000] "GET / HTTP/1.1" 304 23578 "-" "Mozilla/5.0 (Macintosh; Intel Mac OS X 10_15_7) AppleWebKit/605.1.15"
10.0.0.45 - - [05/May/2026:10:39:31 +0000] "GET / HTTP/1.1" 304 45067 "-" "Mozilla/5.0 (Macintosh; Intel Mac OS X 10_15_7) AppleWebKit/605.1.15"
May 05 10:40:28 server sshd[8970]: Accepted publickey for charlie from 192.168.1.22 port 36615 ssh2
May 05 10:40:33 server sshd[5990]: Accepted publickey for alice from 192.168.1.15 port 41998 ssh2
May 05 10:41:07 server sshd[3423]: Accepted publickey for alice from 172.16.0.100 port 46890 ssh2
May 05 10:41:29 server sshd[8935]: Invalid user ec2-user from 45.95.147.6
192.168.1.15 - - [05/May/2026:10:41:54 +0000] "GET / HTTP/1.1" 200 38352 "-" "Mozilla/5.0 (X11; Linux x86_64) AppleWebKit/537.36"
10.0.0.45 - - [05/May/2026:10:42:22 +0000] "GET /products HTTP/1.1" 200 12989 "-" "Mozilla/5.0 (Windows NT 10.0; Win64; x64) AppleWebKit/537.36"
192.168.1.10 - - [05/May/2026:10:42:23 +0000] "GET /static/css/main.css HTTP/1.1" 200 18451 "-" "Mozilla/5.0 (X11; Linux x86_64) AppleWebKit/537.36"
May 05 10:42:37 server sshd[8101]: Accepted publickey for alice from 192.168.1.22 port 49820 ssh2
May 05 10:42:43 server sshd[5346]: Accepted publickey for bob from 10.0.0.45 port 64503 ssh2
192.168.1.15 - - [05/May/2026:10:43:00 +0000] "GET /dashboard HTTP/1.1" 200 3986 "-" "Mozilla/5.0 (Macintosh; Intel Mac OS X 10_15_7) AppleWebKit/605.1.15"
May 05 10:43:18 server sshd[3461]: Failed password for ubuntu from 194.26.29.10 port 54287 ssh2
172.16.0.101 - - [05/May/2026:10:43:18 +0000] "GET /static/js/app.js HTTP/1.1" 200 4734 "-" "Mozilla/5.0 (Macintosh; Intel Mac OS X 10_15_7) AppleWebKit/605.1.15"
May 05 10:44:00 server sshd[5119]: Accepted publickey for alice from 172.16.0.101 port 29025 ssh2
May 05 10:44:17 server sshd[2322]: pam_unix(sshd:auth): authentication failure; logname= uid=0 euid=0 tty=ssh ruser= rhost=61.177.172.140 user=guest
172.16.0.100 - - [05/May/2026:10:44:22 +0000] "GET /login HTTP/1.1" 200 6136 "-" "Mozilla/5.0 (X11; Linux x86_64) AppleWebKit/537.36"
212.193.30.11 - - [05/May/2026:10:45:14 +0000] "GET /page?file=../../../../etc/shadow HTTP/1.1" 500 917 "-" "Mozilla/5.0 (Macintosh; Intel Mac OS X 10_15_7) AppleWebKit/605.1.15"
192.168.1.22 - - [05/May/2026:10:45:43 +0000] "GET /login HTTP/1.1" 200 20230 "-" "Mozilla/5.0 (Macintosh; Intel Mac OS X 10_15_7) AppleWebKit/605.1.15"
192.168.1.22 - - [05/May/2026:10:45:58 +0000] "GET /static/css/main.css HTTP/1.1" 200 38390 "-" "Mozilla/5.0 (Windows NT 10.0; Win64; x64) AppleWebKit/537.36"
172.16.0.101 - - [05/May/2026:10:46:19 +0000] "GET /about.html HTTP/1.1" 200 29132 "-" "Mozilla/5.0 (Windows NT 10.0; Win64; x64) AppleWebKit/537.36"
10.0.0.45 - - [05/May/2026:10:47:27 +0000] "GET /login HTTP/1.1" 200 28085 "-" "Mozilla/5.0 (Windows NT 10.0; Win64; x64) AppleWebKit/537.36"
192.168.1.22 - - [05/May/2026:10:47:33 +0000] "GET /profile HTTP/1.1" 200 31195 "-" "Mozilla/5.0 (Macintosh; Intel Mac OS X 10_15_7) AppleWebKit/605.1.15"
192.168.1.15 - - [05/May/2026:10:48:39 +0000] "GET /api/v1/status HTTP/1.1" 200 41190 "-" "Mozilla/5.0 (X11; Linux x86_64) AppleWebKit/537.36"
192.168.1.22 - - [05/May/2026:10:48:57 +0000] "GET /static/css/main.css HTTP/1.1" 200 26907 "-" "Mozilla/5.0 (X11; Linux x86_64) AppleWebKit/537.36"
172.16.0.100 - - [05/May/2026:10:49:29 +0000] "GET / HTTP/1.1" 200 4084 "-" "Mozilla/5.0 (Macintosh; Intel Mac OS X 10_15_7) AppleWebKit/605.1.15"
192.168.1.22 - - [05/May/2026:10:50:21 +0000] "GET /api/v1/users HTTP/1.1" 200 4488 "-" "Mozilla/5.0 (Windows NT 10.0; Win64; x64) AppleWebKit/537.36"
192.168.1.15 - - [05/May/2026:10:51:44 +0000] "GET /static/js/app.js HTTP/1.1" 200 15150 "-" "Mozilla/5.0 (X11; Linux x86_64) AppleWebKit/537.36"
May 05 10:52:19 server sshd[8945]: Accepted publickey for alice from 172.16.0.101 port 60872 ssh2
192.168.1.10 - - [05/May/2026:10:52:44 +0000] "GET /dashboard HTTP/1.1" 200 34567 "-" "Mozilla/5.0 (Windows NT 10.0; Win64; x64) AppleWebKit/537.36"
May 05 10:53:13 server sshd[7401]: Failed password for ubuntu from 103.143.207.52 port 23647 ssh2
May 05 10:53:59 server sshd[9957]: Invalid user postgres from 194.26.29.10
192.168.1.22 - - [05/May/2026:10:54:12 +0000] "GET /index.html HTTP/1.1" 304 32806 "-" "Mozilla/5.0 (Macintosh; Intel Mac OS X 10_15_7) AppleWebKit/605.1.15"
May 05 10:54:40 server sshd[9380]: Failed password for oracle from 212.193.30.11 port 55827 ssh2
May 05 10:54:52 server sshd[8083]: Accepted publickey for alice from 10.0.0.45 port 29584 ssh2
192.168.1.10 - - [05/May/2026:10:55:25 +0000] "GET /static/css/main.css HTTP/1.1" 200 2333 "-" "Mozilla/5.0 (Macintosh; Intel Mac OS X 10_15_7) AppleWebKit/605.1.15"
May 05 10:55:29 server sshd[1558]: Invalid user test from 139.59.45.187
172.16.0.101 - - [05/May/2026:10:55:41 +0000] "GET / HTTP/1.1" 200 9629 "-" "Mozilla/5.0 (Macintosh; Intel Mac OS X 10_15_7) AppleWebKit/605.1.15"
May 05 10:56:17 server sshd[4453]: Failed password for ec2-user from 103.143.207.52 port 42861 ssh2
May 05 10:56:19 server sshd[7168]: Accepted publickey for deploy from 192.168.1.10 port 50916 ssh2
May 05 10:56:46 server sshd[5560]: Accepted publickey for bob from 10.0.0.45 port 63151 ssh2
10.0.0.45 - - [05/May/2026:10:56:57 +0000] "GET /about.html HTTP/1.1" 200 23559 "-" "Mozilla/5.0 (X11; Linux x86_64) AppleWebKit/537.36"
May 05 10:57:36 server sshd[3120]: Accepted publickey for charlie from 172.16.0.100 port 41238 ssh2
192.168.1.22 - - [05/May/2026:10:57:37 +0000] "GET /static/css/main.css HTTP/1.1" 200 3444 "-" "Mozilla/5.0 (Windows NT 10.0; Win64; x64) AppleWebKit/537.36"
May 05 10:58:06 server sshd[7882]: Accepted publickey for deploy from 192.168.1.15 port 24218 ssh2
May 05 10:58:14 server sshd[4793]: Failed password for user from 218.92.0.211 port 35506 ssh2
May 05 10:59:39 server sshd[8234]: Accepted publickey for alice from 192.168.1.10 port 44531 ssh2
192.168.1.10 - - [05/May/2026:11:00:59 +0000] "GET /static/css/main.css HTTP/1.1" 200 42272 "-" "Mozilla/5.0 (X11; Linux x86_64) AppleWebKit/537.36"
10.0.0.45 - - [05/May/2026:11:01:12 +0000] "GET /contact HTTP/1.1" 200 49137 "-" "Mozilla/5.0 (Windows NT 10.0; Win64; x64) AppleWebKit/537.36"
192.168.1.15 - - [05/May/2026:11:01:27 +0000] "GET / HTTP/1.1" 200 13839 "-" "Mozilla/5.0 (Windows NT 10.0; Win64; x64) AppleWebKit/537.36"
May 05 11:02:12 server sshd[6840]: Accepted publickey for charlie from 172.16.0.100 port 60532 ssh2
139.59.45.187 - - [05/May/2026:11:02:57 +0000] "GET /.env HTTP/1.1" 401 479 "-" "Nmap Scripting Engine"
192.168.1.22 - - [05/May/2026:11:03:08 +0000] "GET /static/js/app.js HTTP/1.1" 200 3873 "-" "Mozilla/5.0 (X11; Linux x86_64) AppleWebKit/537.36"
May 05 11:03:51 server sshd[2280]: Invalid user admin from 61.177.172.140
May 05 11:04:01 server sshd[7396]: Accepted publickey for charlie from 192.168.1.22 port 43455 ssh2
May 05 11:04:04 server sshd[9755]: Accepted publickey for alice from 192.168.1.15 port 57706 ssh2
172.16.0.100 - - [05/May/2026:11:04:15 +0000] "GET /static/css/main.css HTTP/1.1" 304 4212 "-" "Mozilla/5.0 (X11; Linux x86_64) AppleWebKit/537.36"
192.168.1.22 - - [05/May/2026:11:05:37 +0000] "GET / HTTP/1.1" 200 28117 "-" "Mozilla/5.0 (Macintosh; Intel Mac OS X 10_15_7) AppleWebKit/605.1.15"
May 05 11:06:15 server sshd[6666]: Accepted publickey for alice from 172.16.0.100 port 24637 ssh2
192.168.1.10 - - [05/May/2026:11:06:21 +0000] "GET /login HTTP/1.1" 200 43972 "-" "Mozilla/5.0 (Windows NT 10.0; Win64; x64) AppleWebKit/537.36"
192.168.1.15 - - [05/May/2026:11:07:30 +0000] "GET / HTTP/1.1" 200 13356 "-" "Mozilla/5.0 (X11; Linux x86_64) AppleWebKit/537.36"
May 05 11:07:38 server sshd[3121]: Accepted publickey for deploy from 192.168.1.10 port 37728 ssh2
172.16.0.101 - - [05/May/2026:11:07:38 +0000] "GET / HTTP/1.1" 304 32099 "-" "Mozilla/5.0 (Windows NT 10.0; Win64; x64) AppleWebKit/537.36"
May 05 11:07:46 server sshd[6738]: Failed password for postgres from 103.143.207.52 port 48279 ssh2
192.168.1.10 - - [05/May/2026:11:08:12 +0000] "GET /index.html HTTP/1.1" 304 1158 "-" "Mozilla/5.0 (Windows NT 10.0; Win64; x64) AppleWebKit/537.36"
172.16.0.100 - - [05/May/2026:11:08:26 +0000] "GET / HTTP/1.1" 200 4227 "-" "Mozilla/5.0 (Windows NT 10.0; Win64; x64) AppleWebKit/537.36"
May 05 11:08:28 server sshd[6763]: Connection closed by 45.95.147.6 [preauth]
192.168.1.15 - - [05/May/2026:11:08:49 +0000] "GET /static/css/main.css HTTP/1.1" 304 9528 "-" "Mozilla/5.0 (Windows NT 10.0; Win64; x64) AppleWebKit/537.36"
192.168.1.22 - - [05/May/2026:11:09:08 +0000] "GET /api/v1/status HTTP/1.1" 304 43439 "-" "Mozilla/5.0 (Windows NT 10.0; Win64; x64) AppleWebKit/537.36"
10.0.0.45 - - [05/May/2026:11:10:08 +0000] "GET /profile HTTP/1.1" 200 5505 "-" "Mozilla/5.0 (Macintosh; Intel Mac OS X 10_15_7) AppleWebKit/605.1.15"
May 05 11:10:34 server sshd[4609]: Accepted publickey for charlie from 172.16.0.101 port 49067 ssh2
May 05 11:10:45 server sshd[5001]: Accepted publickey for charlie from 192.168.1.22 port 54527 ssh2
May 05 11:11:13 server sshd[4851]: pam_unix(sshd:auth): authentication failure; logname= uid=0 euid=0 tty=ssh ruser= rhost=194.26.29.10 user=root
172.16.0.100 - - [05/May/2026:11:11:20 +0000] "GET /api/v1/status HTTP/1.1" 200 46735 "-" "Mozilla/5.0 (X11; Linux x86_64) AppleWebKit/537.36"
May 05 11:11:31 server sshd[5996]: Accepted publickey for bob from 192.168.1.15 port 56239 ssh2
192.168.1.10 - - [05/May/2026:11:12:24 +0000] "GET /dashboard HTTP/1.1" 200 32963 "-" "Mozilla/5.0 (Windows NT 10.0; Win64; x64) AppleWebKit/537.36"
172.16.0.101 - - [05/May/2026:11:12:27 +0000] "GET /login HTTP/1.1" 200 2203 "-" "Mozilla/5.0 (X11; Linux x86_64) AppleWebKit/537.36"
192.168.1.10 - - [05/May/2026:11:12:41 +0000] "GET / HTTP/1.1" 200 18716 "-" "Mozilla/5.0 (X11; Linux x86_64) AppleWebKit/537.36"
10.0.0.45 - - [05/May/2026:11:12:55 +0000] "GET /contact HTTP/1.1" 200 12586 "-" "Mozilla/5.0 (X11; Linux x86_64) AppleWebKit/537.36"
172.16.0.101 - - [05/May/2026:11:13:24 +0000] "GET /login HTTP/1.1" 200 28276 "-" "Mozilla/5.0 (X11; Linux x86_64) AppleWebKit/537.36"
May 05 11:13:46 server sshd[2789]: Accepted publickey for alice from 10.0.0.45 port 56260 ssh2
May 05 11:13:59 server sshd[1448]: Accepted publickey for bob from 192.168.1.22 port 42344 ssh2
May 05 11:14:10 server sshd[3160]: Accepted publickey for bob from 10.0.0.45 port 20995 ssh2
192.168.1.22 - - [05/May/2026:11:14:17 +0000] "GET /contact HTTP/1.1" 304 19887 "-" "Mozilla/5.0 (Macintosh; Intel Mac OS X 10_15_7) AppleWebKit/605.1.15"
172.16.0.100 - - [05/May/2026:11:14:36 +0000] "GET /products HTTP/1.1" 200 43297 "-" "Mozilla/5.0 (X11; Linux x86_64) AppleWebKit/537.36"
172.16.0.101 - - [05/May/2026:11:15:07 +0000] "GET /products HTTP/1.1" 200 29585 "-" "Mozilla/5.0 (Macintosh; Intel Mac OS X 10_15_7) AppleWebKit/605.1.15"
May 05 11:16:28 server sshd[4569]: Failed password for ubuntu from 45.95.147.6 port 46778 ssh2
May 05 11:17:37 server sshd[2049]: Accepted publickey for charlie from 192.168.1.22 port 48864 ssh2
May 05 11:18:11 server sshd[4812]: Connection closed by 45.33.32.156 [preauth]
192.168.1.22 - - [05/May/2026:11:18:16 +0000] "GET /static/js/app.js HTTP/1.1" 200 15404 "-" "Mozilla/5.0 (X11; Linux x86_64) AppleWebKit/537.36"
May 05 11:19:41 server sshd[6199]: pam_unix(sshd:auth): authentication failure; logname= uid=0 euid=0 tty=ssh ruser= rhost=218.92.0.211 user=guest
May 05 11:20:35 server sshd[5217]: Accepted publickey for charlie from 192.168.1.10 port 21056 ssh2
192.168.1.22 - - [05/May/2026:11:21:04 +0000] "GET /api/v1/status HTTP/1.1" 304 24111 "-" "Mozilla/5.0 (Macintosh; Intel Mac OS X 10_15_7) AppleWebKit/605.1.15"
192.168.1.15 - - [05/May/2026:11:21:07 +0000] "GET /dashboard HTTP/1.1" 200 45131 "-" "Mozilla/5.0 (Macintosh; Intel Mac OS X 10_15_7) AppleWebKit/605.1.15"
172.16.0.100 - - [05/May/2026:11:21:34 +0000] "GET /index.html HTTP/1.1" 200 33722 "-" "Mozilla/5.0 (Macintosh; Intel Mac OS X 10_15_7) AppleWebKit/605.1.15"
139.59.45.187 - - [05/May/2026:11:22:23 +0000] "GET /wp-admin/ HTTP/1.1" 403 1347 "-" "curl/7.81.0"
172.16.0.101 - - [05/May/2026:11:22:32 +0000] "GET /dashboard HTTP/1.1" 200 14581 "-" "Mozilla/5.0 (Macintosh; Intel Mac OS X 10_15_7) AppleWebKit/605.1.15"
May 05 11:22:53 server sshd[2285]: Accepted publickey for deploy from 172.16.0.101 port 25066 ssh2
May 05 11:22:57 server sshd[1510]: Accepted publickey for charlie from 10.0.0.45 port 30506 ssh2
May 05 11:23:07 server sshd[9592]: Accepted publickey for deploy from 172.16.0.100 port 54100 ssh2
172.16.0.100 - - [05/May/2026:11:23:36 +0000] "GET /api/v1/users HTTP/1.1" 200 35821 "-" "Mozilla/5.0 (X11; Linux x86_64) AppleWebKit/537.36"
May 05 11:24:14 server sshd[8291]: Accepted publickey for bob from 172.16.0.101 port 46864 ssh2
172.16.0.100 - - [05/May/2026:11:24:20 +0000] "GET /contact HTTP/1.1" 200 16430 "-" "Mozilla/5.0 (Macintosh; Intel Mac OS X 10_15_7) AppleWebKit/605.1.15"
May 05 11:24:23 server sshd[6935]: Connection closed by 185.143.223.91 [preauth]
192.168.1.15 - - [05/May/2026:11:24:41 +0000] "GET /static/css/main.css HTTP/1.1" 200 37812 "-" "Mozilla/5.0 (Windows NT 10.0; Win64; x64) AppleWebKit/537.36"
192.168.1.10 - - [05/May/2026:11:25:21 +0000] "GET /login HTTP/1.1" 200 38249 "-" "Mozilla/5.0 (Macintosh; Intel Mac OS X 10_15_7) AppleWebKit/605.1.15"
172.16.0.101 - - [05/May/2026:11:25:49 +0000] "GET /about.html HTTP/1.1" 304 17557 "-" "Mozilla/5.0 (Macintosh; Intel Mac OS X 10_15_7) AppleWebKit/605.1.15"
172.16.0.101 - - [05/May/2026:11:26:45 +0000] "GET / HTTP/1.1" 200 2068 "-" "Mozilla/5.0 (X11; Linux x86_64) AppleWebKit/537.36"
10.0.0.45 - - [05/May/2026:11:26:57 +0000] "GET /index.html HTTP/1.1" 200 17760 "-" "Mozilla/5.0 (X11; Linux x86_64) AppleWebKit/537.36"
61.177.172.140 - - [05/May/2026:11:27:04 +0000] "POST /index.php?page=php://filter/convert.base64-encode/resource=index HTTP/1.1" 401 361 "-" "sqlmap/1.7.2"
May 05 11:27:45 server sshd[2765]: Accepted publickey for charlie from 192.168.1.22 port 22964 ssh2
May 05 11:28:47 server sshd[8138]: Accepted publickey for deploy from 10.0.0.45 port 38958 ssh2
192.168.1.10 - - [05/May/2026:11:29:19 +0000] "GET /login HTTP/1.1" 304 33807 "-" "Mozilla/5.0 (Macintosh; Intel Mac OS X 10_15_7) AppleWebKit/605.1.15"
May 05 11:29:20 server sshd[2587]: Accepted publickey for charlie from 172.16.0.100 port 35221 ssh2
May 05 11:29:44 server sshd[2372]: Failed password for ec2-user from 139.59.45.187 port 29978 ssh2
May 05 11:29:57 server sshd[7215]: Connection closed by 218.92.0.211 [preauth]
10.0.0.45 - - [05/May/2026:11:30:18 +0000] "GET /about.html HTTP/1.1" 200 17501 "-" "Mozilla/5.0 (X11; Linux x86_64) AppleWebKit/537.36"
May 05 11:30:20 server sshd[4451]: Accepted publickey for alice from 192.168.1.15 port 48215 ssh2
172.16.0.100 - - [05/May/2026:11:30:33 +0000] "GET /api/v1/status HTTP/1.1" 200 11352 "-" "Mozilla/5.0 (Windows NT 10.0; Win64; x64) AppleWebKit/537.36"
192.168.1.22 - - [05/May/2026:11:31:59 +0000] "GET /contact HTTP/1.1" 304 33838 "-" "Mozilla/5.0 (Windows NT 10.0; Win64; x64) AppleWebKit/537.36"
172.16.0.100 - - [05/May/2026:11:32:38 +0000] "GET /contact HTTP/1.1" 200 32505 "-" "Mozilla/5.0 (Windows NT 10.0; Win64; x64) AppleWebKit/537.36"
172.16.0.100 - - [05/May/2026:11:33:13 +0000] "GET /static/js/app.js HTTP/1.1" 304 8769 "-" "Mozilla/5.0 (Macintosh; Intel Mac OS X 10_15_7) AppleWebKit/605.1.15"
May 05 11:33:18 server sshd[8281]: Accepted publickey for alice from 172.16.0.101 port 48328 ssh2
May 05 11:33:31 server sshd[6795]: Accepted publickey for alice from 192.168.1.15 port 25181 ssh2
May 05 11:34:46 server sshd[8429]: Failed password for test from 45.95.147.6 port 61328 ssh2
May 05 11:34:47 server sshd[1628]: Accepted publickey for charlie from 192.168.1.10 port 48401 ssh2
172.16.0.100 - - [05/May/2026:11:35:59 +0000] "GET /login HTTP/1.1" 200 42082 "-" "Mozilla/5.0 (X11; Linux x86_64) AppleWebKit/537.36"
May 05 11:36:15 server sshd[4205]: Invalid user ftp from 212.193.30.11
172.16.0.100 - - [05/May/2026:11:37:04 +0000] "GET /about.html HTTP/1.1" 200 27904 "-" "Mozilla/5.0 (X11; Linux x86_64) AppleWebKit/537.36"
May 05 11:37:30 server sshd[3159]: Accepted publickey for charlie from 192.168.1.15 port 33013 ssh2
May 05 11:37:40 server sshd[1052]: Accepted publickey for bob from 172.16.0.100 port 48463 ssh2
May 05 11:38:11 server sshd[9031]: Accepted publickey for deploy from 192.168.1.15 port 61289 ssh2
172.16.0.100 - - [05/May/2026:11:38:25 +0000] "GET /index.html HTTP/1.1" 200 7864 "-" "Mozilla/5.0 (Macintosh; Intel Mac OS X 10_15_7) AppleWebKit/605.1.15"
172.16.0.100 - - [05/May/2026:11:38:39 +0000] "GET /api/v1/status HTTP/1.1" 200 35264 "-" "Mozilla/5.0 (X11; Linux x86_64) AppleWebKit/537.36"
May 05 11:39:07 server sshd[9014]: Accepted publickey for deploy from 10.0.0.45 port 59390 ssh2
