May 05 03:04:36 server sshd[7033]: pam_unix(sshd:auth): authentication failure; logname= uid=0 euid=0 tty=ssh ruser= rhost=212.193.30.11 user=ubuntu
May 05 03:04:37 server sshd[3466]: Accepted publickey for bob from 192.168.1.15 port 20417 ssh2
May 05 03:04:59 server sshd[1157]: Failed password for ftp from 45.95.147.6 port 41955 ssh2
92.118.39.81 - - [05/May/2026:03:05:48 +0000] "GET /phpmyadmin/ HTTP/1.1" 404 1185 "-" "curl/7.81.0"
May 05 03:06:03 server sshd[1719]: Accepted publickey for alice from 192.168.1.15 port 35169 ssh2
May 05 03:06:37 server sshd[2020]: Failed password for admin from 61.177.172.140 port 48507 ssh2
192.168.1.15 - - [05/May/2026:03:06:42 +0000] "GET /api/v1/status HTTP/1.1" 200 46422 "-" "Mozilla/5.0 (X11; Linux x86_64) AppleWebKit/537.36"
May 05 03:06:57 server sshd[2391]: Invalid user ubuntu from 45.95.147.6
May 05 03:07:06 server sshd[9780]: Invalid user admin from 61.177.172.140
May 05 03:07:20 server sshd[2785]: Failed password for oracle from 212.193.30.11 port 30184 ssh2
192.168.1.15 - - [05/May/2026:03:07:22 +0000] "GET /static/js/app.js HTTP/1.1" 200 8358 "-" "Mozilla/5.0 (Windows NT 10.0; Win64; x64) AppleWebKit/537.36"
2026-05-05 03:08:05 firewall: blocked port scan from 61.177.172.140 (ports: 22,23,80,443,3306,3389)
139.59.45.187 - - [05/May/2026:03:08:51 +0000] "POST /wp-login.php HTTP/1.1" 404 1811 "-" "Wget/1.21.2"
May 05 03:09:12 server sshd[5240]: Invalid user guest from 185.143.223.91
May 05 03:09:16 server sshd[5093]: Failed password for ubuntu from 61.177.172.140 port 26207 ssh2
185.143.223.91 - - [05/May/2026:03:09:29 +0000] "POST /wp-admin/ HTTP/1.1" 403 1800 "-" "curl/7.81.0"
May 05 03:10:01 server sshd[3110]: Accepted publickey for deploy from 192.168.1.15 port 26027 ssh2
May 05 03:11:07 server sshd[8096]: Invalid user guest from 194.26.29.10
92.118.39.81 - - [05/May/2026:03:11:11 +0000] "GET /wp-content/uploads/ HTTP/1.1" 500 1909 "-" "Mozilla/5.0 (X11; Linux x86_64) AppleWebKit/537.36"
May 05 03:11:52 server sshd[7990]: Invalid user ftp from 61.177.172.140
May 05 03:12:05 server sshd[9614]: Failed password for ftp from 212.193.30.11 port 36328 ssh2
May 05 03:12:41 server sshd[1999]: Invalid user ubuntu from 103.143.207.52
May 05 03:13:24 server sshd[8940]: Invalid user centos from 103.143.207.52
May 05 03:14:10 server sshd[1916]: pam_unix(sshd:auth): authentication failure; logname= uid=0 euid=0 tty=ssh ruser= rhost=92.118.39.81 user=ec2-user
92.118.39.81 - - [05/May/2026:03:14:38 +0000] "POST /wp-login.php HTTP/1.1" 500 1184 "-" "Wget/1.21.2"
May 05 03:14:58 server sshd[1427]: Failed password for oracle from 92.118.39.81 port 40897 ssh2
45.95.147.6 - - [05/May/2026:03:15:36 +0000] "GET /.git/config HTTP/1.1" 404 584 "-" "Wget/1.21.2"
May 05 03:15:58 server sshd[3328]: pam_unix(sshd:auth): authentication failure; logname= uid=0 euid=0 tty=ssh ruser= rhost=45.95.147.6 user=guest
May 05 03:16:03 server sshd[1011]: Failed password for ubuntu from 103.143.207.52 port 41740 ssh2
10.0.0.45 - - [05/May/2026:03:16:53 +0000] "GET /about.html HTTP/1.1" 200 2987 "-" "Mozilla/5.0 (Windows NT 10.0; Win64; x64) AppleWebKit/537.36"
185.143.223.91 - - [05/May/2026:03:17:09 +0000] "GET /api/v1/users?id=1; DROP TABLE users-- HTTP/1.1" 401 248 "-" "Wget/1.21.2"
May 05 03:17:51 server sshd[1359]: pam_unix(sshd:auth): authentication failure; logname= uid=0 euid=0 tty=ssh ruser= rhost=45.95.147.6 user=root
May 05 03:18:21 server sshd[8157]: Failed password for mysql from 194.26.29.10 port 61894 ssh2
61.177.172.140 - - [05/May/2026:03:19:14 +0000] "GET /admin?id=1' OR '1'='1 HTTP/1.1" 401 360 "-" "Mozilla/5.0 (X11; Linux x86_64) AppleWebKit/537.36"
172.16.0.100 - - [05/May/2026:03:19:20 +0000] "GET /dashboard HTTP/1.1" 200 33017 "-" "Mozilla/5.0 (Windows NT 10.0; Win64; x64) AppleWebKit/537.36"
May 05 03:19:41 server sshd[6846]: pam_unix(sshd:auth): authentication failure; logname= uid=0 euid=0 tty=ssh ruser= rhost=103.143.207.52 user=mysql
May 05 03:19:44 server sshd[3983]: Accepted publickey for alice from 10.0.0.45 port 59478 ssh2
May 05 03:20:40 server sshd[4435]: Failed password for test from 45.33.32.156 port 36353 ssh2
May 05 03:20:44 server sshd[1020]: Failed password for mysql from 185.143.223.91 port 23155 ssh2
May 05 03:20:47 server sshd[2453]: Failed password for oracle from 45.95.147.6 port 63910 ssh2
194.26.29.10 - - [05/May/2026:03:21:04 +0000] "GET /.env HTTP/1.1" 403 792 "-" "Nikto/2.1.6"
45.33.32.156 - - [05/May/2026:03:21:10 +0000] "GET /admin?id=1' OR '1'='1 HTTP/1.1" 403 752 "-" "python-requests/2.31.0"
2026-05-05 03:21:28 fail2ban: Ban 61.177.172.140 after 5 failed attempts on sshd
May 05 03:21:56 server sshd[4695]: Invalid user ubuntu from 185.143.223.91
May 05 03:22:03 server sshd[8869]: Invalid user ftp from 92.118.39.81
May 05 03:22:19 server sshd[9043]: Failed password for ec2-user from 139.59.45.187 port 30065 ssh2
May 05 03:22:26 server sshd[5612]: pam_unix(sshd:auth): authentication failure; logname= uid=0 euid=0 tty=ssh ruser= rhost=103.143.207.52 user=test
194.26.29.10 - - [05/May/2026:03:22:41 +0000] "POST /wp-login.php HTTP/1.1" 403 778 "-" "curl/7.81.0"
May 05 03:23:06 server sshd[8758]: Failed password for admin from 92.118.39.81 port 27569 ssh2
May 05 03:23:19 server sshd[9914]: Invalid user admin from 92.118.39.81
May 05 03:24:11 server sshd[1731]: Invalid user ubuntu from 194.26.29.10
May 05 03:24:16 server sshd[2009]: Failed password for guest from 92.118.39.81 port 29904 ssh2
May 05 03:24:48 server sshd[9871]: Failed password for centos from 45.95.147.6 port 47131 ssh2
May 05 03:24:48 server sshd[9561]: Connection closed by 61.177.172.140 [preauth]
2026-05-05 03:25:02 firewall: brute force attempt detected from 61.177.172.140, blocking for 1h
194.26.29.10 - - [05/May/2026:03:25:09 +0000] "POST /.git/config HTTP/1.1" 404 1755 "-" "curl/7.81.0"
139.59.45.187 - - [05/May/2026:03:25:34 +0000] "GET /backup.sql HTTP/1.1" 500 712 "-" "Mozilla/5.0 (Macintosh; Intel Mac OS X 10_15_7) AppleWebKit/605.1.15"
192.168.1.10 - - [05/May/2026:03:25:57 +0000] "GET /login HTTP/1.1" 304 44902 "-" "Mozilla/5.0 (X11; Linux x86_64) AppleWebKit/537.36"
103.143.207.52 - - [05/May/2026:03:26:25 +0000] "GET /cgi-bin/.%2e/.%2e/.%2e/.%2e/bin/sh HTTP/1.1" 403 1710 "-" "Nmap Scripting Engine"
May 05 03:26:53 server sshd[7358]: Failed password for admin from 185.143.223.91 port 56461 ssh2
May 05 03:27:26 server sshd[2641]: Connection closed by 139.59.45.187 [preauth]
103.143.207.52 - - [05/May/2026:03:28:36 +0000] "GET /../../etc/passwd HTTP/1.1" 500 640 "-" "sqlmap/1.7.2"
92.118.39.81 - - [05/May/2026:03:29:01 +0000] "POST /wp-content/uploads/ HTTP/1.1" 500 1857 "-" "Mozilla/5.0 (Macintosh; Intel Mac OS X 10_15_7) AppleWebKit/605.1.15"
May 05 03:29:02 server sshd[7581]: Invalid user guest from 139.59.45.187
212.193.30.11 - - [05/May/2026:03:29:02 +0000] "GET /wp-login.php HTTP/1.1" 500 1985 "-" "python-requests/2.31.0"
May 05 03:29:08 server sshd[7828]: pam_unix(sshd:auth): authentication failure; logname= uid=0 euid=0 tty=ssh ruser= rhost=45.95.147.6 user=test
61.177.172.140 - - [05/May/2026:03:30:12 +0000] "POST /.aws/credentials HTTP/1.1" 401 1781 "-" "Mozilla/5.0 (Windows NT 10.0; Win64; x64) AppleWebKit/537.36"
May 05 03:31:19 server sshd[1474]: Invalid user guest from 103.143.207.52
172.16.0.101 - - [05/May/2026:03:32:03 +0000] "GET /api/v1/status HTTP/1.1" 200 33603 "-" "Mozilla/5.0 (Macintosh; Intel Mac OS X 10_15_7) AppleWebKit/605.1.15"
May 05 03:32:12 server sshd[1541]: Accepted publickey for bob from 192.168.1.15 port 49913 ssh2
May 05 03:33:43 server sshd[3909]: Invalid user ubuntu from 139.59.45.187
May 05 03:34:00 server sshd[1138]: Failed password for guest from 194.26.29.10 port 34664 ssh2
May 05 03:34:01 server sshd[4511]: Failed password for centos from 139.59.45.187 port 34506 ssh2
May 05 03:34:37 server sshd[2480]: Failed password for mysql from 92.118.39.81 port 38682 ssh2
May 05 03:34:41 server sshd[1328]: Failed password for ec2-user from 61.177.172.140 port 64708 ssh2
May 05 03:35:29 server sshd[7506]: Invalid user guest from 103.143.207.52
May 05 03:35:37 server sshd[5631]: Invalid user ec2-user from 45.95.147.6
May 05 03:35:38 server sshd[7168]: Failed password for git from 92.118.39.81 port 42853 ssh2
May 05 03:36:09 server sshd[7620]: Failed password for centos from 45.33.32.156 port 63288 ssh2
2026-05-05 03:36:16 firewall: brute force attempt detected from 92.118.39.81, blocking for 1h
May 05 03:36:43 server sshd[6327]: Failed password for ftp from 92.118.39.81 port 38145 ssh2
May 05 03:37:25 server sshd[6622]: Failed password for postgres from 139.59.45.187 port 34572 ssh2
May 05 03:37:43 server sshd[5250]: Failed password for test from 218.92.0.211 port 47431 ssh2
45.95.147.6 - - [05/May/2026:03:37:43 +0000] "POST /api/v1/users?id=1; DROP TABLE users-- HTTP/1.1" 401 1831 "-" "Mozilla/5.0 (X11; Linux x86_64) AppleWebKit/537.36"
May 05 03:38:06 server sshd[3999]: pam_unix(sshd:auth): authentication failure; logname= uid=0 euid=0 tty=ssh ruser= rhost=103.143.207.52 user=centos
May 05 03:38:26 server sshd[5817]: Failed password for guest from 92.118.39.81 port 50393 ssh2
172.16.0.101 - - [05/May/2026:03:38:43 +0000] "GET /api/v1/status HTTP/1.1" 200 49272 "-" "Mozilla/5.0 (Macintosh; Intel Mac OS X 10_15_7) AppleWebKit/605.1.15"
May 05 03:39:30 server sshd[2166]: Connection closed by 139.59.45.187 [preauth]
192.168.1.15 - - [05/May/2026:03:40:03 +0000] "GET /contact HTTP/1.1" 200 27316 "-" "Mozilla/5.0 (X11; Linux x86_64) AppleWebKit/537.36"
May 05 03:40:21 server sshd[8406]: Failed password for root from 45.33.32.156 port 37925 ssh2
May 05 03:40:56 server sshd[5888]: Failed password for ec2-user from 61.177.172.140 port 47073 ssh2
10.0.0.45 - - [05/May/2026:03:40:57 +0000] "GET /api/v1/users HTTP/1.1" 200 5796 "-" "Mozilla/5.0 (Macintosh; Intel Mac OS X 10_15_7) AppleWebKit/605.1.15"
May 05 03:41:48 server sshd[9021]: Connection closed by 194.26.29.10 [preauth]
May 05 03:41:50 server sshd[8035]: Failed password for git from 139.59.45.187 port 46436 ssh2
May 05 03:42:10 server sshd[9524]: Failed password for ubuntu from 92.118.39.81 port 59083 ssh2
May 05 03:42:30 server sshd[7112]: Failed password for mysql from 212.193.30.11 port 20922 ssh2
192.168.1.22 - - [05/May/2026:03:42:44 +0000] "GET /static/css/main.css HTTP/1.1" 304 39079 "-" "Mozilla/5.0 (Macintosh; Intel Mac OS X 10_15_7) AppleWebKit/605.1.15"
212.193.30.11 - - [05/May/2026:03:42:57 +0000] "POST /wp-admin/ HTTP/1.1" 403 1383 "-" "curl/7.81.0"
May 05 03:43:01 server sshd[1612]: Failed password for mysql from 45.95.147.6 port 44588 ssh2
10.0.0.45 - - [05/May/2026:03:43:10 +0000] "GET /contact HTTP/1.1" 200 14340 "-" "Mozilla/5.0 (X11; Linux x86_64) AppleWebKit/537.36"
192.168.1.15 - - [05/May/2026:03:43:27 +0000] "GET /static/js/app.js HTTP/1.1" 200 49659 "-" "Mozilla/5.0 (Windows NT 10.0; Win64; x64) AppleWebKit/537.36"
May 05 03:44:07 server sshd[1152]: Invalid user postgres from 194.26.29.10
May 05 03:44:49 server sshd[2771]: Failed password for ftp from 45.33.32.156 port 62832 ssh2
May 05 03:44:53 server sshd[7230]: pam_unix(sshd:auth): authentication failure; logname= uid=0 euid=0 tty=ssh ruser= rhost=61.177.172.140 user=ubuntu
May 05 03:45:26 server sshd[3247]: pam_unix(sshd:auth): authentication failure; logname= uid=0 euid=0 tty=ssh ruser= rhost=92.118.39.81 user=guest
May 05 03:45:26 server sshd[5631]: Failed password for admin from 139.59.45.187 port 27471 ssh2
May 05 03:45:50 server sshd[5308]: Failed password for centos from 212.193.30.11 port 54284 ssh2
May 05 03:46:22 server sshd[9132]: Failed password for ec2-user from 45.33.32.156 port 33611 ssh2
192.168.1.22 - - [05/May/2026:03:46:44 +0000] "GET / HTTP/1.1" 200 7737 "-" "Mozilla/5.0 (X11; Linux x86_64) AppleWebKit/537.36"
May 05 03:47:03 server sshd[6901]: Failed password for test from 45.33.32.156 port 64352 ssh2
172.16.0.100 - - [05/May/2026:03:47:09 +0000] "GET /api/v1/users HTTP/1.1" 200 17270 "-" "Mozilla/5.0 (X11; Linux x86_64) AppleWebKit/537.36"
2026-05-05 03:47:14 fail2ban: Ban 92.118.39.81 after 5 failed attempts on sshd
May 05 03:47:20 server sshd[3267]: Failed password for root from 45.33.32.156 port 63473 ssh2
May 05 03:48:21 server sshd[2522]: Invalid user test from 139.59.45.187
May 05 03:48:23 server sshd[8479]: Failed password for git from 61.177.172.140 port 37814 ssh2
139.59.45.187 - - [05/May/2026:03:49:11 +0000] "GET /wp-admin/ HTTP/1.1" 404 1089 "-" "Nikto/2.1.6"
10.0.0.45 - - [05/May/2026:03:49:44 +0000] "GET /about.html HTTP/1.1" 200 9184 "-" "Mozilla/5.0 (X11; Linux x86_64) AppleWebKit/537.36"
194.26.29.10 - - [05/May/2026:03:49:46 +0000] "GET /phpmyadmin/ HTTP/1.1" 500 1966 "-" "Nikto/2.1.6"
May 05 03:49:56 server sshd[6148]: Failed password for ftp from 92.118.39.81 port 20810 ssh2
172.16.0.100 - - [05/May/2026:03:50:42 +0000] "GET /api/v1/users HTTP/1.1" 304 6741 "-" "Mozilla/5.0 (Macintosh; Intel Mac OS X 10_15_7) AppleWebKit/605.1.15"
May 05 03:50:42 server sshd[1894]: Invalid user oracle from 61.177.172.140
May 05 03:51:41 server sshd[3709]: Accepted publickey for deploy from 172.16.0.100 port 24906 ssh2
172.16.0.101 - - [05/May/2026:03:52:07 +0000] "GET /index.html HTTP/1.1" 200 27523 "-" "Mozilla/5.0 (Windows NT 10.0; Win64; x64) AppleWebKit/537.36"
2026-05-05 03:52:20 firewall: brute force attempt detected from 45.33.32.156, blocking for 1h
May 05 03:52:28 server sshd[6178]: Invalid user ubuntu from 218.92.0.211
May 05 03:52:35 server sshd[8521]: Invalid user admin from 212.193.30.11
May 05 03:53:52 server sshd[5990]: Connection closed by 139.59.45.187 [preauth]
2026-05-05 03:54:41 firewall: blocked port scan from 45.95.147.6 (ports: 22,23,80,443,3306,3389)
May 05 03:54:52 server sshd[8751]: Invalid user centos from 103.143.207.52
May 05 03:55:45 server sshd[6592]: Failed password for root from 212.193.30.11 port 43274 ssh2
103.143.207.52 - - [05/May/2026:03:55:53 +0000] "GET /api/v1/users?id=1; DROP TABLE users-- HTTP/1.1" 401 1537 "-" "Mozilla/5.0 (Macintosh; Intel Mac OS X 10_15_7) AppleWebKit/605.1.15"
May 05 03:55:57 server sshd[5166]: Failed password for admin from 61.177.172.140 port 60032 ssh2
212.193.30.11 - - [05/May/2026:03:56:12 +0000] "GET /cgi-bin/.%2e/.%2e/.%2e/.%2e/bin/sh HTTP/1.1" 404 1567 "-" "Wget/1.21.2"
139.59.45.187 - - [05/May/2026:03:56:48 +0000] "POST /phpmyadmin/ HTTP/1.1" 500 1036 "-" "Nmap Scripting Engine"
May 05 03:57:00 server sshd[8912]: Failed password for guest from 61.177.172.140 port 53314 ssh2
192.168.1.22 - - [05/May/2026:03:57:25 +0000] "GET /about.html HTTP/1.1" 200 27549 "-" "Mozilla/5.0 (X11; Linux x86_64) AppleWebKit/537.36"
103.143.207.52 - - [05/May/2026:03:57:42 +0000] "GET /page?file=../../../../etc/shadow HTTP/1.1" 500 1347 "-" "curl/7.81.0"
192.168.1.15 - - [05/May/2026:03:57:49 +0000] "GET /about.html HTTP/1.1" 200 7286 "-" "Mozilla/5.0 (Macintosh; Intel Mac OS X 10_15_7) AppleWebKit/605.1.15"
May 05 03:58:45 server sshd[7839]: Invalid user guest from 218.92.0.211
103.143.207.52 - - [05/May/2026:03:58:53 +0000] "GET /config.php HTTP/1.1" 404 529 "-" "python-requests/2.31.0"
2026-05-05 03:58:58 firewall: rate limit exceeded for 194.26.29.10 - blocked
May 05 03:59:42 server sshd[5105]: Failed password for test from 194.26.29.10 port 29596 ssh2
212.193.30.11 - - [05/May/2026:03:59:53 +0000] "GET /wp-login.php HTTP/1.1" 401 1767 "-" "Nikto/2.1.6"
103.143.207.52 - - [05/May/2026:03:59:56 +0000] "GET /phpmyadmin/ HTTP/1.1" 403 880 "-" "Mozilla/5.0 (X11; Linux x86_64) AppleWebKit/537.36"
61.177.172.140 - - [05/May/2026:04:00:44 +0000] "GET /index.php?page=php://filter/convert.base64-encode/resource=index HTTP/1.1" 401 1230 "-" "Mozilla/5.0 (Windows NT 10.0; Win64; x64) AppleWebKit/537.36"
May 05 04:00:47 server sshd[5712]: Invalid user centos from 103.143.207.52
May 05 04:01:11 server sshd[5572]: Failed password for git from 45.33.32.156 port 56477 ssh2
218.92.0.211 - - [05/May/2026:04:01:12 +0000] "POST /backup.sql HTTP/1.1" 401 1646 "-" "Nmap Scripting Engine"
May 05 04:01:49 server sshd[2220]: Failed password for oracle from 218.92.0.211 port 32253 ssh2
45.33.32.156 - - [05/May/2026:04:02:08 +0000] "GET /search?q=<script>alert(1)</script> HTTP/1.1" 500 1553 "-" "Mozilla/5.0 (X11; Linux x86_64) AppleWebKit/537.36"
172.16.0.100 - - [05/May/2026:04:02:09 +0000] "GET /profile HTTP/1.1" 304 43877 "-" "Mozilla/5.0 (Macintosh; Intel Mac OS X 10_15_7) AppleWebKit/605.1.15"
May 05 04:02:31 server sshd[6207]: Connection closed by 185.143.223.91 [preauth]
194.26.29.10 - - [05/May/2026:04:03:11 +0000] "POST /index.php?page=php://filter/convert.base64-encode/resource=index HTTP/1.1" 500 288 "-" "Wget/1.21.2"
May 05 04:03:56 server sshd[4579]: Failed password for test from 45.95.147.6 port 60519 ssh2
May 05 04:04:34 server sshd[7143]: Failed password for centos from 103.143.207.52 port 53705 ssh2
2026-05-05 04:04:35 firewall: blocked port scan from 45.33.32.156 (ports: 22,23,80,443,3306,3389)
May 05 04:04:42 server sshd[4994]: Failed password for guest from 139.59.45.187 port 22613 ssh2
May 05 04:04:43 server sshd[7322]: Accepted publickey for alice from 10.0.0.45 port 36815 ssh2
212.193.30.11 - - [05/May/2026:04:05:31 +0000] "GET /search?q=<script>alert(1)</script> HTTP/1.1" 403 296 "-" "Mozilla/5.0 (X11; Linux x86_64) AppleWebKit/537.36"
May 05 04:05:40 server sshd[7950]: pam_unix(sshd:auth): authentication failure; logname= uid=0 euid=0 tty=ssh ruser= rhost=212.193.30.11 user=ftp
May 05 04:05:47 server sshd[2433]: Failed password for root from 45.95.147.6 port 24800 ssh2
May 05 04:05:53 server sshd[2181]: Invalid user ftp from 61.177.172.140
May 05 04:06:11 server sshd[4729]: Connection closed by 139.59.45.187 [preauth]
May 05 04:07:01 server sshd[2036]: Failed password for ftp from 45.33.32.156 port 58378 ssh2
May 05 04:07:02 server sshd[5748]: Failed password for admin from 103.143.207.52 port 64949 ssh2
May 05 04:07:26 server sshd[6183]: Connection closed by 61.177.172.140 [preauth]
May 05 04:08:10 server sshd[9941]: Failed password for centos from 61.177.172.140 port 39331 ssh2
218.92.0.211 - - [05/May/2026:04:08:38 +0000] "GET /page?file=../../../../etc/shadow HTTP/1.1" 500 1783 "-" "Mozilla/5.0 (Windows NT 10.0; Win64; x64) AppleWebKit/537.36"
May 05 04:08:40 server sshd[3316]: pam_unix(sshd:auth): authentication failure; logname= uid=0 euid=0 tty=ssh ruser= rhost=45.95.147.6 user=root
May 05 04:09:02 server sshd[9970]: Connection closed by 103.143.207.52 [preauth]
May 05 04:10:19 server sshd[7760]: pam_unix(sshd:auth): authentication failure; logname= uid=0 euid=0 tty=ssh ruser= rhost=45.95.147.6 user=postgres
45.33.32.156 - - [05/May/2026:04:11:07 +0000] "GET /cgi-bin/.%2e/.%2e/.%2e/.%2e/bin/sh HTTP/1.1" 403 695 "-" "Mozilla/5.0 (Macintosh; Intel Mac OS X 10_15_7) AppleWebKit/605.1.15"
May 05 04:11:10 server sshd[4183]: Connection closed by 92.118.39.81 [preauth]
May 05 04:12:12 server sshd[3100]: Invalid user user from 45.95.147.6
May 05 04:13:06 server sshd[8960]: Failed password for user from 212.193.30.11 port 49533 ssh2
May 05 04:13:21 server sshd[6971]: Failed password for oracle from 139.59.45.187 port 40731 ssh2
May 05 04:14:10 server sshd[8145]: Failed password for mysql from 212.193.30.11 port 38132 ssh2
May 05 04:14:28 server sshd[3879]: Failed password for admin from 103.143.207.52 port 62306 ssh2
May 05 04:14:38 server sshd[4218]: Failed password for ec2-user from 194.26.29.10 port 37251 ssh2
May 05 04:14:53 server sshd[8583]: pam_unix(sshd:auth): authentication failure; logname= uid=0 euid=0 tty=ssh ruser= rhost=45.95.147.6 user=ubuntu
May 05 04:15:46 server sshd[1511]: Failed password for ftp from 103.143.207.52 port 58134 ssh2
May 05 04:16:08 server sshd[3395]: Failed password for ftp from 139.59.45.187 port 51686 ssh2
92.118.39.81 - - [05/May/2026:04:16:25 +0000] "GET /admin/ HTTP/1.1" 500 1126 "-" "Nmap Scripting Engine"
May 05 04:16:25 server sshd[3717]: Failed password for centos from 212.193.30.11 port 53694 ssh2
103.143.207.52 - - [05/May/2026:04:16:49 +0000] "GET /wp-content/uploads/ HTTP/1.1" 500 1439 "-" "Mozilla/5.0 (X11; Linux x86_64) AppleWebKit/537.36"
May 05 04:17:02 server sshd[7052]: Invalid user test from 185.143.223.91
May 05 04:17:14 server sshd[8695]: Failed password for git from 45.95.147.6 port 49795 ssh2
2026-05-05 04:17:56 firewall: blocked port scan from 45.95.147.6 (ports: 22,23,80,443,3306,3389)
May 05 04:18:24 server sshd[5121]: Invalid user ec2-user from 185.143.223.91
192.168.1.15 - - [05/May/2026:04:18:24 +0000] "GET /api/v1/status HTTP/1.1" 200 32406 "-" "Mozilla/5.0 (Macintosh; Intel Mac OS X 10_15_7) AppleWebKit/605.1.15"
May 05 04:18:53 server sshd[3848]: Connection closed by 139.59.45.187 [preauth]
10.0.0.45 - - [05/May/2026:04:19:32 +0000] "GET /index.html HTTP/1.1" 304 42670 "-" "Mozilla/5.0 (Macintosh; Intel Mac OS X 10_15_7) AppleWebKit/605.1.15"
May 05 04:20:09 server sshd[4773]: Invalid user ftp from 185.143.223.91
May 05 04:20:26 server sshd[8844]: pam_unix(sshd:auth): authentication failure; logname= uid=0 euid=0 tty=ssh ruser= rhost=218.92.0.211 user=ftp
May 05 04:21:13 server sshd[1367]: Connection closed by 61.177.172.140 [preauth]
May 05 04:21:15 server sshd[3207]: Connection closed by 194.26.29.10 [preauth]
172.16.0.101 - - [05/May/2026:04:21:38 +0000] "GET /api/v1/users HTTP/1.1" 200 6119 "-" "Mozilla/5.0 (Windows NT 10.0; Win64; x64) AppleWebKit/537.36"
194.26.29.10 - - [05/May/2026:04:21:40 +0000] "GET /wp-login.php HTTP/1.1" 404 628 "-" "Mozilla/5.0 (X11; Linux x86_64) AppleWebKit/537.36"
May 05 04:22:10 server sshd[2127]: Failed password for guest from 218.92.0.211 port 35061 ssh2
May 05 04:22:24 server sshd[9263]: Failed password for ec2-user from 212.193.30.11 port 64850 ssh2
10.0.0.45 - - [05/May/2026:04:22:38 +0000] "GET /static/css/main.css HTTP/1.1" 304 9852 "-" "Mozilla/5.0 (X11; Linux x86_64) AppleWebKit/537.36"
May 05 04:22:52 server sshd[5333]: Connection closed by 103.143.207.52 [preauth]
May 05 04:23:32 server sshd[9835]: Failed password for guest from 194.26.29.10 port 20078 ssh2
May 05 04:23:44 server sshd[7246]: Failed password for centos from 218.92.0.211 port 42971 ssh2
May 05 04:23:52 server sshd[1639]: Failed password for guest from 218.92.0.211 port 54827 ssh2
172.16.0.101 - - [05/May/2026:04:23:57 +0000] "GET /login HTTP/1.1" 200 24773 "-" "Mozilla/5.0 (Windows NT 10.0; Win64; x64) AppleWebKit/537.36"
May 05 04:24:27 server sshd[5641]: Invalid user admin from 212.193.30.11
May 05 04:25:07 server sshd[6175]: Invalid user mysql from 212.193.30.11
May 05 04:25:16 server sshd[9561]: pam_unix(sshd:auth): authentication failure; logname= uid=0 euid=0 tty=ssh ruser= rhost=45.33.32.156 user=guest
May 05 04:25:26 server sshd[5281]: Failed password for test from 139.59.45.187 port 55134 ssh2
May 05 04:25:27 server sshd[4337]: Connection closed by 61.177.172.140 [preauth]
103.143.207.52 - - [05/May/2026:04:26:13 +0000] "GET /wp-login.php HTTP/1.1" 404 896 "-" "Mozilla/5.0 (Windows NT 10.0; Win64; x64) AppleWebKit/537.36"
172.16.0.100 - - [05/May/2026:04:26:16 +0000] "GET /api/v1/users HTTP/1.1" 200 48720 "-" "Mozilla/5.0 (Windows NT 10.0; Win64; x64) AppleWebKit/537.36"
May 05 04:26:35 server sshd[8925]: Invalid user ec2-user from 45.95.147.6
May 05 04:26:54 server sshd[3650]: Accepted publickey for deploy from 192.168.1.10 port 26571 ssh2
10.0.0.45 - - [05/May/2026:04:27:30 +0000] "GET /products HTTP/1.1" 200 24803 "-" "Mozilla/5.0 (Windows NT 10.0; Win64; x64) AppleWebKit/537.36"
May 05 04:27:38 server sshd[9536]: Invalid user guest from 61.177.172.140
May 05 04:28:00 server sshd[4190]: pam_unix(sshd:auth): authentication failure; logname= uid=0 euid=0 tty=ssh ruser= rhost=103.143.207.52 user=test
May 05 04:28:02 server sshd[3776]: Invalid user guest from 212.193.30.11
May 05 04:28:45 server sshd[9099]: Accepted publickey for bob from 192.168.1.10 port 48768 ssh2
May 05 04:29:23 server sshd[5520]: Failed password for admin from 194.26.29.10 port 46177 ssh2
May 05 04:30:38 server sshd[5277]: Accepted publickey for alice from 10.0.0.45 port 31471 ssh2
May 05 04:30:42 server sshd[1251]: Connection closed by 103.143.207.52 [preauth]
103.143.207.52 - - [05/May/2026:04:30:47 +0000] "POST /admin?id=1' OR '1'='1 HTTP/1.1" 401 811 "-" "python-requests/2.31.0"
172.16.0.100 - - [05/May/2026:04:31:16 +0000] "GET /static/js/app.js HTTP/1.1" 200 37407 "-" "Mozilla/5.0 (Macintosh; Intel Mac OS X 10_15_7) AppleWebKit/605.1.15"
May 05 04:31:32 server sshd[2917]: Failed password for user from 92.118.39.81 port 53638 ssh2
May 05 04:31:49 server sshd[8548]: Failed password for ftp from 218.92.0.211 port 58458 ssh2
May 05 04:31:55 server sshd[4610]: Failed password for git from 185.143.223.91 port 64362 ssh2
May 05 04:32:44 server sshd[6603]: Failed password for git from 185.143.223.91 port 24982 ssh2
2026-05-05 04:32:51 firewall: blocked port scan from 103.143.207.52 (ports: 22,23,80,443,3306,3389)
May 05 04:33:30 server sshd[3994]: Failed password for test from 139.59.45.187 port 64768 ssh2
May 05 04:33:59 server sshd[4965]: Accepted publickey for bob from 10.0.0.45 port 37393 ssh2
May 05 04:34:07 server sshd[1108]: Accepted publickey for deploy from 172.16.0.101 port 55486 ssh2
May 05 04:34:14 server sshd[3555]: Failed password for user from 139.59.45.187 port 26991 ssh2
May 05 04:35:54 server sshd[5501]: Connection closed by 218.92.0.211 [preauth]
172.16.0.100 - - [05/May/2026:04:36:11 +0000] "GET /contact HTTP/1.1" 304 8904 "-" "Mozilla/5.0 (Windows NT 10.0; Win64; x64) AppleWebKit/537.36"
May 05 04:36:22 server sshd[2972]: pam_unix(sshd:auth): authentication failure; logname= uid=0 euid=0 tty=ssh ruser= rhost=194.26.29.10 user=ubuntu
May 05 04:36:33 server sshd[9232]: Invalid user root from 103.143.207.52
May 05 04:36:44 server sshd[4452]: Failed password for root from 45.33.32.156 port 44866 ssh2
194.26.29.10 - - [05/May/2026:04:37:20 +0000] "GET /wp-content/uploads/ HTTP/1.1" 404 651 "-" "Nikto/2.1.6"
May 05 04:38:11 server sshd[7563]: Failed password for user from 45.95.147.6 port 38325 ssh2
May 05 04:38:28 server sshd[4744]: Failed password for ftp from 139.59.45.187 port 26545 ssh2
May 05 04:38:46 server sshd[4212]: Failed password for git from 61.177.172.140 port 29558 ssh2
May 05 04:39:30 server sshd[9470]: Failed password for oracle from 218.92.0.211 port 54995 ssh2
May 05 04:39:46 server sshd[1781]: Invalid user ec2-user from 92.118.39.81
May 05 04:40:06 server sshd[2577]: Failed password for ubuntu from 92.118.39.81 port 49481 ssh2
May 05 04:40:22 server sshd[9821]: Failed password for postgres from 139.59.45.187 port 31438 ssh2
May 05 04:40:47 server sshd[5222]: Invalid user ec2-user from 103.143.207.52
May 05 04:40:49 server sshd[8322]: Failed password for ubuntu from 103.143.207.52 port 25138 ssh2
May 05 04:41:05 server sshd[5773]: Failed password for ftp from 45.95.147.6 port 37529 ssh2
May 05 04:41:38 server sshd[6950]: Failed password for centos from 218.92.0.211 port 58464 ssh2
May 05 04:41:39 server sshd[3745]: Connection closed by 194.26.29.10 [preauth]
May 05 04:41:40 server sshd[7631]: Failed password for guest from 139.59.45.187 port 24675 ssh2
May 05 04:42:10 server sshd[1881]: Failed password for ec2-user from 218.92.0.211 port 21727 ssh2
194.26.29.10 - - [05/May/2026:04:42:26 +0000] "POST /backup.sql HTTP/1.1" 401 1623 "-" "Mozilla/5.0 (Macintosh; Intel Mac OS X 10_15_7) AppleWebKit/605.1.15"
10.0.0.45 - - [05/May/2026:04:42:41 +0000] "GET /contact HTTP/1.1" 200 29542 "-" "Mozilla/5.0 (X11; Linux x86_64) AppleWebKit/537.36"
185.143.223.91 - - [05/May/2026:04:42:49 +0000] "GET /phpmyadmin/ HTTP/1.1" 401 1365 "-" "Mozilla/5.0 (X11; Linux x86_64) AppleWebKit/537.36"
May 05 04:43:08 server sshd[6846]: Failed password for ftp from 45.33.32.156 port 41312 ssh2
2026-05-05 04:43:55 firewall: rate limit exceeded for 103.143.207.52 - blocked
172.16.0.101 - - [05/May/2026:04:44:08 +0000] "GET /dashboard HTTP/1.1" 304 30420 "-" "Mozilla/5.0 (X11; Linux x86_64) AppleWebKit/537.36"
10.0.0.45 - - [05/May/2026:04:44:19 +0000] "GET /index.html HTTP/1.1" 200 20676 "-" "Mozilla/5.0 (Macintosh; Intel Mac OS X 10_15_7) AppleWebKit/605.1.15"
May 05 04:44:26 server sshd[3233]: Failed password for ec2-user from 45.33.32.156 port 42536 ssh2
May 05 04:44:47 server sshd[9745]: Connection closed by 103.143.207.52 [preauth]
May 05 04:45:19 server sshd[4788]: Invalid user guest from 92.118.39.81
May 05 04:45:30 server sshd[8816]: pam_unix(sshd:auth): authentication failure; logname= uid=0 euid=0 tty=ssh ruser= rhost=218.92.0.211 user=centos
May 05 04:45:50 server sshd[8161]: Invalid user ec2-user from 61.177.172.140
May 05 04:46:15 server sshd[4614]: pam_unix(sshd:auth): authentication failure; logname= uid=0 euid=0 tty=ssh ruser= rhost=61.177.172.140 user=git
May 05 04:46:16 server sshd[5454]: Connection closed by 103.143.207.52 [preauth]
May 05 04:46:18 server sshd[4080]: Invalid user git from 92.118.39.81
May 05 04:46:54 server sshd[8460]: Failed password for ftp from 185.143.223.91 port 60483 ssh2
192.168.1.10 - - [05/May/2026:04:47:03 +0000] "GET /index.html HTTP/1.1" 200 18141 "-" "Mozilla/5.0 (Windows NT 10.0; Win64; x64) AppleWebKit/537.36"
May 05 04:47:13 server sshd[8597]: Failed password for user from 218.92.0.211 port 22079 ssh2
May 05 04:47:17 server sshd[3492]: Invalid user root from 45.95.147.6
May 05 04:47:45 server sshd[1241]: Failed password for oracle from 185.143.223.91 port 52347 ssh2
2026-05-05 04:48:05 firewall: rate limit exceeded for 45.33.32.156 - blocked
May 05 04:48:49 server sshd[5097]: Invalid user postgres from 194.26.29.10
May 05 04:48:52 server sshd[8257]: Failed password for git from 212.193.30.11 port 36198 ssh2
103.143.207.52 - - [05/May/2026:04:49:12 +0000] "GET /config.php HTTP/1.1" 500 896 "-" "python-requests/2.31.0"
May 05 04:50:16 server sshd[4568]: Failed password for root from 45.95.147.6 port 27400 ssh2
May 05 04:50:40 server sshd[3001]: pam_unix(sshd:auth): authentication failure; logname= uid=0 euid=0 tty=ssh ruser= rhost=103.143.207.52 user=ec2-user
May 05 04:51:40 server sshd[2960]: Failed password for guest from 92.118.39.81 port 45939 ssh2
2026-05-05 04:51:50 fail2ban: Ban 139.59.45.187 after 5 failed attempts on sshd
May 05 04:52:03 server sshd[2759]: Connection closed by 103.143.207.52 [preauth]
May 05 04:52:23 server sshd[6544]: Failed password for admin from 218.92.0.211 port 60968 ssh2
2026-05-05 04:53:31 fail2ban: Ban 45.95.147.6 after 5 failed attempts on sshd
May 05 04:53:46 server sshd[3207]: pam_unix(sshd:auth): authentication failure; logname= uid=0 euid=0 tty=ssh ruser= rhost=45.95.147.6 user=mysql
May 05 04:54:20 server sshd[3627]: Failed password for ec2-user from 139.59.45.187 port 24513 ssh2
May 05 04:54:44 server sshd[6696]: Connection closed by 103.143.207.52 [preauth]
May 05 04:54:57 server sshd[9892]: pam_unix(sshd:auth): authentication failure; logname= uid=0 euid=0 tty=ssh ruser= rhost=103.143.207.52 user=test
May 05 04:55:28 server sshd[1011]: Failed password for ubuntu from 45.95.147.6 port 61813 ssh2
May 05 04:55:32 server sshd[6965]: Failed password for guest from 45.33.32.156 port 60645 ssh2
May 05 04:56:20 server sshd[4110]: pam_unix(sshd:auth): authentication failure; logname= uid=0 euid=0 tty=ssh ruser= rhost=103.143.207.52 user=git
194.26.29.10 - - [05/May/2026:04:56:33 +0000] "GET /admin?id=1' OR '1'='1 HTTP/1.1" 401 939 "-" "Wget/1.21.2"
May 05 04:57:33 server sshd[1512]: Failed password for oracle from 194.26.29.10 port 33243 ssh2
May 05 04:58:31 server sshd[9026]: Failed password for ftp from 61.177.172.140 port 54460 ssh2
May 05 04:59:03 server sshd[1214]: Connection closed by 185.143.223.91 [preauth]
61.177.172.140 - - [05/May/2026:04:59:23 +0000] "GET /../../etc/passwd HTTP/1.1" 403 1786 "-" "python-requests/2.31.0"
172.16.0.101 - - [05/May/2026:04:59:59 +0000] "GET /index.html HTTP/1.1" 200 42372 "-" "Mozilla/5.0 (Windows NT 10.0; Win64; x64) AppleWebKit/537.36"
103.143.207.52 - - [05/May/2026:05:00:53 +0000] "GET /phpmyadmin/ HTTP/1.1" 403 1585 "-" "curl/7.81.0"
192.168.1.15 - - [05/May/2026:05:01:12 +0000] "GET /about.html HTTP/1.1" 304 49599 "-" "Mozilla/5.0 (X11; Linux x86_64) AppleWebKit/537.36"
172.16.0.101 - - [05/May/2026:05:01:26 +0000] "GET /profile HTTP/1.1" 200 46542 "-" "Mozilla/5.0 (X11; Linux x86_64) AppleWebKit/537.36"
192.168.1.22 - - [05/May/2026:05:02:27 +0000] "GET /dashboard HTTP/1.1" 304 14519 "-" "Mozilla/5.0 (Macintosh; Intel Mac OS X 10_15_7) AppleWebKit/605.1.15"
172.16.0.101 - - [05/May/2026:05:02:49 +0000] "GET /static/js/app.js HTTP/1.1" 200 26523 "-" "Mozilla/5.0 (Windows NT 10.0; Win64; x64) AppleWebKit/537.36"
103.143.207.52 - - [05/May/2026:05:02:56 +0000] "GET /page?file=../../../../etc/shadow HTTP/1.1" 401 1446 "-" "Mozilla/5.0 (X11; Linux x86_64) AppleWebKit/537.36"
May 05 05:02:59 server sshd[7755]: Failed password for user from 45.95.147.6 port 61500 ssh2
172.16.0.100 - - [05/May/2026:05:03:18 +0000] "GET /products HTTP/1.1" 200 20182 "-" "Mozilla/5.0 (Windows NT 10.0; Win64; x64) AppleWebKit/537.36"
May 05 05:04:22 server sshd[4817]: Failed password for postgres from 139.59.45.187 port 36793 ssh2
92.118.39.81 - - [05/May/2026:05:04:54 +0000] "GET /api/v1/users?id=1; DROP TABLE users-- HTTP/1.1" 404 293 "-" "Mozilla/5.0 (Windows NT 10.0; Win64; x64) AppleWebKit/537.36"
May 05 05:05:05 server sshd[6319]: Accepted publickey for alice from 172.16.0.100 port 51623 ssh2
May 05 05:05:11 server sshd[5921]: Accepted publickey for alice from 172.16.0.101 port 22449 ssh2
10.0.0.45 - - [05/May/2026:05:05:46 +0000] "GET / HTTP/1.1" 200 23301 "-" "Mozilla/5.0 (Macintosh; Intel Mac OS X 10_15_7) AppleWebKit/605.1.15"
May 05 05:06:05 server sshd[3165]: Failed password for oracle from 61.177.172.140 port 42031 ssh2
May 05 05:06:14 server sshd[9269]: pam_unix(sshd:auth): authentication failure; logname= uid=0 euid=0 tty=ssh ruser= rhost=61.177.172.140 user=ubuntu
192.168.1.22 - - [05/May/2026:05:06:19 +0000] "GET /about.html HTTP/1.1" 200 33425 "-" "Mozilla/5.0 (X11; Linux x86_64) AppleWebKit/537.36"
May 05 05:06:59 server sshd[7266]: Accepted publickey for alice from 192.168.1.15 port 23547 ssh2
192.168.1.10 - - [05/May/2026:05:07:30 +0000] "GET /products HTTP/1.1" 200 26617 "-" "Mozilla/5.0 (X11; Linux x86_64) AppleWebKit/537.36"
45.95.147.6 - - [05/May/2026:05:08:15 +0000] "GET /.env HTTP/1.1" 403 1475 "-" "sqlmap/1.7.2"
May 05 05:08:23 server sshd[1396]: Failed password for ftp from 139.59.45.187 port 39976 ssh2
May 05 05:08:36 server sshd[5034]: Connection closed by 103.143.207.52 [preauth]
192.168.1.15 - - [05/May/2026:05:08:49 +0000] "GET /contact HTTP/1.1" 200 26407 "-" "Mozilla/5.0 (X11; Linux x86_64) AppleWebKit/537.36"
10.0.0.45 - - [05/May/2026:05:09:22 +0000] "GET /static/js/app.js HTTP/1.1" 200 15801 "-" "Mozilla/5.0 (Windows NT 10.0; Win64; x64) AppleWebKit/537.36"
185.143.223.91 - - [05/May/2026:05:09:43 +0000] "GET /phpmyadmin/ HTTP/1.1" 403 597 "-" "Mozilla/5.0 (X11; Linux x86_64) AppleWebKit/537.36"
192.168.1.10 - - [05/May/2026:05:10:21 +0000] "GET /static/js/app.js HTTP/1.1" 200 22249 "-" "Mozilla/5.0 (Windows NT 10.0; Win64; x64) AppleWebKit/537.36"
192.168.1.22 - - [05/May/2026:05:11:13 +0000] "GET /dashboard HTTP/1.1" 200 46052 "-" "Mozilla/5.0 (X11; Linux x86_64) AppleWebKit/537.36"
May 05 05:11:42 server sshd[1712]: Connection closed by 103.143.207.52 [preauth]
May 05 05:12:10 server sshd[1869]: Failed password for test from 139.59.45.187 port 50471 ssh2
172.16.0.101 - - [05/May/2026:05:12:18 +0000] "GET /static/css/main.css HTTP/1.1" 304 47010 "-" "Mozilla/5.0 (Windows NT 10.0; Win64; x64) AppleWebKit/537.36"
192.168.1.10 - - [05/May/2026:05:12:41 +0000] "GET /products HTTP/1.1" 200 7570 "-" "Mozilla/5.0 (Windows NT 10.0; Win64; x64) AppleWebKit/537.36"
192.168.1.10 - - [05/May/2026:05:13:25 +0000] "GET /api/v1/status HTTP/1.1" 200 41475 "-" "Mozilla/5.0 (Macintosh; Intel Mac OS X 10_15_7) AppleWebKit/605.1.15"
172.16.0.100 - - [05/May/2026:05:13:31 +0000] "GET /contact HTTP/1.1" 304 30514 "-" "Mozilla/5.0 (X11; Linux x86_64) AppleWebKit/537.36"
192.168.1.10 - - [05/May/2026:05:13:59 +0000] "GET /login HTTP/1.1" 200 22360 "-" "Mozilla/5.0 (Macintosh; Intel Mac OS X 10_15_7) AppleWebKit/605.1.15"
May 05 05:14:17 server sshd[3248]: Failed password for ftp from 61.177.172.140 port 25753 ssh2
May 05 05:14:32 server sshd[1482]: Failed password for git from 92.118.39.81 port 56368 ssh2
192.168.1.15 - - [05/May/2026:05:15:28 +0000] "GET /dashboard HTTP/1.1" 304 45329 "-" "Mozilla/5.0 (Windows NT 10.0; Win64; x64) AppleWebKit/537.36"
May 05 05:15:33 server sshd[7837]: Accepted publickey for bob from 172.16.0.100 port 35752 ssh2
2026-05-05 05:15:36 firewall: rate limit exceeded for 139.59.45.187 - blocked
May 05 05:15:55 server sshd[8046]: pam_unix(sshd:auth): authentication failure; logname= uid=0 euid=0 tty=ssh ruser= rhost=103.143.207.52 user=oracle
45.33.32.156 - - [05/May/2026:05:16:11 +0000] "GET /search?q=<script>alert(1)</script> HTTP/1.1" 500 942 "-" "python-requests/2.31.0"
192.168.1.15 - - [05/May/2026:05:16:41 +0000] "GET /login HTTP/1.1" 304 47649 "-" "Mozilla/5.0 (Windows NT 10.0; Win64; x64) AppleWebKit/537.36"
192.168.1.10 - - [05/May/2026:05:17:09 +0000] "GET / HTTP/1.1" 304 40932 "-" "Mozilla/5.0 (Macintosh; Intel Mac OS X 10_15_7) AppleWebKit/605.1.15"
192.168.1.15 - - [05/May/2026:05:17:38 +0000] "GET /contact HTTP/1.1" 200 24044 "-" "Mozilla/5.0 (Windows NT 10.0; Win64; x64) AppleWebKit/537.36"
192.168.1.15 - - [05/May/2026:05:17:44 +0000] "GET /dashboard HTTP/1.1" 200 47162 "-" "Mozilla/5.0 (X11; Linux x86_64) AppleWebKit/537.36"
10.0.0.45 - - [05/May/2026:05:18:11 +0000] "GET /about.html HTTP/1.1" 200 15329 "-" "Mozilla/5.0 (Windows NT 10.0; Win64; x64) AppleWebKit/537.36"
192.168.1.10 - - [05/May/2026:05:18:12 +0000] "GET /static/js/app.js HTTP/1.1" 304 32608 "-" "Mozilla/5.0 (X11; Linux x86_64) AppleWebKit/537.36"
May 05 05:18:26 server sshd[4646]: Accepted publickey for deploy from 192.168.1.10 port 63996 ssh2
May 05 05:19:33 server sshd[8399]: Accepted publickey for alice from 172.16.0.101 port 49943 ssh2
May 05 05:19:46 server sshd[9784]: Connection closed by 139.59.45.187 [preauth]
192.168.1.15 - - [05/May/2026:05:19:55 +0000] "GET / HTTP/1.1" 304 48690 "-" "Mozilla/5.0 (Macintosh; Intel Mac OS X 10_15_7) AppleWebKit/605.1.15"
172.16.0.100 - - [05/May/2026:05:20:56 +0000] "GET /api/v1/users HTTP/1.1" 200 37049 "-" "Mozilla/5.0 (Macintosh; Intel Mac OS X 10_15_7) AppleWebKit/605.1.15"
May 05 05:21:12 server sshd[5684]: Invalid user centos from 92.118.39.81
May 05 05:22:08 server sshd[8433]: Failed password for oracle from 45.33.32.156 port 58686 ssh2
May 05 05:22:10 server sshd[8595]: Accepted publickey for bob from 172.16.0.100 port 62342 ssh2
May 05 05:22:28 server sshd[9952]: Invalid user centos from 194.26.29.10
May 05 05:22:57 server sshd[5097]: Accepted publickey for alice from 192.168.1.15 port 41238 ssh2
192.168.1.10 - - [05/May/2026:05:23:45 +0000] "GET /static/js/app.js HTTP/1.1" 200 6090 "-" "Mozilla/5.0 (X11; Linux x86_64) AppleWebKit/537.36"
103.143.207.52 - - [05/May/2026:05:23:45 +0000] "GET /.git/config HTTP/1.1" 500 1227 "-" "sqlmap/1.7.2"
218.92.0.211 - - [05/May/2026:05:24:19 +0000] "POST /admin?id=1' OR '1'='1 HTTP/1.1" 404 340 "-" "Mozilla/5.0 (X11; Linux x86_64) AppleWebKit/537.36"
194.26.29.10 - - [05/May/2026:05:24:58 +0000] "GET /.git/config HTTP/1.1" 404 466 "-" "Mozilla/5.0 (Windows NT 10.0; Win64; x64) AppleWebKit/537.36"
192.168.1.10 - - [05/May/2026:05:25:39 +0000] "GET /static/js/app.js HTTP/1.1" 304 876 "-" "Mozilla/5.0 (X11; Linux x86_64) AppleWebKit/537.36"
May 05 05:26:02 server sshd[5889]: Failed password for guest from 139.59.45.187 port 41699 ssh2
192.168.1.10 - - [05/May/2026:05:26:05 +0000] "GET /login HTTP/1.1" 200 41116 "-" "Mozilla/5.0 (X11; Linux x86_64) AppleWebKit/537.36"
May 05 05:26:15 server sshd[8239]: pam_unix(sshd:auth): authentication failure; logname= uid=0 euid=0 tty=ssh ruser= rhost=218.92.0.211 user=git
192.168.1.15 - - [05/May/2026:05:26:35 +0000] "GET /about.html HTTP/1.1" 200 43313 "-" "Mozilla/5.0 (Macintosh; Intel Mac OS X 10_15_7) AppleWebKit/605.1.15"
2026-05-05 05:27:03 firewall: rate limit exceeded for 194.26.29.10 - blocked
May 05 05:28:23 server sshd[5797]: Accepted publickey for alice from 192.168.1.10 port 50855 ssh2
May 05 05:28:29 server sshd[5903]: Accepted publickey for alice from 192.168.1.22 port 41156 ssh2
192.168.1.22 - - [05/May/2026:05:29:07 +0000] "GET /static/css/main.css HTTP/1.1" 304 14252 "-" "Mozilla/5.0 (X11; Linux x86_64) AppleWebKit/537.36"
192.168.1.10 - - [05/May/2026:05:29:13 +0000] "GET /profile HTTP/1.1" 304 6245 "-" "Mozilla/5.0 (Macintosh; Intel Mac OS X 10_15_7) AppleWebKit/605.1.15"
192.168.1.22 - - [05/May/2026:05:30:27 +0000] "GET /dashboard HTTP/1.1" 304 23690 "-" "Mozilla/5.0 (Windows NT 10.0; Win64; x64) AppleWebKit/537.36"
May 05 05:30:39 server sshd[9069]: Accepted publickey for deploy from 172.16.0.100 port 31790 ssh2
172.16.0.101 - - [05/May/2026:05:30:56 +0000] "GET /contact HTTP/1.1" 200 8246 "-" "Mozilla/5.0 (Windows NT 10.0; Win64; x64) AppleWebKit/537.36"
212.193.30.11 - - [05/May/2026:05:31:21 +0000] "GET /wp-admin/ HTTP/1.1" 404 1513 "-" "python-requests/2.31.0"
May 05 05:31:40 server sshd[7783]: Accepted publickey for deploy from 172.16.0.101 port 22981 ssh2
May 05 05:31:43 server sshd[1477]: Invalid user guest from 139.59.45.187
May 05 05:31:50 server sshd[1100]: Failed password for user from 103.143.207.52 port 27460 ssh2
172.16.0.101 - - [05/May/2026:05:32:08 +0000] "GET /login HTTP/1.1" 200 30808 "-" "Mozilla/5.0 (Macintosh; Intel Mac OS X 10_15_7) AppleWebKit/605.1.15"
May 05 05:32:12 server sshd[1582]: Failed password for ubuntu from 218.92.0.211 port 62313 ssh2
May 05 05:33:53 server sshd[9779]: Accepted publickey for charlie from 172.16.0.100 port 21226 ssh2
192.168.1.15 - - [05/May/2026:05:34:24 +0000] "GET /static/css/main.css HTTP/1.1" 200 39506 "-" "Mozilla/5.0 (Windows NT 10.0; Win64; x64) AppleWebKit/537.36"
192.168.1.22 - - [05/May/2026:05:34:36 +0000] "GET /about.html HTTP/1.1" 200 2542 "-" "Mozilla/5.0 (Macintosh; Intel Mac OS X 10_15_7) AppleWebKit/605.1.15"
192.168.1.22 - - [05/May/2026:05:35:23 +0000] "GET /products HTTP/1.1" 200 7855 "-" "Mozilla/5.0 (Macintosh; Intel Mac OS X 10_15_7) AppleWebKit/605.1.15"
172.16.0.101 - - [05/May/2026:05:35:45 +0000] "GET /static/css/main.css HTTP/1.1" 200 33074 "-" "Mozilla/5.0 (Windows NT 10.0; Win64; x64) AppleWebKit/537.36"
May 05 05:35:50 server sshd[9290]: Failed password for ubuntu from 185.143.223.91 port 21634 ssh2
May 05 05:36:09 server sshd[4361]: Accepted publickey for bob from 192.168.1.10 port 22395 ssh2
185.143.223.91 - - [05/May/2026:05:36:29 +0000] "GET /wp-admin/ HTTP/1.1" 401 190 "-" "Mozilla/5.0 (Macintosh; Intel Mac OS X 10_15_7) AppleWebKit/605.1.15"
192.168.1.10 - - [05/May/2026:05:36:29 +0000] "GET /profile HTTP/1.1" 200 1973 "-" "Mozilla/5.0 (X11; Linux x86_64) AppleWebKit/537.36"
192.168.1.15 - - [05/May/2026:05:36:57 +0000] "GET /static/js/app.js HTTP/1.1" 304 20839 "-" "Mozilla/5.0 (Macintosh; Intel Mac OS X 10_15_7) AppleWebKit/605.1.15"
192.168.1.10 - - [05/May/2026:05:37:39 +0000] "GET /api/v1/status HTTP/1.1" 304 21372 "-" "Mozilla/5.0 (Macintosh; Intel Mac OS X 10_15_7) AppleWebKit/605.1.15"
192.168.1.22 - - [05/May/2026:05:37:40 +0000] "GET /products HTTP/1.1" 200 35383 "-" "Mozilla/5.0 (Macintosh; Intel Mac OS X 10_15_7) AppleWebKit/605.1.15"
192.168.1.10 - - [05/May/2026:05:37:49 +0000] "GET /about.html HTTP/1.1" 200 8001 "-" "Mozilla/5.0 (Windows NT 10.0; Win64; x64) AppleWebKit/537.36"
192.168.1.15 - - [05/May/2026:05:38:34 +0000] "GET /profile HTTP/1.1" 200 7442 "-" "Mozilla/5.0 (Macintosh; Intel Mac OS X 10_15_7) AppleWebKit/605.1.15"
172.16.0.100 - - [05/May/2026:05:38:45 +0000] "GET /index.html HTTP/1.1" 200 40690 "-" "Mozilla/5.0 (Macintosh; Intel Mac OS X 10_15_7) AppleWebKit/605.1.15"
May 05 05:39:05 server sshd[6826]: Accepted publickey for deploy from 192.168.1.15 port 40476 ssh2
10.0.0.45 - - [05/May/2026:05:40:45 +0000] "GET /contact HTTP/1.1" 200 40931 "-" "Mozilla/5.0 (Macintosh; Intel Mac OS X 10_15_7) AppleWebKit/605.1.15"
103.143.207.52 - - [05/May/2026:05:40:52 +0000] "GET /.env HTTP/1.1" 500 1262 "-" "Mozilla/5.0 (X11; Linux x86_64) AppleWebKit/537.36"
172.16.0.101 - - [05/May/2026:05:40:52 +0000] "GET /static/js/app.js HTTP/1.1" 200 45357 "-" "Mozilla/5.0 (X11; Linux x86_64) AppleWebKit/537.36"
45.95.147.6 - - [05/May/2026:05:41:25 +0000] "GET /search?q=<script>alert(1)</script> HTTP/1.1" 500 1098 "-" "Mozilla/5.0 (Windows NT 10.0; Win64; x64) AppleWebKit/537.36"
May 05 05:41:30 server sshd[6711]: Invalid user test from 194.26.29.10
172.16.0.100 - - [05/May/2026:05:41:38 +0000] "GET /api/v1/users HTTP/1.1" 200 21856 "-" "Mozilla/5.0 (X11; Linux x86_64) AppleWebKit/537.36"
May 05 05:42:50 server sshd[4908]: Invalid user git from 139.59.45.187
May 05 05:43:35 server sshd[4411]: Invalid user user from 185.143.223.91
May 05 05:43:52 server sshd[6606]: Accepted publickey for deploy from 10.0.0.45 port 55686 ssh2
May 05 05:44:11 server sshd[2873]: Accepted publickey for deploy from 192.168.1.10 port 58808 ssh2
172.16.0.100 - - [05/May/2026:05:44:38 +0000] "GET /static/js/app.js HTTP/1.1" 200 20687 "-" "Mozilla/5.0 (Macintosh; Intel Mac OS X 10_15_7) AppleWebKit/605.1.15"
61.177.172.140 - - [05/May/2026:05:45:38 +0000] "GET /search?q=<script>alert(1)</script> HTTP/1.1" 500 1420 "-" "Mozilla/5.0 (Windows NT 10.0; Win64; x64) AppleWebKit/537.36"
May 05 05:46:42 server sshd[8326]: Invalid user guest from 61.177.172.140
May 05 05:46:52 server sshd[3403]: Connection closed by 45.33.32.156 [preauth]
192.168.1.22 - - [05/May/2026:05:47:13 +0000] "GET /profile HTTP/1.1" 200 28990 "-" "Mozilla/5.0 (X11; Linux x86_64) AppleWebKit/537.36"
May 05 05:47:58 server sshd[9362]: Failed password for guest from 45.33.32.156 port 46489 ssh2
192.168.1.22 - - [05/May/2026:05:48:45 +0000] "GET /products HTTP/1.1" 200 15916 "-" "Mozilla/5.0 (Macintosh; Intel Mac OS X 10_15_7) AppleWebKit/605.1.15"
May 05 05:48:54 server sshd[1013]: Invalid user root from 103.143.207.52
194.26.29.10 - - [05/May/2026:05:49:09 +0000] "POST /admin/ HTTP/1.1" 403 246 "-" "Mozilla/5.0 (Windows NT 10.0; Win64; x64) AppleWebKit/537.36"
10.0.0.45 - - [05/May/2026:05:49:13 +0000] "GET /login HTTP/1.1" 200 24111 "-" "Mozilla/5.0 (Macintosh; Intel Mac OS X 10_15_7) AppleWebKit/605.1.15"
May 05 05:49:40 server sshd[9931]: Invalid user git from 61.177.172.140
172.16.0.101 - - [05/May/2026:05:49:46 +0000] "GET /about.html HTTP/1.1" 200 9492 "-" "Mozilla/5.0 (X11; Linux x86_64) AppleWebKit/537.36"
172.16.0.101 - - [05/May/2026:05:50:00 +0000] "GET /login HTTP/1.1" 200 27424 "-" "Mozilla/5.0 (X11; Linux x86_64) AppleWebKit/537.36"
10.0.0.45 - - [05/May/2026:05:50:32 +0000] "GET /contact HTTP/1.1" 200 28337 "-" "Mozilla/5.0 (X11; Linux x86_64) AppleWebKit/537.36"
2026-05-05 05:50:36 fail2ban: Ban 139.59.45.187 after 5 failed attempts on sshd
172.16.0.101 - - [05/May/2026:05:50:55 +0000] "GET /static/css/main.css HTTP/1.1" 304 12283 "-" "Mozilla/5.0 (Macintosh; Intel Mac OS X 10_15_7) AppleWebKit/605.1.15"
172.16.0.101 - - [05/May/2026:05:51:07 +0000] "GET /api/v1/users HTTP/1.1" 304 49690 "-" "Mozilla/5.0 (Macintosh; Intel Mac OS X 10_15_7) AppleWebKit/605.1.15"
May 05 05:51:29 server sshd[5017]: Accepted publickey for alice from 172.16.0.100 port 50962 ssh2
172.16.0.101 - - [05/May/2026:05:51:40 +0000] "GET /profile HTTP/1.1" 304 38486 "-" "Mozilla/5.0 (Macintosh; Intel Mac OS X 10_15_7) AppleWebKit/605.1.15"
218.92.0.211 - - [05/May/2026:05:52:57 +0000] "GET /cgi-bin/.%2e/.%2e/.%2e/.%2e/bin/sh HTTP/1.1" 500 1275 "-" "Wget/1.21.2"
May 05 05:53:16 server sshd[1845]: Invalid user guest from 194.26.29.10
172.16.0.101 - - [05/May/2026:05:53:42 +0000] "GET /products HTTP/1.1" 200 5907 "-" "Mozilla/5.0 (Windows NT 10.0; Win64; x64) AppleWebKit/537.36"
May 05 05:53:51 server sshd[5981]: Failed password for mysql from 139.59.45.187 port 56943 ssh2
192.168.1.22 - - [05/May/2026:05:54:54 +0000] "GET /products HTTP/1.1" 200 17339 "-" "Mozilla/5.0 (Windows NT 10.0; Win64; x64) AppleWebKit/537.36"
May 05 05:55:38 server sshd[8317]: Connection closed by 194.26.29.10 [preauth]
192.168.1.15 - - [05/May/2026:05:56:21 +0000] "GET /about.html HTTP/1.1" 200 49832 "-" "Mozilla/5.0 (Macintosh; Intel Mac OS X 10_15_7) AppleWebKit/605.1.15"
May 05 05:56:49 server sshd[6653]: pam_unix(sshd:auth): authentication failure; logname= uid=0 euid=0 tty=ssh ruser= rhost=194.26.29.10 user=postgres
212.193.30.11 - - [05/May/2026:05:56:51 +0000] "GET /.aws/credentials HTTP/1.1" 404 1737 "-" "Nmap Scripting Engine"
45.33.32.156 - - [05/May/2026:05:57:41 +0000] "GET /.git/config HTTP/1.1" 500 916 "-" "Nikto/2.1.6"
10.0.0.45 - - [05/May/2026:05:58:09 +0000] "GET /static/js/app.js HTTP/1.1" 200 44965 "-" "Mozilla/5.0 (Macintosh; Intel Mac OS X 10_15_7) AppleWebKit/605.1.15"
192.168.1.10 - - [05/May/2026:05:58:33 +0000] "GET /login HTTP/1.1" 200 28797 "-" "Mozilla/5.0 (X11; Linux x86_64) AppleWebKit/537.36"
172.16.0.100 - - [05/May/2026:05:58:47 +0000] "GET /profile HTTP/1.1" 200 31602 "-" "Mozilla/5.0 (Macintosh; Intel Mac OS X 10_15_7) AppleWebKit/605.1.15"
192.168.1.22 - - [05/May/2026:05:58:58 +0000] "GET /products HTTP/1.1" 200 17234 "-" "Mozilla/5.0 (X11; Linux x86_64) AppleWebKit/537.36"
May 05 05:59:16 server sshd[4552]: Failed password for root from 185.143.223.91 port 59281 ssh2
192.168.1.15 - - [05/May/2026:05:59:21 +0000] "GET / HTTP/1.1" 200 4953 "-" "Mozilla/5.0 (Windows NT 10.0; Win64; x64) AppleWebKit/537.36"
May 05 05:59:26 server sshd[4594]: Failed password for user from 218.92.0.211 port 38566 ssh2
172.16.0.101 - - [05/May/2026:05:59:29 +0000] "GET /profile HTTP/1.1" 304 13274 "-" "Mozilla/5.0 (X11; Linux x86_64) AppleWebKit/537.36"
May 05 06:00:45 server sshd[7159]: Accepted publickey for bob from 192.168.1.10 port 63017 ssh2
May 05 06:01:29 server sshd[5216]: Accepted publickey for charlie from 192.168.1.22 port 30614 ssh2
May 05 06:01:57 server sshd[2240]: Failed password for ubuntu from 92.118.39.81 port 61863 ssh2
