192.168.1.10 - - [05/May/2026:11:39:26 +0000] "GET /login HTTP/1.1" 200 27304 "-" "Mozilla/5.0 (Windows NT 10.0; Win64; x64) AppleWebKit/537.36"
172.16.0.101 - - [05/May/2026:11:39:28 +0000] "GET /about.html HTTP/1.1" 200 21399 "-" "Mozilla/5.0 (X11; Linux x86_64) AppleWebKit/537.36"
192.168.1.22 - - [05/May/2026:11:39:35 +0000] "GET /static/css/main.css HTTP/1.1" 200 29463 "-" "Mozilla/5.0 (Macintosh; Intel Mac OS X 10_15_7) AppleWebKit/605.1.15"
172.16.0.100 - - [05/May/2026:11:40:07 +0000] "GET /about.html HTTP/1.1" 304 35874 "-" "Mozilla/5.0 (Windows NT 10.0; Win64; x64) AppleWebKit/537.36"
192.168.1.22 - - [05/May/2026:11:40:16 +0000] "GET /contact HTTP/1.1" 200 42198 "-" "Mozilla/5.0 (Windows NT 10.0; Win64; x64) AppleWebKit/537.36"
192.168.1.15 - - [05/May/2026:11:40:19 +0000] "GET /about.html HTTP/1.1" 304 14013 "-" "Mozilla/5.0 (X11; Linux x86_64) AppleWebKit/537.36"
May 05 11:40:46 server sshd[2039]: Invalid user user from 45.95.147.6
172.16.0.100 - - [05/May/2026:11:41:33 +0000] "GET /about.html HTTP/1.1" 304 26421 "-" "Mozilla/5.0 (X11; Linux x86_64) AppleWebKit/537.36"
May 05 11:42:00 server sshd[9216]: Failed password for admin from 103.143.207.52 port 46079 ssh2
192.168.1.22 - - [05/May/2026:11:42:18 +0000] "GET /contact HTTP/1.1" 304 48559 "-" "Mozilla/5.0 (Windows NT 10.0; Win64; x64) AppleWebKit/537.36"
192.168.1.22 - - [05/May/2026:11:43:02 +0000] "GET /profile HTTP/1.1" 200 2713 "-" "Mozilla/5.0 (Macintosh; Intel Mac OS X 10_15_7) AppleWebKit/605.1.15"
May 05 11:43:04 server sshd[1330]: Accepted publickey for deploy from 172.16.0.101 port 20966 ssh2
61.177.172.140 - - [05/May/2026:11:43:47 +0000] "GET /admin/ HTTP/1.1" 401 1865 "-" "Mozilla/5.0 (Macintosh; Intel Mac OS X 10_15_7) AppleWebKit/605.1.15"
May 05 11:43:47 server sshd[7408]: Accepted publickey for alice from 172.16.0.100 port 32732 ssh2
2026-05-05 11:44:12 fail2ban: Ban 139.59.45.187 after 5 failed attempts on sshd
192.168.1.10 - - [05/May/2026:11:44:24 +0000] "GET /static/css/main.css HTTP/1.1" 304 18755 "-" "Mozilla/5.0 (Macintosh; Intel Mac OS X 10_15_7) AppleWebKit/605.1.15"
May 05 11:44:50 server sshd[5490]: Accepted publickey for charlie from 172.16.0.100 port 50074 ssh2
172.16.0.101 - - [05/May/2026:11:45:23 +0000] "GET /contact HTTP/1.1" 304 2131 "-" "Mozilla/5.0 (Macintosh; Intel Mac OS X 10_15_7) AppleWebKit/605.1.15"
192.168.1.22 - - [05/May/2026:11:45:49 +0000] "GET /index.html HTTP/1.1" 200 22286 "-" "Mozilla/5.0 (Windows NT 10.0; Win64; x64) AppleWebKit/537.36"
172.16.0.100 - - [05/May/2026:11:45:58 +0000] "GET / HTTP/1.1" 200 48181 "-" "Mozilla/5.0 (Macintosh; Intel Mac OS X 10_15_7) AppleWebKit/605.1.15"
May 05 11:46:06 server sshd[5095]: Accepted publickey for deploy from 192.168.1.15 port 25497 ssh2
172.16.0.101 - - [05/May/2026:11:47:16 +0000] "GET /about.html HTTP/1.1" 200 21566 "-" "Mozilla/5.0 (X11; Linux x86_64) AppleWebKit/537.36"
10.0.0.45 - - [05/May/2026:11:47:25 +0000] "GET /dashboard HTTP/1.1" 200 4362 "-" "Mozilla/5.0 (Macintosh; Intel Mac OS X 10_15_7) AppleWebKit/605.1.15"
May 05 11:48:24 server sshd[2990]: Failed password for mysql from 103.143.207.52 port 30891 ssh2
172.16.0.101 - - [05/May/2026:11:48:34 +0000] "GET /static/js/app.js HTTP/1.1" 200 34213 "-" "Mozilla/5.0 (X11; Linux x86_64) AppleWebKit/537.36"
172.16.0.101 - - [05/May/2026:11:48:54 +0000] "GET /index.html HTTP/1.1" 200 46326 "-" "Mozilla/5.0 (Windows NT 10.0; Win64; x64) AppleWebKit/537.36"
May 05 11:48:55 server sshd[9007]: pam_unix(sshd:auth): authentication failure; logname= uid=0 euid=0 tty=ssh ruser= rhost=103.143.207.52 user=centos
192.168.1.10 - - [05/May/2026:11:49:28 +0000] "GET /static/css/main.css HTTP/1.1" 200 11688 "-" "Mozilla/5.0 (X11; Linux x86_64) AppleWebKit/537.36"
May 05 11:49:51 server sshd[7543]: Accepted publickey for deploy from 192.168.1.15 port 20606 ssh2
May 05 11:50:07 server sshd[9560]: Accepted publickey for charlie from 192.168.1.22 port 41127 ssh2
172.16.0.101 - - [05/May/2026:11:50:13 +0000] "GET /dashboard HTTP/1.1" 200 31440 "-" "Mozilla/5.0 (Macintosh; Intel Mac OS X 10_15_7) AppleWebKit/605.1.15"
172.16.0.100 - - [05/May/2026:11:50:39 +0000] "GET /about.html HTTP/1.1" 200 34791 "-" "Mozilla/5.0 (X11; Linux x86_64) AppleWebKit/537.36"
192.168.1.10 - - [05/May/2026:11:51:45 +0000] "GET /about.html HTTP/1.1" 200 31334 "-" "Mozilla/5.0 (Windows NT 10.0; Win64; x64) AppleWebKit/537.36"
May 05 11:51:59 server sshd[3690]: Accepted publickey for bob from 172.16.0.101 port 54365 ssh2
192.168.1.15 - - [05/May/2026:11:52:19 +0000] "GET /login HTTP/1.1" 200 22194 "-" "Mozilla/5.0 (Windows NT 10.0; Win64; x64) AppleWebKit/537.36"
192.168.1.15 - - [05/May/2026:11:53:39 +0000] "GET /profile HTTP/1.1" 304 15313 "-" "Mozilla/5.0 (Macintosh; Intel Mac OS X 10_15_7) AppleWebKit/605.1.15"
May 05 11:54:59 server sshd[6009]: Accepted publickey for deploy from 192.168.1.22 port 44069 ssh2
192.168.1.22 - - [05/May/2026:11:55:06 +0000] "GET /dashboard HTTP/1.1" 200 8803 "-" "Mozilla/5.0 (X11; Linux x86_64) AppleWebKit/537.36"
10.0.0.45 - - [05/May/2026:11:55:37 +0000] "GET /dashboard HTTP/1.1" 304 18669 "-" "Mozilla/5.0 (X11; Linux x86_64) AppleWebKit/537.36"
10.0.0.45 - - [05/May/2026:11:55:55 +0000] "GET / HTTP/1.1" 200 14684 "-" "Mozilla/5.0 (Windows NT 10.0; Win64; x64) AppleWebKit/537.36"
172.16.0.100 - - [05/May/2026:11:55:59 +0000] "GET /contact HTTP/1.1" 200 39339 "-" "Mozilla/5.0 (Windows NT 10.0; Win64; x64) AppleWebKit/537.36"
192.168.1.10 - - [05/May/2026:11:56:09 +0000] "GET / HTTP/1.1" 200 34035 "-" "Mozilla/5.0 (Macintosh; Intel Mac OS X 10_15_7) AppleWebKit/605.1.15"
192.168.1.22 - - [05/May/2026:11:56:27 +0000] "GET /index.html HTTP/1.1" 200 37209 "-" "Mozilla/5.0 (Macintosh; Intel Mac OS X 10_15_7) AppleWebKit/605.1.15"
May 05 11:57:22 server sshd[7948]: Accepted publickey for charlie from 192.168.1.22 port 34010 ssh2
May 05 11:57:35 server sshd[8133]: Accepted publickey for alice from 172.16.0.101 port 62735 ssh2
10.0.0.45 - - [05/May/2026:11:57:49 +0000] "GET /login HTTP/1.1" 200 35279 "-" "Mozilla/5.0 (Windows NT 10.0; Win64; x64) AppleWebKit/537.36"
May 05 11:57:56 server sshd[3341]: Accepted publickey for charlie from 192.168.1.15 port 48655 ssh2
May 05 11:58:24 server sshd[8243]: Accepted publickey for bob from 172.16.0.101 port 43657 ssh2
172.16.0.100 - - [05/May/2026:11:58:33 +0000] "GET /index.html HTTP/1.1" 200 17130 "-" "Mozilla/5.0 (X11; Linux x86_64) AppleWebKit/537.36"
172.16.0.101 - - [05/May/2026:11:59:38 +0000] "GET /static/js/app.js HTTP/1.1" 200 3378 "-" "Mozilla/5.0 (X11; Linux x86_64) AppleWebKit/537.36"
172.16.0.101 - - [05/May/2026:12:00:01 +0000] "GET /api/v1/users HTTP/1.1" 200 9127 "-" "Mozilla/5.0 (Windows NT 10.0; Win64; x64) AppleWebKit/537.36"
May 05 12:00:11 server sshd[1625]: Accepted publickey for alice from 172.16.0.101 port 44217 ssh2
May 05 12:00:17 server sshd[8446]: Accepted publickey for deploy from 172.16.0.100 port 52132 ssh2
172.16.0.101 - - [05/May/2026:12:01:42 +0000] "GET /index.html HTTP/1.1" 200 33367 "-" "Mozilla/5.0 (Windows NT 10.0; Win64; x64) AppleWebKit/537.36"
192.168.1.10 - - [05/May/2026:12:01:53 +0000] "GET /api/v1/users HTTP/1.1" 200 21093 "-" "Mozilla/5.0 (Windows NT 10.0; Win64; x64) AppleWebKit/537.36"
192.168.1.15 - - [05/May/2026:12:01:54 +0000] "GET /api/v1/users HTTP/1.1" 200 22301 "-" "Mozilla/5.0 (X11; Linux x86_64) AppleWebKit/537.36"
172.16.0.101 - - [05/May/2026:12:01:54 +0000] "GET /dashboard HTTP/1.1" 200 34338 "-" "Mozilla/5.0 (Windows NT 10.0; Win64; x64) AppleWebKit/537.36"
192.168.1.10 - - [05/May/2026:12:02:05 +0000] "GET /contact HTTP/1.1" 304 27320 "-" "Mozilla/5.0 (Windows NT 10.0; Win64; x64) AppleWebKit/537.36"
172.16.0.101 - - [05/May/2026:12:02:29 +0000] "GET /static/js/app.js HTTP/1.1" 200 8119 "-" "Mozilla/5.0 (Windows NT 10.0; Win64; x64) AppleWebKit/537.36"
192.168.1.10 - - [05/May/2026:12:02:40 +0000] "GET /login HTTP/1.1" 200 8214 "-" "Mozilla/5.0 (Macintosh; Intel Mac OS X 10_15_7) AppleWebKit/605.1.15"
10.0.0.45 - - [05/May/2026:12:03:13 +0000] "GET /api/v1/users HTTP/1.1" 200 20670 "-" "Mozilla/5.0 (X11; Linux x86_64) AppleWebKit/537.36"
May 05 12:03:46 server sshd[3774]: Failed password for centos from 45.33.32.156 port 20684 ssh2
10.0.0.45 - - [05/May/2026:12:04:08 +0000] "GET /contact HTTP/1.1" 200 13556 "-" "Mozilla/5.0 (Windows NT 10.0; Win64; x64) AppleWebKit/537.36"
192.168.1.15 - - [05/May/2026:12:04:47 +0000] "GET /static/css/main.css HTTP/1.1" 200 12165 "-" "Mozilla/5.0 (Macintosh; Intel Mac OS X 10_15_7) AppleWebKit/605.1.15"
192.168.1.22 - - [05/May/2026:12:05:16 +0000] "GET /api/v1/status HTTP/1.1" 304 24329 "-" "Mozilla/5.0 (Macintosh; Intel Mac OS X 10_15_7) AppleWebKit/605.1.15"
172.16.0.100 - - [05/May/2026:12:05:24 +0000] "GET /api/v1/users HTTP/1.1" 200 23235 "-" "Mozilla/5.0 (X11; Linux x86_64) AppleWebKit/537.36"
May 05 12:05:49 server sshd[1601]: Accepted publickey for bob from 10.0.0.45 port 58353 ssh2
172.16.0.100 - - [05/May/2026:12:06:13 +0000] "GET /api/v1/users HTTP/1.1" 200 6447 "-" "Mozilla/5.0 (X11; Linux x86_64) AppleWebKit/537.36"
192.168.1.15 - - [05/May/2026:12:06:40 +0000] "GET /api/v1/status HTTP/1.1" 200 37447 "-" "Mozilla/5.0 (Macintosh; Intel Mac OS X 10_15_7) AppleWebKit/605.1.15"
192.168.1.15 - - [05/May/2026:12:06:49 +0000] "GET / HTTP/1.1" 200 34384 "-" "Mozilla/5.0 (X11; Linux x86_64) AppleWebKit/537.36"
172.16.0.101 - - [05/May/2026:12:07:20 +0000] "GET / HTTP/1.1" 200 28117 "-" "Mozilla/5.0 (Macintosh; Intel Mac OS X 10_15_7) AppleWebKit/605.1.15"
192.168.1.10 - - [05/May/2026:12:08:21 +0000] "GET /api/v1/status HTTP/1.1" 200 11165 "-" "Mozilla/5.0 (Macintosh; Intel Mac OS X 10_15_7) AppleWebKit/605.1.15"
192.168.1.10 - - [05/May/2026:12:08:34 +0000] "GET /dashboard HTTP/1.1" 200 39400 "-" "Mozilla/5.0 (X11; Linux x86_64) AppleWebKit/537.36"
10.0.0.45 - - [05/May/2026:12:08:44 +0000] "GET /contact HTTP/1.1" 200 47906 "-" "Mozilla/5.0 (Macintosh; Intel Mac OS X 10_15_7) AppleWebKit/605.1.15"
172.16.0.100 - - [05/May/2026:12:09:27 +0000] "GET / HTTP/1.1" 200 34067 "-" "Mozilla/5.0 (Windows NT 10.0; Win64; x64) AppleWebKit/537.36"
192.168.1.22 - - [05/May/2026:12:09:30 +0000] "GET /contact HTTP/1.1" 304 7568 "-" "Mozilla/5.0 (Macintosh; Intel Mac OS X 10_15_7) AppleWebKit/605.1.15"
May 05 12:09:59 server sshd[3286]: Accepted publickey for bob from 172.16.0.100 port 28512 ssh2
172.16.0.101 - - [05/May/2026:12:10:10 +0000] "GET /about.html HTTP/1.1" 200 20654 "-" "Mozilla/5.0 (Windows NT 10.0; Win64; x64) AppleWebKit/537.36"
192.168.1.15 - - [05/May/2026:12:10:11 +0000] "GET /api/v1/users HTTP/1.1" 200 10601 "-" "Mozilla/5.0 (X11; Linux x86_64) AppleWebKit/537.36"
192.168.1.10 - - [05/May/2026:12:10:50 +0000] "GET /about.html HTTP/1.1" 200 30562 "-" "Mozilla/5.0 (Macintosh; Intel Mac OS X 10_15_7) AppleWebKit/605.1.15"
192.168.1.22 - - [05/May/2026:12:11:00 +0000] "GET /login HTTP/1.1" 200 46295 "-" "Mozilla/5.0 (Windows NT 10.0; Win64; x64) AppleWebKit/537.36"
192.168.1.15 - - [05/May/2026:12:11:08 +0000] "GET /api/v1/status HTTP/1.1" 200 44720 "-" "Mozilla/5.0 (X11; Linux x86_64) AppleWebKit/537.36"
May 05 12:11:58 server sshd[2569]: Accepted publickey for bob from 10.0.0.45 port 45400 ssh2
192.168.1.10 - - [05/May/2026:12:12:13 +0000] "GET /profile HTTP/1.1" 200 28399 "-" "Mozilla/5.0 (Windows NT 10.0; Win64; x64) AppleWebKit/537.36"
192.168.1.10 - - [05/May/2026:12:12:38 +0000] "GET /profile HTTP/1.1" 304 2262 "-" "Mozilla/5.0 (Windows NT 10.0; Win64; x64) AppleWebKit/537.36"
192.168.1.10 - - [05/May/2026:12:12:38 +0000] "GET /about.html HTTP/1.1" 200 12818 "-" "Mozilla/5.0 (Windows NT 10.0; Win64; x64) AppleWebKit/537.36"
192.168.1.15 - - [05/May/2026:12:12:56 +0000] "GET /api/v1/status HTTP/1.1" 304 604 "-" "Mozilla/5.0 (X11; Linux x86_64) AppleWebKit/537.36"
May 05 12:13:06 server sshd[3635]: Accepted publickey for alice from 10.0.0.45 port 40907 ssh2
10.0.0.45 - - [05/May/2026:12:13:19 +0000] "GET /static/css/main.css HTTP/1.1" 200 11217 "-" "Mozilla/5.0 (Macintosh; Intel Mac OS X 10_15_7) AppleWebKit/605.1.15"
192.168.1.10 - - [05/May/2026:12:13:43 +0000] "GET /index.html HTTP/1.1" 200 45461 "-" "Mozilla/5.0 (X11; Linux x86_64) AppleWebKit/537.36"
172.16.0.101 - - [05/May/2026:12:14:19 +0000] "GET /dashboard HTTP/1.1" 200 33403 "-" "Mozilla/5.0 (Macintosh; Intel Mac OS X 10_15_7) AppleWebKit/605.1.15"
172.16.0.101 - - [05/May/2026:12:14:36 +0000] "GET /static/js/app.js HTTP/1.1" 200 28186 "-" "Mozilla/5.0 (Windows NT 10.0; Win64; x64) AppleWebKit/537.36"
May 05 12:15:16 server sshd[8125]: Accepted publickey for deploy from 172.16.0.100 port 23181 ssh2
May 05 12:15:29 server sshd[7014]: Accepted publickey for deploy from 192.168.1.10 port 23281 ssh2
172.16.0.101 - - [05/May/2026:12:15:34 +0000] "GET / HTTP/1.1" 200 46870 "-" "Mozilla/5.0 (X11; Linux x86_64) AppleWebKit/537.36"
May 05 12:15:45 server sshd[3930]: Accepted publickey for alice from 172.16.0.100 port 47791 ssh2
172.16.0.101 - - [05/May/2026:12:16:16 +0000] "GET / HTTP/1.1" 304 18013 "-" "Mozilla/5.0 (Windows NT 10.0; Win64; x64) AppleWebKit/537.36"
192.168.1.10 - - [05/May/2026:12:16:18 +0000] "GET /products HTTP/1.1" 200 39544 "-" "Mozilla/5.0 (Windows NT 10.0; Win64; x64) AppleWebKit/537.36"
May 05 12:16:22 server sshd[3871]: Accepted publickey for bob from 172.16.0.100 port 25508 ssh2
172.16.0.101 - - [05/May/2026:12:17:08 +0000] "GET /products HTTP/1.1" 200 30517 "-" "Mozilla/5.0 (X11; Linux x86_64) AppleWebKit/537.36"
192.168.1.15 - - [05/May/2026:12:18:20 +0000] "GET /api/v1/users HTTP/1.1" 200 25529 "-" "Mozilla/5.0 (X11; Linux x86_64) AppleWebKit/537.36"
May 05 12:18:58 server sshd[1665]: Accepted publickey for deploy from 172.16.0.101 port 25015 ssh2
172.16.0.101 - - [05/May/2026:12:19:21 +0000] "GET /static/css/main.css HTTP/1.1" 200 12554 "-" "Mozilla/5.0 (X11; Linux x86_64) AppleWebKit/537.36"
May 05 12:20:23 server sshd[5502]: Accepted publickey for deploy from 192.168.1.15 port 32170 ssh2
192.168.1.22 - - [05/May/2026:12:20:36 +0000] "GET /login HTTP/1.1" 200 45998 "-" "Mozilla/5.0 (Windows NT 10.0; Win64; x64) AppleWebKit/537.36"
May 05 12:20:46 server sshd[2907]: Accepted publickey for deploy from 192.168.1.10 port 32559 ssh2
10.0.0.45 - - [05/May/2026:12:21:26 +0000] "GET /products HTTP/1.1" 200 30806 "-" "Mozilla/5.0 (X11; Linux x86_64) AppleWebKit/537.36"
172.16.0.100 - - [05/May/2026:12:21:32 +0000] "GET /about.html HTTP/1.1" 200 18370 "-" "Mozilla/5.0 (Windows NT 10.0; Win64; x64) AppleWebKit/537.36"
192.168.1.22 - - [05/May/2026:12:21:50 +0000] "GET /contact HTTP/1.1" 200 46965 "-" "Mozilla/5.0 (Macintosh; Intel Mac OS X 10_15_7) AppleWebKit/605.1.15"
May 05 12:22:04 server sshd[7893]: Accepted publickey for deploy from 172.16.0.101 port 61600 ssh2
10.0.0.45 - - [05/May/2026:12:22:38 +0000] "GET /login HTTP/1.1" 200 22975 "-" "Mozilla/5.0 (Macintosh; Intel Mac OS X 10_15_7) AppleWebKit/605.1.15"
192.168.1.15 - - [05/May/2026:12:23:22 +0000] "GET /api/v1/users HTTP/1.1" 200 14304 "-" "Mozilla/5.0 (X11; Linux x86_64) AppleWebKit/537.36"
192.168.1.22 - - [05/May/2026:12:23:31 +0000] "GET /api/v1/users HTTP/1.1" 304 24695 "-" "Mozilla/5.0 (Macintosh; Intel Mac OS X 10_15_7) AppleWebKit/605.1.15"
10.0.0.45 - - [05/May/2026:12:23:44 +0000] "GET / HTTP/1.1" 304 5651 "-" "Mozilla/5.0 (X11; Linux x86_64) AppleWebKit/537.36"
May 05 12:24:31 server sshd[7200]: Accepted publickey for bob from 10.0.0.45 port 59788 ssh2
10.0.0.45 - - [05/May/2026:12:24:39 +0000] "GET / HTTP/1.1" 200 36966 "-" "Mozilla/5.0 (X11; Linux x86_64) AppleWebKit/537.36"
172.16.0.101 - - [05/May/2026:12:24:48 +0000] "GET /about.html HTTP/1.1" 304 38834 "-" "Mozilla/5.0 (Windows NT 10.0; Win64; x64) AppleWebKit/537.36"
May 05 12:25:06 server sshd[3926]: Accepted publickey for charlie from 192.168.1.15 port 30427 ssh2
10.0.0.45 - - [05/May/2026:12:26:34 +0000] "GET /profile HTTP/1.1" 200 25623 "-" "Mozilla/5.0 (X11; Linux x86_64) AppleWebKit/537.36"
192.168.1.15 - - [05/May/2026:12:26:35 +0000] "GET /dashboard HTTP/1.1" 200 21432 "-" "Mozilla/5.0 (Macintosh; Intel Mac OS X 10_15_7) AppleWebKit/605.1.15"
45.95.147.6 - - [05/May/2026:12:26:40 +0000] "GET /api/v1/users?id=1; DROP TABLE users-- HTTP/1.1" 500 561 "-" "sqlmap/1.7.2"
10.0.0.45 - - [05/May/2026:12:26:48 +0000] "GET /about.html HTTP/1.1" 200 19401 "-" "Mozilla/5.0 (Windows NT 10.0; Win64; x64) AppleWebKit/537.36"
172.16.0.101 - - [05/May/2026:12:27:15 +0000] "GET /index.html HTTP/1.1" 200 1988 "-" "Mozilla/5.0 (X11; Linux x86_64) AppleWebKit/537.36"
172.16.0.101 - - [05/May/2026:12:27:26 +0000] "GET /contact HTTP/1.1" 200 40457 "-" "Mozilla/5.0 (X11; Linux x86_64) AppleWebKit/537.36"
172.16.0.100 - - [05/May/2026:12:27:32 +0000] "GET /static/css/main.css HTTP/1.1" 200 21800 "-" "Mozilla/5.0 (X11; Linux x86_64) AppleWebKit/537.36"
172.16.0.101 - - [05/May/2026:12:27:38 +0000] "GET /login HTTP/1.1" 200 11076 "-" "Mozilla/5.0 (Macintosh; Intel Mac OS X 10_15_7) AppleWebKit/605.1.15"
May 05 12:28:18 server sshd[8523]: Failed password for ubuntu from 139.59.45.187 port 36059 ssh2
May 05 12:28:43 server sshd[9195]: Accepted publickey for deploy from 192.168.1.15 port 62033 ssh2
192.168.1.15 - - [05/May/2026:12:28:46 +0000] "GET /api/v1/users HTTP/1.1" 200 21650 "-" "Mozilla/5.0 (Windows NT 10.0; Win64; x64) AppleWebKit/537.36"
May 05 12:29:51 server sshd[5011]: Accepted publickey for bob from 192.168.1.22 port 50291 ssh2
172.16.0.101 - - [05/May/2026:12:30:00 +0000] "GET /login HTTP/1.1" 200 25752 "-" "Mozilla/5.0 (Windows NT 10.0; Win64; x64) AppleWebKit/537.36"
172.16.0.100 - - [05/May/2026:12:31:16 +0000] "GET /dashboard HTTP/1.1" 304 47342 "-" "Mozilla/5.0 (Windows NT 10.0; Win64; x64) AppleWebKit/537.36"
172.16.0.101 - - [05/May/2026:12:31:28 +0000] "GET /static/css/main.css HTTP/1.1" 200 24314 "-" "Mozilla/5.0 (Macintosh; Intel Mac OS X 10_15_7) AppleWebKit/605.1.15"
172.16.0.101 - - [05/May/2026:12:31:45 +0000] "GET /static/css/main.css HTTP/1.1" 200 7291 "-" "Mozilla/5.0 (Windows NT 10.0; Win64; x64) AppleWebKit/537.36"
May 05 12:31:54 server sshd[3768]: Accepted publickey for alice from 172.16.0.100 port 44016 ssh2
192.168.1.10 - - [05/May/2026:12:32:21 +0000] "GET /api/v1/users HTTP/1.1" 200 49816 "-" "Mozilla/5.0 (Windows NT 10.0; Win64; x64) AppleWebKit/537.36"
May 05 12:32:36 server sshd[9548]: Accepted publickey for bob from 192.168.1.10 port 38902 ssh2
May 05 12:32:42 server sshd[5333]: Accepted publickey for bob from 192.168.1.15 port 26365 ssh2
192.168.1.22 - - [05/May/2026:12:32:48 +0000] "GET /api/v1/status HTTP/1.1" 200 46346 "-" "Mozilla/5.0 (Macintosh; Intel Mac OS X 10_15_7) AppleWebKit/605.1.15"
172.16.0.100 - - [05/May/2026:12:33:14 +0000] "GET /products HTTP/1.1" 200 47413 "-" "Mozilla/5.0 (Windows NT 10.0; Win64; x64) AppleWebKit/537.36"
192.168.1.22 - - [05/May/2026:12:34:09 +0000] "GET /login HTTP/1.1" 304 27097 "-" "Mozilla/5.0 (Macintosh; Intel Mac OS X 10_15_7) AppleWebKit/605.1.15"
192.168.1.22 - - [05/May/2026:12:34:18 +0000] "GET / HTTP/1.1" 200 38722 "-" "Mozilla/5.0 (Macintosh; Intel Mac OS X 10_15_7) AppleWebKit/605.1.15"
172.16.0.101 - - [05/May/2026:12:34:30 +0000] "GET /api/v1/users HTTP/1.1" 200 10102 "-" "Mozilla/5.0 (X11; Linux x86_64) AppleWebKit/537.36"
May 05 12:35:22 server sshd[9574]: Accepted publickey for charlie from 172.16.0.100 port 44534 ssh2
10.0.0.45 - - [05/May/2026:12:35:24 +0000] "GET /login HTTP/1.1" 200 11994 "-" "Mozilla/5.0 (Macintosh; Intel Mac OS X 10_15_7) AppleWebKit/605.1.15"
192.168.1.10 - - [05/May/2026:12:36:00 +0000] "GET /products HTTP/1.1" 200 15200 "-" "Mozilla/5.0 (Windows NT 10.0; Win64; x64) AppleWebKit/537.36"
May 05 12:36:17 server sshd[6840]: Accepted publickey for bob from 172.16.0.101 port 52688 ssh2
May 05 12:36:29 server sshd[4318]: Accepted publickey for bob from 172.16.0.101 port 43826 ssh2
May 05 12:36:42 server sshd[9313]: Connection closed by 45.95.147.6 [preauth]
May 05 12:37:17 server sshd[1917]: Accepted publickey for alice from 172.16.0.100 port 49270 ssh2
172.16.0.101 - - [05/May/2026:12:38:15 +0000] "GET /profile HTTP/1.1" 200 15464 "-" "Mozilla/5.0 (X11; Linux x86_64) AppleWebKit/537.36"
May 05 12:38:45 server sshd[5546]: Accepted publickey for charlie from 192.168.1.10 port 25987 ssh2
192.168.1.15 - - [05/May/2026:12:39:03 +0000] "GET /dashboard HTTP/1.1" 200 30926 "-" "Mozilla/5.0 (Windows NT 10.0; Win64; x64) AppleWebKit/537.36"
May 05 12:39:46 server sshd[9561]: Accepted publickey for bob from 192.168.1.10 port 39841 ssh2
192.168.1.10 - - [05/May/2026:12:40:20 +0000] "GET /index.html HTTP/1.1" 200 5964 "-" "Mozilla/5.0 (Macintosh; Intel Mac OS X 10_15_7) AppleWebKit/605.1.15"
192.168.1.15 - - [05/May/2026:12:41:06 +0000] "GET /products HTTP/1.1" 304 1129 "-" "Mozilla/5.0 (X11; Linux x86_64) AppleWebKit/537.36"
May 05 12:41:27 server sshd[4191]: Accepted publickey for deploy from 192.168.1.10 port 58596 ssh2
10.0.0.45 - - [05/May/2026:12:42:00 +0000] "GET /static/js/app.js HTTP/1.1" 200 22037 "-" "Mozilla/5.0 (X11; Linux x86_64) AppleWebKit/537.36"
172.16.0.100 - - [05/May/2026:12:42:20 +0000] "GET /about.html HTTP/1.1" 200 4796 "-" "Mozilla/5.0 (Macintosh; Intel Mac OS X 10_15_7) AppleWebKit/605.1.15"
172.16.0.101 - - [05/May/2026:12:42:30 +0000] "GET /login HTTP/1.1" 200 22857 "-" "Mozilla/5.0 (Macintosh; Intel Mac OS X 10_15_7) AppleWebKit/605.1.15"
192.168.1.22 - - [05/May/2026:12:42:43 +0000] "GET /index.html HTTP/1.1" 200 32454 "-" "Mozilla/5.0 (Windows NT 10.0; Win64; x64) AppleWebKit/537.36"
10.0.0.45 - - [05/May/2026:12:43:06 +0000] "GET /profile HTTP/1.1" 304 12470 "-" "Mozilla/5.0 (Windows NT 10.0; Win64; x64) AppleWebKit/537.36"
May 05 12:43:49 server sshd[6003]: Failed password for ec2-user from 92.118.39.81 port 40972 ssh2
192.168.1.10 - - [05/May/2026:12:43:49 +0000] "GET /dashboard HTTP/1.1" 200 37921 "-" "Mozilla/5.0 (X11; Linux x86_64) AppleWebKit/537.36"
May 05 12:44:20 server sshd[3574]: Accepted publickey for bob from 10.0.0.45 port 41343 ssh2
172.16.0.101 - - [05/May/2026:12:44:33 +0000] "GET /static/css/main.css HTTP/1.1" 200 15489 "-" "Mozilla/5.0 (Macintosh; Intel Mac OS X 10_15_7) AppleWebKit/605.1.15"
May 05 12:45:48 server sshd[3292]: Accepted publickey for charlie from 192.168.1.10 port 49942 ssh2
172.16.0.101 - - [05/May/2026:12:45:49 +0000] "GET /profile HTTP/1.1" 200 19819 "-" "Mozilla/5.0 (Macintosh; Intel Mac OS X 10_15_7) AppleWebKit/605.1.15"
10.0.0.45 - - [05/May/2026:12:45:53 +0000] "GET /dashboard HTTP/1.1" 200 27836 "-" "Mozilla/5.0 (Windows NT 10.0; Win64; x64) AppleWebKit/537.36"
192.168.1.22 - - [05/May/2026:12:45:59 +0000] "GET /products HTTP/1.1" 200 48125 "-" "Mozilla/5.0 (Macintosh; Intel Mac OS X 10_15_7) AppleWebKit/605.1.15"
10.0.0.45 - - [05/May/2026:12:46:20 +0000] "GET /login HTTP/1.1" 200 14588 "-" "Mozilla/5.0 (X11; Linux x86_64) AppleWebKit/537.36"
172.16.0.100 - - [05/May/2026:12:47:17 +0000] "GET /index.html HTTP/1.1" 200 42418 "-" "Mozilla/5.0 (Macintosh; Intel Mac OS X 10_15_7) AppleWebKit/605.1.15"
May 05 12:47:17 server sshd[8730]: Accepted publickey for alice from 10.0.0.45 port 28800 ssh2
May 05 12:47:30 server sshd[8979]: Accepted publickey for deploy from 192.168.1.10 port 36373 ssh2
192.168.1.10 - - [05/May/2026:12:47:54 +0000] "GET /api/v1/status HTTP/1.1" 200 47768 "-" "Mozilla/5.0 (X11; Linux x86_64) AppleWebKit/537.36"
172.16.0.101 - - [05/May/2026:12:48:20 +0000] "GET /about.html HTTP/1.1" 200 39153 "-" "Mozilla/5.0 (Macintosh; Intel Mac OS X 10_15_7) AppleWebKit/605.1.15"
172.16.0.101 - - [05/May/2026:12:49:33 +0000] "GET /index.html HTTP/1.1" 200 24173 "-" "Mozilla/5.0 (Macintosh; Intel Mac OS X 10_15_7) AppleWebKit/605.1.15"
May 05 12:49:35 server sshd[5271]: Failed password for ec2-user from 139.59.45.187 port 56482 ssh2
192.168.1.15 - - [05/May/2026:12:50:11 +0000] "GET /api/v1/status HTTP/1.1" 200 44911 "-" "Mozilla/5.0 (X11; Linux x86_64) AppleWebKit/537.36"
May 05 12:50:16 server sshd[2952]: Accepted publickey for bob from 172.16.0.101 port 62089 ssh2
May 05 12:51:01 server sshd[9827]: Accepted publickey for charlie from 192.168.1.10 port 52244 ssh2
172.16.0.101 - - [05/May/2026:12:51:18 +0000] "GET /index.html HTTP/1.1" 304 6538 "-" "Mozilla/5.0 (X11; Linux x86_64) AppleWebKit/537.36"
May 05 12:51:27 server sshd[9392]: Accepted publickey for alice from 10.0.0.45 port 44476 ssh2
May 05 12:51:49 server sshd[8675]: Failed password for admin from 103.143.207.52 port 59979 ssh2
May 05 12:52:48 server sshd[8393]: pam_unix(sshd:auth): authentication failure; logname= uid=0 euid=0 tty=ssh ruser= rhost=92.118.39.81 user=ubuntu
172.16.0.101 - - [05/May/2026:12:52:56 +0000] "GET /api/v1/status HTTP/1.1" 200 12406 "-" "Mozilla/5.0 (X11; Linux x86_64) AppleWebKit/537.36"
May 05 12:53:20 server sshd[9722]: Accepted publickey for charlie from 192.168.1.22 port 49999 ssh2
May 05 12:53:29 server sshd[1351]: Accepted publickey for deploy from 172.16.0.101 port 46310 ssh2
May 05 12:53:36 server sshd[1139]: Accepted publickey for alice from 172.16.0.100 port 34760 ssh2
192.168.1.10 - - [05/May/2026:12:54:13 +0000] "GET /dashboard HTTP/1.1" 200 8844 "-" "Mozilla/5.0 (X11; Linux x86_64) AppleWebKit/537.36"
May 05 12:54:49 server sshd[4094]: Accepted publickey for bob from 192.168.1.22 port 29717 ssh2
May 05 12:55:04 server sshd[4304]: Accepted publickey for bob from 192.168.1.22 port 39852 ssh2
192.168.1.22 - - [05/May/2026:12:55:10 +0000] "GET /contact HTTP/1.1" 200 2288 "-" "Mozilla/5.0 (Windows NT 10.0; Win64; x64) AppleWebKit/537.36"
10.0.0.45 - - [05/May/2026:12:55:56 +0000] "GET /static/css/main.css HTTP/1.1" 200 29594 "-" "Mozilla/5.0 (X11; Linux x86_64) AppleWebKit/537.36"
May 05 12:56:24 server sshd[7234]: Invalid user postgres from 212.193.30.11
May 05 12:56:37 server sshd[3668]: Accepted publickey for alice from 192.168.1.10 port 33738 ssh2
May 05 12:57:31 server sshd[7801]: Accepted publickey for charlie from 192.168.1.22 port 32516 ssh2
10.0.0.45 - - [05/May/2026:12:58:00 +0000] "GET /index.html HTTP/1.1" 200 24118 "-" "Mozilla/5.0 (Macintosh; Intel Mac OS X 10_15_7) AppleWebKit/605.1.15"
192.168.1.22 - - [05/May/2026:12:58:05 +0000] "GET /login HTTP/1.1" 200 30446 "-" "Mozilla/5.0 (Windows NT 10.0; Win64; x64) AppleWebKit/537.36"
172.16.0.101 - - [05/May/2026:12:59:27 +0000] "GET /api/v1/users HTTP/1.1" 200 43126 "-" "Mozilla/5.0 (X11; Linux x86_64) AppleWebKit/537.36"
10.0.0.45 - - [05/May/2026:13:00:26 +0000] "GET /login HTTP/1.1" 200 49125 "-" "Mozilla/5.0 (X11; Linux x86_64) AppleWebKit/537.36"
192.168.1.10 - - [05/May/2026:13:00:30 +0000] "GET /contact HTTP/1.1" 200 24859 "-" "Mozilla/5.0 (X11; Linux x86_64) AppleWebKit/537.36"
172.16.0.100 - - [05/May/2026:13:00:54 +0000] "GET /login HTTP/1.1" 200 9689 "-" "Mozilla/5.0 (X11; Linux x86_64) AppleWebKit/537.36"
May 05 13:00:56 server sshd[1743]: Accepted publickey for charlie from 192.168.1.22 port 29223 ssh2
May 05 13:01:19 server sshd[6260]: Accepted publickey for charlie from 192.168.1.22 port 21866 ssh2
May 05 13:01:23 server sshd[9151]: Accepted publickey for alice from 192.168.1.10 port 33374 ssh2
May 05 13:02:21 server sshd[1761]: Invalid user git from 194.26.29.10
192.168.1.10 - - [05/May/2026:13:03:05 +0000] "GET /static/js/app.js HTTP/1.1" 200 27702 "-" "Mozilla/5.0 (X11; Linux x86_64) AppleWebKit/537.36"
May 05 13:03:28 server sshd[6102]: Connection closed by 45.33.32.156 [preauth]
192.168.1.22 - - [05/May/2026:13:03:30 +0000] "GET /profile HTTP/1.1" 304 24458 "-" "Mozilla/5.0 (X11; Linux x86_64) AppleWebKit/537.36"
172.16.0.100 - - [05/May/2026:13:03:48 +0000] "GET /index.html HTTP/1.1" 200 23350 "-" "Mozilla/5.0 (Windows NT 10.0; Win64; x64) AppleWebKit/537.36"
172.16.0.100 - - [05/May/2026:13:04:30 +0000] "GET /contact HTTP/1.1" 304 9007 "-" "Mozilla/5.0 (Windows NT 10.0; Win64; x64) AppleWebKit/537.36"
172.16.0.101 - - [05/May/2026:13:05:14 +0000] "GET /api/v1/status HTTP/1.1" 200 44301 "-" "Mozilla/5.0 (X11; Linux x86_64) AppleWebKit/537.36"
May 05 13:05:42 server sshd[2724]: Failed password for test from 61.177.172.140 port 36369 ssh2
May 05 13:06:11 server sshd[3652]: Connection closed by 212.193.30.11 [preauth]
192.168.1.22 - - [05/May/2026:13:06:48 +0000] "GET /profile HTTP/1.1" 200 38469 "-" "Mozilla/5.0 (X11; Linux x86_64) AppleWebKit/537.36"
May 05 13:06:59 server sshd[1786]: Accepted publickey for deploy from 172.16.0.101 port 32969 ssh2
May 05 13:07:17 server sshd[4052]: Accepted publickey for charlie from 172.16.0.100 port 36730 ssh2
May 05 13:07:20 server sshd[7646]: Invalid user postgres from 45.95.147.6
May 05 13:07:21 server sshd[2581]: Accepted publickey for deploy from 10.0.0.45 port 63778 ssh2
10.0.0.45 - - [05/May/2026:13:07:28 +0000] "GET /login HTTP/1.1" 200 8221 "-" "Mozilla/5.0 (X11; Linux x86_64) AppleWebKit/537.36"
2026-05-05 13:08:08 firewall: blocked port scan from 185.143.223.91 (ports: 22,23,80,443,3306,3389)
May 05 13:08:35 server sshd[8414]: Accepted publickey for charlie from 192.168.1.15 port 48584 ssh2
May 05 13:08:48 server sshd[1416]: Accepted publickey for deploy from 192.168.1.10 port 55606 ssh2
192.168.1.15 - - [05/May/2026:13:09:55 +0000] "GET /login HTTP/1.1" 200 9787 "-" "Mozilla/5.0 (X11; Linux x86_64) AppleWebKit/537.36"
172.16.0.100 - - [05/May/2026:13:10:36 +0000] "GET /login HTTP/1.1" 200 35853 "-" "Mozilla/5.0 (Windows NT 10.0; Win64; x64) AppleWebKit/537.36"
May 05 13:10:49 server sshd[3486]: pam_unix(sshd:auth): authentication failure; logname= uid=0 euid=0 tty=ssh ruser= rhost=45.95.147.6 user=ec2-user
172.16.0.100 - - [05/May/2026:13:11:09 +0000] "GET /contact HTTP/1.1" 200 3705 "-" "Mozilla/5.0 (Macintosh; Intel Mac OS X 10_15_7) AppleWebKit/605.1.15"
172.16.0.101 - - [05/May/2026:13:11:23 +0000] "GET /profile HTTP/1.1" 304 15328 "-" "Mozilla/5.0 (X11; Linux x86_64) AppleWebKit/537.36"
172.16.0.100 - - [05/May/2026:13:12:13 +0000] "GET /index.html HTTP/1.1" 200 49990 "-" "Mozilla/5.0 (Macintosh; Intel Mac OS X 10_15_7) AppleWebKit/605.1.15"
May 05 13:12:24 server sshd[6274]: Accepted publickey for deploy from 10.0.0.45 port 28920 ssh2
192.168.1.10 - - [05/May/2026:13:12:46 +0000] "GET /api/v1/users HTTP/1.1" 304 44285 "-" "Mozilla/5.0 (Macintosh; Intel Mac OS X 10_15_7) AppleWebKit/605.1.15"
May 05 13:13:09 server sshd[7410]: Accepted publickey for bob from 192.168.1.15 port 30449 ssh2
172.16.0.100 - - [05/May/2026:13:13:41 +0000] "GET /api/v1/status HTTP/1.1" 200 15331 "-" "Mozilla/5.0 (Macintosh; Intel Mac OS X 10_15_7) AppleWebKit/605.1.15"
192.168.1.22 - - [05/May/2026:13:14:09 +0000] "GET /index.html HTTP/1.1" 304 20892 "-" "Mozilla/5.0 (X11; Linux x86_64) AppleWebKit/537.36"
May 05 13:14:57 server sshd[4372]: Accepted publickey for bob from 172.16.0.101 port 49057 ssh2
10.0.0.45 - - [05/May/2026:13:15:49 +0000] "GET /static/js/app.js HTTP/1.1" 200 8683 "-" "Mozilla/5.0 (X11; Linux x86_64) AppleWebKit/537.36"
192.168.1.22 - - [05/May/2026:13:16:02 +0000] "GET /static/js/app.js HTTP/1.1" 200 38837 "-" "Mozilla/5.0 (Windows NT 10.0; Win64; x64) AppleWebKit/537.36"
May 05 13:16:05 server sshd[4953]: Accepted publickey for charlie from 172.16.0.100 port 63575 ssh2
2026-05-05 13:16:09 firewall: rate limit exceeded for 45.95.147.6 - blocked
May 05 13:16:56 server sshd[9566]: Accepted publickey for bob from 10.0.0.45 port 26753 ssh2
May 05 13:17:22 server sshd[9109]: Failed password for postgres from 218.92.0.211 port 34508 ssh2
192.168.1.22 - - [05/May/2026:13:17:37 +0000] "GET /api/v1/users HTTP/1.1" 200 37244 "-" "Mozilla/5.0 (X11; Linux x86_64) AppleWebKit/537.36"
192.168.1.22 - - [05/May/2026:13:17:46 +0000] "GET /api/v1/status HTTP/1.1" 200 44211 "-" "Mozilla/5.0 (Macintosh; Intel Mac OS X 10_15_7) AppleWebKit/605.1.15"
10.0.0.45 - - [05/May/2026:13:17:53 +0000] "GET /profile HTTP/1.1" 200 18863 "-" "Mozilla/5.0 (X11; Linux x86_64) AppleWebKit/537.36"
May 05 13:18:06 server sshd[6909]: Accepted publickey for bob from 192.168.1.10 port 58018 ssh2
172.16.0.101 - - [05/May/2026:13:18:38 +0000] "GET /dashboard HTTP/1.1" 200 39188 "-" "Mozilla/5.0 (X11; Linux x86_64) AppleWebKit/537.36"
172.16.0.100 - - [05/May/2026:13:18:43 +0000] "GET /static/css/main.css HTTP/1.1" 200 23260 "-" "Mozilla/5.0 (X11; Linux x86_64) AppleWebKit/537.36"
10.0.0.45 - - [05/May/2026:13:18:50 +0000] "GET /login HTTP/1.1" 200 26628 "-" "Mozilla/5.0 (X11; Linux x86_64) AppleWebKit/537.36"
192.168.1.15 - - [05/May/2026:13:19:22 +0000] "GET / HTTP/1.1" 200 30528 "-" "Mozilla/5.0 (X11; Linux x86_64) AppleWebKit/537.36"
192.168.1.15 - - [05/May/2026:13:19:40 +0000] "GET /login HTTP/1.1" 200 49042 "-" "Mozilla/5.0 (Macintosh; Intel Mac OS X 10_15_7) AppleWebKit/605.1.15"
192.168.1.15 - - [05/May/2026:13:19:42 +0000] "GET / HTTP/1.1" 200 6975 "-" "Mozilla/5.0 (Macintosh; Intel Mac OS X 10_15_7) AppleWebKit/605.1.15"
May 05 13:19:58 server sshd[6875]: Accepted publickey for charlie from 192.168.1.10 port 64761 ssh2
192.168.1.15 - - [05/May/2026:13:20:34 +0000] "GET /products HTTP/1.1" 200 47813 "-" "Mozilla/5.0 (Windows NT 10.0; Win64; x64) AppleWebKit/537.36"
172.16.0.100 - - [05/May/2026:13:20:40 +0000] "GET /about.html HTTP/1.1" 200 13748 "-" "Mozilla/5.0 (Macintosh; Intel Mac OS X 10_15_7) AppleWebKit/605.1.15"
May 05 13:20:49 server sshd[6763]: Accepted publickey for charlie from 10.0.0.45 port 60396 ssh2
May 05 13:21:01 server sshd[5853]: Connection closed by 103.143.207.52 [preauth]
172.16.0.101 - - [05/May/2026:13:21:05 +0000] "GET /products HTTP/1.1" 200 47416 "-" "Mozilla/5.0 (Macintosh; Intel Mac OS X 10_15_7) AppleWebKit/605.1.15"
May 05 13:21:22 server sshd[3761]: Accepted publickey for bob from 10.0.0.45 port 41152 ssh2
192.168.1.15 - - [05/May/2026:13:21:48 +0000] "GET /api/v1/users HTTP/1.1" 200 13516 "-" "Mozilla/5.0 (Windows NT 10.0; Win64; x64) AppleWebKit/537.36"
May 05 13:22:20 server sshd[9978]: Accepted publickey for bob from 10.0.0.45 port 30158 ssh2
May 05 13:22:25 server sshd[2346]: Invalid user guest from 92.118.39.81
192.168.1.10 - - [05/May/2026:13:22:42 +0000] "GET /api/v1/users HTTP/1.1" 200 16579 "-" "Mozilla/5.0 (Windows NT 10.0; Win64; x64) AppleWebKit/537.36"
192.168.1.15 - - [05/May/2026:13:23:41 +0000] "GET /contact HTTP/1.1" 200 40622 "-" "Mozilla/5.0 (Macintosh; Intel Mac OS X 10_15_7) AppleWebKit/605.1.15"
10.0.0.45 - - [05/May/2026:13:23:51 +0000] "GET /contact HTTP/1.1" 200 35913 "-" "Mozilla/5.0 (Macintosh; Intel Mac OS X 10_15_7) AppleWebKit/605.1.15"
172.16.0.100 - - [05/May/2026:13:23:53 +0000] "GET /dashboard HTTP/1.1" 200 27522 "-" "Mozilla/5.0 (Windows NT 10.0; Win64; x64) AppleWebKit/537.36"
10.0.0.45 - - [05/May/2026:13:23:54 +0000] "GET /static/css/main.css HTTP/1.1" 200 46817 "-" "Mozilla/5.0 (Macintosh; Intel Mac OS X 10_15_7) AppleWebKit/605.1.15"
212.193.30.11 - - [05/May/2026:13:24:44 +0000] "GET /admin/ HTTP/1.1" 403 1978 "-" "Nmap Scripting Engine"
192.168.1.15 - - [05/May/2026:13:25:04 +0000] "GET /static/js/app.js HTTP/1.1" 304 43116 "-" "Mozilla/5.0 (Windows NT 10.0; Win64; x64) AppleWebKit/537.36"
172.16.0.100 - - [05/May/2026:13:25:06 +0000] "GET /api/v1/status HTTP/1.1" 304 15177 "-" "Mozilla/5.0 (Macintosh; Intel Mac OS X 10_15_7) AppleWebKit/605.1.15"
192.168.1.10 - - [05/May/2026:13:25:17 +0000] "GET /static/js/app.js HTTP/1.1" 200 39235 "-" "Mozilla/5.0 (Macintosh; Intel Mac OS X 10_15_7) AppleWebKit/605.1.15"
192.168.1.15 - - [05/May/2026:13:26:30 +0000] "GET /api/v1/status HTTP/1.1" 200 47611 "-" "Mozilla/5.0 (Macintosh; Intel Mac OS X 10_15_7) AppleWebKit/605.1.15"
172.16.0.101 - - [05/May/2026:13:26:36 +0000] "GET /dashboard HTTP/1.1" 200 28734 "-" "Mozilla/5.0 (X11; Linux x86_64) AppleWebKit/537.36"
10.0.0.45 - - [05/May/2026:13:26:48 +0000] "GET /static/js/app.js HTTP/1.1" 200 35784 "-" "Mozilla/5.0 (X11; Linux x86_64) AppleWebKit/537.36"
192.168.1.10 - - [05/May/2026:13:27:07 +0000] "GET /login HTTP/1.1" 200 48366 "-" "Mozilla/5.0 (Windows NT 10.0; Win64; x64) AppleWebKit/537.36"
May 05 13:27:21 server sshd[9841]: Accepted publickey for bob from 172.16.0.100 port 64651 ssh2
May 05 13:27:37 server sshd[6871]: Accepted publickey for alice from 192.168.1.10 port 58498 ssh2
May 05 13:28:15 server sshd[9109]: Accepted publickey for alice from 192.168.1.15 port 27831 ssh2
139.59.45.187 - - [05/May/2026:13:28:21 +0000] "POST /page?file=../../../../etc/shadow HTTP/1.1" 500 880 "-" "Nikto/2.1.6"
10.0.0.45 - - [05/May/2026:13:29:05 +0000] "GET /api/v1/status HTTP/1.1" 200 22763 "-" "Mozilla/5.0 (Macintosh; Intel Mac OS X 10_15_7) AppleWebKit/605.1.15"
May 05 13:29:11 server sshd[9186]: Invalid user test from 61.177.172.140
May 05 13:29:48 server sshd[1969]: Failed password for root from 139.59.45.187 port 64742 ssh2
172.16.0.100 - - [05/May/2026:13:30:06 +0000] "GET /api/v1/status HTTP/1.1" 200 20571 "-" "Mozilla/5.0 (Windows NT 10.0; Win64; x64) AppleWebKit/537.36"
172.16.0.100 - - [05/May/2026:13:30:39 +0000] "GET /api/v1/status HTTP/1.1" 200 45272 "-" "Mozilla/5.0 (Windows NT 10.0; Win64; x64) AppleWebKit/537.36"
172.16.0.100 - - [05/May/2026:13:30:51 +0000] "GET /index.html HTTP/1.1" 200 12852 "-" "Mozilla/5.0 (X11; Linux x86_64) AppleWebKit/537.36"
192.168.1.15 - - [05/May/2026:13:31:06 +0000] "GET /about.html HTTP/1.1" 200 33114 "-" "Mozilla/5.0 (Windows NT 10.0; Win64; x64) AppleWebKit/537.36"
May 05 13:31:36 server sshd[9312]: Accepted publickey for bob from 10.0.0.45 port 29755 ssh2
192.168.1.10 - - [05/May/2026:13:31:52 +0000] "GET /login HTTP/1.1" 200 20925 "-" "Mozilla/5.0 (Macintosh; Intel Mac OS X 10_15_7) AppleWebKit/605.1.15"
May 05 13:32:39 server sshd[8338]: Accepted publickey for deploy from 10.0.0.45 port 27627 ssh2
192.168.1.22 - - [05/May/2026:13:32:42 +0000] "GET /about.html HTTP/1.1" 200 32662 "-" "Mozilla/5.0 (Windows NT 10.0; Win64; x64) AppleWebKit/537.36"
May 05 13:33:02 server sshd[9517]: Accepted publickey for alice from 10.0.0.45 port 25960 ssh2
10.0.0.45 - - [05/May/2026:13:33:40 +0000] "GET /static/js/app.js HTTP/1.1" 200 32693 "-" "Mozilla/5.0 (Windows NT 10.0; Win64; x64) AppleWebKit/537.36"
172.16.0.100 - - [05/May/2026:13:33:42 +0000] "GET /api/v1/users HTTP/1.1" 304 34688 "-" "Mozilla/5.0 (Macintosh; Intel Mac OS X 10_15_7) AppleWebKit/605.1.15"
192.168.1.15 - - [05/May/2026:13:33:48 +0000] "GET /about.html HTTP/1.1" 200 13478 "-" "Mozilla/5.0 (Macintosh; Intel Mac OS X 10_15_7) AppleWebKit/605.1.15"
May 05 13:34:12 server sshd[6138]: Accepted publickey for bob from 192.168.1.22 port 23142 ssh2
2026-05-05 13:34:34 firewall: brute force attempt detected from 61.177.172.140, blocking for 1h
10.0.0.45 - - [05/May/2026:13:34:35 +0000] "GET /products HTTP/1.1" 200 35073 "-" "Mozilla/5.0 (Windows NT 10.0; Win64; x64) AppleWebKit/537.36"
61.177.172.140 - - [05/May/2026:13:35:34 +0000] "GET /api/v1/users?id=1; DROP TABLE users-- HTTP/1.1" 404 1141 "-" "Wget/1.21.2"
192.168.1.15 - - [05/May/2026:13:35:45 +0000] "GET /dashboard HTTP/1.1" 200 3464 "-" "Mozilla/5.0 (Macintosh; Intel Mac OS X 10_15_7) AppleWebKit/605.1.15"
May 05 13:35:58 server sshd[6247]: Accepted publickey for bob from 10.0.0.45 port 24781 ssh2
10.0.0.45 - - [05/May/2026:13:36:52 +0000] "GET /about.html HTTP/1.1" 304 16633 "-" "Mozilla/5.0 (X11; Linux x86_64) AppleWebKit/537.36"
192.168.1.22 - - [05/May/2026:13:36:57 +0000] "GET /contact HTTP/1.1" 200 12103 "-" "Mozilla/5.0 (Macintosh; Intel Mac OS X 10_15_7) AppleWebKit/605.1.15"
10.0.0.45 - - [05/May/2026:13:37:47 +0000] "GET /static/css/main.css HTTP/1.1" 200 25215 "-" "Mozilla/5.0 (Macintosh; Intel Mac OS X 10_15_7) AppleWebKit/605.1.15"
10.0.0.45 - - [05/May/2026:13:37:53 +0000] "GET / HTTP/1.1" 200 3239 "-" "Mozilla/5.0 (X11; Linux x86_64) AppleWebKit/537.36"
172.16.0.101 - - [05/May/2026:13:37:56 +0000] "GET /profile HTTP/1.1" 200 13926 "-" "Mozilla/5.0 (X11; Linux x86_64) AppleWebKit/537.36"
192.168.1.22 - - [05/May/2026:13:38:04 +0000] "GET /api/v1/users HTTP/1.1" 200 45123 "-" "Mozilla/5.0 (X11; Linux x86_64) AppleWebKit/537.36"
192.168.1.15 - - [05/May/2026:13:38:08 +0000] "GET /index.html HTTP/1.1" 200 10915 "-" "Mozilla/5.0 (Macintosh; Intel Mac OS X 10_15_7) AppleWebKit/605.1.15"
212.193.30.11 - - [05/May/2026:13:38:48 +0000] "GET /.env HTTP/1.1" 500 511 "-" "Mozilla/5.0 (X11; Linux x86_64) AppleWebKit/537.36"
192.168.1.22 - - [05/May/2026:13:38:59 +0000] "GET /products HTTP/1.1" 304 17637 "-" "Mozilla/5.0 (Windows NT 10.0; Win64; x64) AppleWebKit/537.36"
May 05 13:39:00 server sshd[3875]: Accepted publickey for charlie from 192.168.1.22 port 42945 ssh2
192.168.1.22 - - [05/May/2026:13:39:15 +0000] "GET /about.html HTTP/1.1" 200 39625 "-" "Mozilla/5.0 (Windows NT 10.0; Win64; x64) AppleWebKit/537.36"
May 05 13:39:30 server sshd[2369]: Failed password for oracle from 61.177.172.140 port 24417 ssh2
May 05 13:39:42 server sshd[1716]: Accepted publickey for charlie from 192.168.1.15 port 57276 ssh2
172.16.0.100 - - [05/May/2026:13:40:04 +0000] "GET /login HTTP/1.1" 200 9895 "-" "Mozilla/5.0 (X11; Linux x86_64) AppleWebKit/537.36"
192.168.1.10 - - [05/May/2026:13:40:12 +0000] "GET /about.html HTTP/1.1" 200 33634 "-" "Mozilla/5.0 (Windows NT 10.0; Win64; x64) AppleWebKit/537.36"
192.168.1.15 - - [05/May/2026:13:40:14 +0000] "GET /api/v1/users HTTP/1.1" 200 2158 "-" "Mozilla/5.0 (Macintosh; Intel Mac OS X 10_15_7) AppleWebKit/605.1.15"
May 05 13:40:20 server sshd[9753]: pam_unix(sshd:auth): authentication failure; logname= uid=0 euid=0 tty=ssh ruser= rhost=61.177.172.140 user=ec2-user
May 05 13:41:39 server sshd[1629]: Accepted publickey for charlie from 172.16.0.101 port 29403 ssh2
10.0.0.45 - - [05/May/2026:13:42:43 +0000] "GET / HTTP/1.1" 200 37655 "-" "Mozilla/5.0 (Windows NT 10.0; Win64; x64) AppleWebKit/537.36"
172.16.0.100 - - [05/May/2026:13:43:24 +0000] "GET /api/v1/users HTTP/1.1" 200 45253 "-" "Mozilla/5.0 (Macintosh; Intel Mac OS X 10_15_7) AppleWebKit/605.1.15"
172.16.0.100 - - [05/May/2026:13:43:48 +0000] "GET / HTTP/1.1" 200 37953 "-" "Mozilla/5.0 (X11; Linux x86_64) AppleWebKit/537.36"
May 05 13:44:14 server sshd[7364]: Connection closed by 194.26.29.10 [preauth]
May 05 13:44:16 server sshd[5912]: Accepted publickey for deploy from 192.168.1.22 port 29436 ssh2
172.16.0.101 - - [05/May/2026:13:44:22 +0000] "GET /about.html HTTP/1.1" 200 35657 "-" "Mozilla/5.0 (Macintosh; Intel Mac OS X 10_15_7) AppleWebKit/605.1.15"
May 05 13:45:29 server sshd[3048]: Accepted publickey for deploy from 172.16.0.100 port 61058 ssh2
May 05 13:46:13 server sshd[8410]: Accepted publickey for deploy from 10.0.0.45 port 49090 ssh2
172.16.0.101 - - [05/May/2026:13:46:13 +0000] "GET /contact HTTP/1.1" 304 24316 "-" "Mozilla/5.0 (Macintosh; Intel Mac OS X 10_15_7) AppleWebKit/605.1.15"
192.168.1.22 - - [05/May/2026:13:46:24 +0000] "GET /static/css/main.css HTTP/1.1" 200 47902 "-" "Mozilla/5.0 (X11; Linux x86_64) AppleWebKit/537.36"
10.0.0.45 - - [05/May/2026:13:47:01 +0000] "GET /about.html HTTP/1.1" 200 49388 "-" "Mozilla/5.0 (X11; Linux x86_64) AppleWebKit/537.36"
192.168.1.15 - - [05/May/2026:13:47:23 +0000] "GET /static/js/app.js HTTP/1.1" 200 36074 "-" "Mozilla/5.0 (X11; Linux x86_64) AppleWebKit/537.36"
172.16.0.100 - - [05/May/2026:13:47:28 +0000] "GET /contact HTTP/1.1" 200 22630 "-" "Mozilla/5.0 (X11; Linux x86_64) AppleWebKit/537.36"
May 05 13:47:56 server sshd[3954]: Accepted publickey for deploy from 10.0.0.45 port 49031 ssh2
10.0.0.45 - - [05/May/2026:13:48:08 +0000] "GET /dashboard HTTP/1.1" 304 48689 "-" "Mozilla/5.0 (X11; Linux x86_64) AppleWebKit/537.36"
192.168.1.15 - - [05/May/2026:13:48:41 +0000] "GET /api/v1/status HTTP/1.1" 200 16602 "-" "Mozilla/5.0 (X11; Linux x86_64) AppleWebKit/537.36"
May 05 13:49:43 server sshd[1864]: Failed password for root from 45.33.32.156 port 41725 ssh2
192.168.1.22 - - [05/May/2026:13:50:20 +0000] "GET /about.html HTTP/1.1" 200 20656 "-" "Mozilla/5.0 (Windows NT 10.0; Win64; x64) AppleWebKit/537.36"
61.177.172.140 - - [05/May/2026:13:51:26 +0000] "POST /.git/config HTTP/1.1" 500 1533 "-" "python-requests/2.31.0"
May 05 13:51:39 server sshd[8783]: Accepted publickey for deploy from 172.16.0.100 port 42191 ssh2
192.168.1.22 - - [05/May/2026:13:51:45 +0000] "GET /login HTTP/1.1" 200 10462 "-" "Mozilla/5.0 (Windows NT 10.0; Win64; x64) AppleWebKit/537.36"
10.0.0.45 - - [05/May/2026:13:52:42 +0000] "GET / HTTP/1.1" 200 25465 "-" "Mozilla/5.0 (Macintosh; Intel Mac OS X 10_15_7) AppleWebKit/605.1.15"
May 05 13:53:11 server sshd[6566]: Accepted publickey for charlie from 192.168.1.10 port 25571 ssh2
192.168.1.10 - - [05/May/2026:13:53:30 +0000] "GET /api/v1/status HTTP/1.1" 200 38831 "-" "Mozilla/5.0 (X11; Linux x86_64) AppleWebKit/537.36"
192.168.1.15 - - [05/May/2026:13:53:56 +0000] "GET /products HTTP/1.1" 200 10296 "-" "Mozilla/5.0 (Windows NT 10.0; Win64; x64) AppleWebKit/537.36"
172.16.0.101 - - [05/May/2026:13:53:59 +0000] "GET /profile HTTP/1.1" 200 19659 "-" "Mozilla/5.0 (X11; Linux x86_64) AppleWebKit/537.36"
10.0.0.45 - - [05/May/2026:13:54:22 +0000] "GET /dashboard HTTP/1.1" 200 11579 "-" "Mozilla/5.0 (Macintosh; Intel Mac OS X 10_15_7) AppleWebKit/605.1.15"
May 05 13:55:12 server sshd[9021]: Accepted publickey for alice from 172.16.0.100 port 40877 ssh2
May 05 13:55:21 server sshd[2314]: pam_unix(sshd:auth): authentication failure; logname= uid=0 euid=0 tty=ssh ruser= rhost=218.92.0.211 user=ftp
172.16.0.101 - - [05/May/2026:13:55:57 +0000] "GET /products HTTP/1.1" 200 29921 "-" "Mozilla/5.0 (Macintosh; Intel Mac OS X 10_15_7) AppleWebKit/605.1.15"
May 05 13:56:21 server sshd[7671]: Accepted publickey for deploy from 172.16.0.100 port 42421 ssh2
139.59.45.187 - - [05/May/2026:13:56:35 +0000] "POST /wp-admin/ HTTP/1.1" 403 719 "-" "sqlmap/1.7.2"
10.0.0.45 - - [05/May/2026:13:56:57 +0000] "GET /profile HTTP/1.1" 200 46169 "-" "Mozilla/5.0 (Macintosh; Intel Mac OS X 10_15_7) AppleWebKit/605.1.15"
172.16.0.100 - - [05/May/2026:13:57:22 +0000] "GET /products HTTP/1.1" 200 5959 "-" "Mozilla/5.0 (Macintosh; Intel Mac OS X 10_15_7) AppleWebKit/605.1.15"
May 05 13:57:58 server sshd[1376]: Accepted publickey for alice from 172.16.0.101 port 28423 ssh2
May 05 13:58:15 server sshd[4882]: Invalid user guest from 194.26.29.10
May 05 13:59:55 server sshd[2153]: pam_unix(sshd:auth): authentication failure; logname= uid=0 euid=0 tty=ssh ruser= rhost=45.95.147.6 user=guest
May 05 14:00:03 server sshd[4040]: Accepted publickey for alice from 192.168.1.15 port 26009 ssh2
10.0.0.45 - - [05/May/2026:14:00:37 +0000] "GET /api/v1/status HTTP/1.1" 200 40645 "-" "Mozilla/5.0 (Windows NT 10.0; Win64; x64) AppleWebKit/537.36"
172.16.0.101 - - [05/May/2026:14:01:00 +0000] "GET / HTTP/1.1" 200 25855 "-" "Mozilla/5.0 (Macintosh; Intel Mac OS X 10_15_7) AppleWebKit/605.1.15"
May 05 14:02:30 server sshd[8687]: Accepted publickey for bob from 172.16.0.101 port 38878 ssh2
192.168.1.10 - - [05/May/2026:14:02:46 +0000] "GET /login HTTP/1.1" 200 5713 "-" "Mozilla/5.0 (Windows NT 10.0; Win64; x64) AppleWebKit/537.36"
May 05 14:03:16 server sshd[3031]: Invalid user mysql from 212.193.30.11
192.168.1.15 - - [05/May/2026:14:03:44 +0000] "GET /api/v1/status HTTP/1.1" 200 11144 "-" "Mozilla/5.0 (Macintosh; Intel Mac OS X 10_15_7) AppleWebKit/605.1.15"
May 05 14:04:04 server sshd[8046]: Invalid user guest from 45.33.32.156
May 05 14:04:15 server sshd[5611]: Accepted publickey for charlie from 172.16.0.101 port 30568 ssh2
172.16.0.101 - - [05/May/2026:14:04:38 +0000] "GET /static/css/main.css HTTP/1.1" 200 23094 "-" "Mozilla/5.0 (X11; Linux x86_64) AppleWebKit/537.36"
172.16.0.101 - - [05/May/2026:14:05:43 +0000] "GET /api/v1/users HTTP/1.1" 200 21366 "-" "Mozilla/5.0 (X11; Linux x86_64) AppleWebKit/537.36"
10.0.0.45 - - [05/May/2026:14:06:22 +0000] "GET /products HTTP/1.1" 200 21043 "-" "Mozilla/5.0 (X11; Linux x86_64) AppleWebKit/537.36"
May 05 14:06:44 server sshd[6227]: Accepted publickey for charlie from 172.16.0.101 port 49542 ssh2
172.16.0.100 - - [05/May/2026:14:06:47 +0000] "GET /api/v1/users HTTP/1.1" 200 27352 "-" "Mozilla/5.0 (Macintosh; Intel Mac OS X 10_15_7) AppleWebKit/605.1.15"
192.168.1.10 - - [05/May/2026:14:07:11 +0000] "GET /about.html HTTP/1.1" 200 22606 "-" "Mozilla/5.0 (Windows NT 10.0; Win64; x64) AppleWebKit/537.36"
10.0.0.45 - - [05/May/2026:14:07:20 +0000] "GET /static/js/app.js HTTP/1.1" 200 10506 "-" "Mozilla/5.0 (Windows NT 10.0; Win64; x64) AppleWebKit/537.36"
May 05 14:07:47 server sshd[6189]: Accepted publickey for bob from 10.0.0.45 port 44999 ssh2
10.0.0.45 - - [05/May/2026:14:07:55 +0000] "GET /static/css/main.css HTTP/1.1" 200 10398 "-" "Mozilla/5.0 (X11; Linux x86_64) AppleWebKit/537.36"
May 05 14:08:31 server sshd[4731]: Accepted publickey for charlie from 192.168.1.22 port 32448 ssh2
May 05 14:09:15 server sshd[9036]: Accepted publickey for deploy from 10.0.0.45 port 20849 ssh2
192.168.1.22 - - [05/May/2026:14:09:19 +0000] "GET /profile HTTP/1.1" 304 28614 "-" "Mozilla/5.0 (X11; Linux x86_64) AppleWebKit/537.36"
May 05 14:09:22 server sshd[5740]: Accepted publickey for deploy from 192.168.1.10 port 29271 ssh2
10.0.0.45 - - [05/May/2026:14:09:38 +0000] "GET /about.html HTTP/1.1" 200 44133 "-" "Mozilla/5.0 (Windows NT 10.0; Win64; x64) AppleWebKit/537.36"
May 05 14:10:38 server sshd[3099]: Failed password for centos from 45.95.147.6 port 44219 ssh2
May 05 14:11:04 server sshd[6344]: Invalid user postgres from 212.193.30.11
172.16.0.101 - - [05/May/2026:14:11:36 +0000] "GET /about.html HTTP/1.1" 200 41963 "-" "Mozilla/5.0 (X11; Linux x86_64) AppleWebKit/537.36"
192.168.1.22 - - [05/May/2026:14:11:44 +0000] "GET /static/js/app.js HTTP/1.1" 200 36872 "-" "Mozilla/5.0 (Macintosh; Intel Mac OS X 10_15_7) AppleWebKit/605.1.15"
172.16.0.100 - - [05/May/2026:14:11:58 +0000] "GET /contact HTTP/1.1" 200 37416 "-" "Mozilla/5.0 (Macintosh; Intel Mac OS X 10_15_7) AppleWebKit/605.1.15"
192.168.1.10 - - [05/May/2026:14:12:20 +0000] "GET /about.html HTTP/1.1" 304 21579 "-" "Mozilla/5.0 (Windows NT 10.0; Win64; x64) AppleWebKit/537.36"
10.0.0.45 - - [05/May/2026:14:13:22 +0000] "GET /products HTTP/1.1" 200 32265 "-" "Mozilla/5.0 (Macintosh; Intel Mac OS X 10_15_7) AppleWebKit/605.1.15"
172.16.0.101 - - [05/May/2026:14:13:29 +0000] "GET /static/js/app.js HTTP/1.1" 200 13160 "-" "Mozilla/5.0 (Macintosh; Intel Mac OS X 10_15_7) AppleWebKit/605.1.15"
May 05 14:13:38 server sshd[2972]: Accepted publickey for bob from 192.168.1.15 port 39373 ssh2
